[    0.000000] Linux version 4.15.0-88-generic (buildd@lgw01-amd64-036) (gcc version 7.4.0 (Ubuntu 7.4.0-1ubuntu1~18.04.1)) #88-Ubuntu SMP Tue Feb 11 20:11:34 UTC 2020 (Ubuntu 4.15.0-88.88-generic 4.15.18)
[    0.000000] Command line: BOOT_IMAGE=/boot/vmlinuz-4.15.0-88-generic root=LABEL=cloudimg-rootfs ro console=tty1 console=ttyS0
[    0.000000] KERNEL supported cpus:
[    0.000000]   Intel GenuineIntel
[    0.000000]   AMD AuthenticAMD
[    0.000000]   Centaur CentaurHauls
[    0.000000] x86/fpu: Supporting XSAVE feature 0x001: 'x87 floating point registers'
[    0.000000] x86/fpu: Supporting XSAVE feature 0x002: 'SSE registers'
[    0.000000] x86/fpu: Supporting XSAVE feature 0x004: 'AVX registers'
[    0.000000] x86/fpu: xstate_offset[2]:  576, xstate_sizes[2]:  256
[    0.000000] x86/fpu: Enabled xstate features 0x7, context size is 832 bytes, using 'standard' format.
[    0.000000] e820: BIOS-provided physical RAM map:
[    0.000000] BIOS-e820: [mem 0x0000000000000000-0x000000000009fbff] usable
[    0.000000] BIOS-e820: [mem 0x000000000009fc00-0x000000000009ffff] reserved
[    0.000000] BIOS-e820: [mem 0x00000000000f0000-0x00000000000fffff] reserved
[    0.000000] BIOS-e820: [mem 0x0000000000100000-0x0000000082feffff] usable
[    0.000000] BIOS-e820: [mem 0x0000000082ff0000-0x0000000082ffffff] ACPI data
[    0.000000] BIOS-e820: [mem 0x00000000fec00000-0x00000000fec00fff] reserved
[    0.000000] BIOS-e820: [mem 0x00000000fee00000-0x00000000fee00fff] reserved
[    0.000000] BIOS-e820: [mem 0x00000000fffc0000-0x00000000ffffffff] reserved
[    0.000000] NX (Execute Disable) protection: active
[    0.000000] SMBIOS 2.5 present.
[    0.000000] DMI: innotek GmbH VirtualBox/VirtualBox, BIOS VirtualBox 12/01/2006
[    0.000000] Hypervisor detected: KVM
[    0.000000] e820: last_pfn = 0x82ff0 max_arch_pfn = 0x400000000
[    0.000000] MTRR: Disabled
[    0.000000] x86/PAT: MTRRs disabled, skipping PAT initialization too.
[    0.000000] CPU MTRRs all blank - virtualized system.
[    0.000000] x86/PAT: Configuration [0-7]: WB  WT  UC- UC  WB  WT  UC- UC  
[    0.000000] found SMP MP-table at [mem 0x0009fff0-0x0009ffff]
[    0.000000] Scanning 1 areas for low memory corruption
[    0.000000] RAMDISK: [mem 0x35a6d000-0x36d2dfff]
[    0.000000] ACPI: Early table checksum verification disabled
[    0.000000] ACPI: RSDP 0x00000000000E0000 000024 (v02 VBOX  )
[    0.000000] ACPI: XSDT 0x0000000082FF0030 00003C (v01 VBOX   VBOXXSDT 00000001 ASL  00000061)
[    0.000000] ACPI: FACP 0x0000000082FF00F0 0000F4 (v04 VBOX   VBOXFACP 00000001 ASL  00000061)
[    0.000000] ACPI: DSDT 0x0000000082FF0470 002325 (v02 VBOX   VBOXBIOS 00000002 INTL 20100528)
[    0.000000] ACPI: FACS 0x0000000082FF0200 000040
[    0.000000] ACPI: FACS 0x0000000082FF0200 000040
[    0.000000] ACPI: APIC 0x0000000082FF0240 00005C (v02 VBOX   VBOXAPIC 00000001 ASL  00000061)
[    0.000000] ACPI: SSDT 0x0000000082FF02A0 0001CC (v01 VBOX   VBOXCPUT 00000002 INTL 20100528)
[    0.000000] No NUMA configuration found
[    0.000000] Faking a node at [mem 0x0000000000000000-0x0000000082feffff]
[    0.000000] NODE_DATA(0) allocated [mem 0x82fc5000-0x82feffff]
[    0.000000] kvm-clock: cpu 0, msr 0:82f44001, primary cpu clock
[    0.000000] kvm-clock: Using msrs 4b564d01 and 4b564d00
[    0.000000] kvm-clock: using sched offset of 3227922790 cycles
[    0.000000] clocksource: kvm-clock: mask: 0xffffffffffffffff max_cycles: 0x1cd42e4dffb, max_idle_ns: 881590591483 ns
[    0.000000] Zone ranges:
[    0.000000]   DMA      [mem 0x0000000000001000-0x0000000000ffffff]
[    0.000000]   DMA32    [mem 0x0000000001000000-0x0000000082feffff]
[    0.000000]   Normal   empty
[    0.000000]   Device   empty
[    0.000000] Movable zone start for each node
[    0.000000] Early memory node ranges
[    0.000000]   node   0: [mem 0x0000000000001000-0x000000000009efff]
[    0.000000]   node   0: [mem 0x0000000000100000-0x0000000082feffff]
[    0.000000] Reserved but unavailable: 98 pages
[    0.000000] Initmem setup node 0 [mem 0x0000000000001000-0x0000000082feffff]
[    0.000000] ACPI: PM-Timer IO Port: 0x4008
[    0.000000] IOAPIC[0]: apic_id 2, version 32, address 0xfec00000, GSI 0-23
[    0.000000] ACPI: INT_SRC_OVR (bus 0 bus_irq 0 global_irq 2 dfl dfl)
[    0.000000] ACPI: INT_SRC_OVR (bus 0 bus_irq 9 global_irq 9 low level)
[    0.000000] Using ACPI (MADT) for SMP configuration information
[    0.000000] smpboot: Allowing 2 CPUs, 0 hotplug CPUs
[    0.000000] PM: Registered nosave memory: [mem 0x00000000-0x00000fff]
[    0.000000] PM: Registered nosave memory: [mem 0x0009f000-0x0009ffff]
[    0.000000] PM: Registered nosave memory: [mem 0x000a0000-0x000effff]
[    0.000000] PM: Registered nosave memory: [mem 0x000f0000-0x000fffff]
[    0.000000] e820: [mem 0x83000000-0xfebfffff] available for PCI devices
[    0.000000] Booting paravirtualized kernel on KVM
[    0.000000] clocksource: refined-jiffies: mask: 0xffffffff max_cycles: 0xffffffff, max_idle_ns: 7645519600211568 ns
[    0.000000] random: get_random_bytes called from start_kernel+0x99/0x4fd with crng_init=0
[    0.000000] setup_percpu: NR_CPUS:8192 nr_cpumask_bits:2 nr_cpu_ids:2 nr_node_ids:1
[    0.000000] percpu: Embedded 45 pages/cpu s147456 r8192 d28672 u1048576
[    0.000000] PV qspinlock hash table entries: 256 (order: 0, 4096 bytes)
[    0.000000] Built 1 zonelists, mobility grouping on.  Total pages: 528057
[    0.000000] Policy zone: DMA32
[    0.000000] Kernel command line: BOOT_IMAGE=/boot/vmlinuz-4.15.0-88-generic root=LABEL=cloudimg-rootfs ro console=tty1 console=ttyS0
[    0.000000] Memory: 2062364K/2145848K available (12300K kernel code, 2481K rwdata, 4264K rodata, 2428K init, 2712K bss, 83484K reserved, 0K cma-reserved)
[    0.000000] SLUB: HWalign=64, Order=0-3, MinObjects=0, CPUs=2, Nodes=1
[    0.000000] ftrace: allocating 39344 entries in 154 pages
[    0.004000] Hierarchical RCU implementation.
[    0.004000] 	RCU restricting CPUs from NR_CPUS=8192 to nr_cpu_ids=2.
[    0.004000] 	Tasks RCU enabled.
[    0.004000] RCU: Adjusting geometry for rcu_fanout_leaf=16, nr_cpu_ids=2
[    0.004000] NR_IRQS: 524544, nr_irqs: 440, preallocated irqs: 16
[    0.004000] Console: colour VGA+ 80x25
[    0.004000] console [tty1] enabled
[    0.004000] console [ttyS0] enabled
[    0.004000] ACPI: Core revision 20170831
[    0.004000] ACPI: 2 ACPI AML tables successfully acquired and loaded
[    0.004000] APIC: Switch to symmetric I/O mode setup
[    0.004000] x2apic enabled
[    0.004000] Switched APIC routing to physical x2apic.
[    0.004000] ..TIMER: vector=0x30 apic1=0 pin1=2 apic2=-1 pin2=-1
[    0.004000] tsc: Detected 2592.006 MHz processor
[    0.004005] Calibrating delay loop (skipped) preset value.. 5184.01 BogoMIPS (lpj=10368024)
[    0.005245] pid_max: default: 32768 minimum: 301
[    0.005978] Security Framework initialized
[    0.006562] Yama: becoming mindful.
[    0.007142] AppArmor: AppArmor initialized
[    0.009241] Dentry cache hash table entries: 524288 (order: 10, 4194304 bytes)
[    0.010798] Inode-cache hash table entries: 262144 (order: 9, 2097152 bytes)
[    0.012011] Mount-cache hash table entries: 8192 (order: 4, 65536 bytes)
[    0.012909] Mountpoint-cache hash table entries: 8192 (order: 4, 65536 bytes)
[    0.014120] Last level iTLB entries: 4KB 64, 2MB 8, 4MB 8
[    0.014937] Last level dTLB entries: 4KB 64, 2MB 0, 4MB 0, 1GB 4
[    0.016006] Spectre V1 : Mitigation: usercopy/swapgs barriers and __user pointer sanitization
[    0.017313] Spectre V2 : Mitigation: Full generic retpoline
[    0.018076] Spectre V2 : Spectre v2 / SpectreRSB mitigation: Filling RSB on context switch
[    0.019178] Speculative Store Bypass: Vulnerable
[    0.020001] TAA: Mitigation: TSX disabled
[    0.020701] Freeing SMP alternatives memory: 36K
[    0.130564] smpboot: CPU0: Intel(R) Core(TM) i7-9850H CPU @ 2.60GHz (family: 0x6, model: 0x9e, stepping: 0xd)
[    0.131902] Performance Events: unsupported p6 CPU model 158 no PMU driver, software events only.
[    0.132000] Hierarchical SRCU implementation.
[    0.132000] NMI watchdog: Perf event create on CPU 0 failed with -2
[    0.132001] NMI watchdog: Perf NMI watchdog permanently disabled
[    0.132987] smp: Bringing up secondary CPUs ...
[    0.134176] x86: Booting SMP configuration:
[    0.134751] .... node  #0, CPUs:      #1
[    0.004000] kvm-clock: cpu 1, msr 0:82f44041, secondary cpu clock
[    0.138907] smp: Brought up 1 node, 2 CPUs
[    0.138907] smpboot: Max logical packages: 1
[    0.140003] smpboot: Total of 2 processors activated (10368.02 BogoMIPS)
[    0.141014] devtmpfs: initialized
[    0.141014] x86/mm: Memory block size: 128MB
[    0.141390] evm: security.selinux
[    0.141939] evm: security.SMACK64
[    0.142426] evm: security.SMACK64EXEC
[    0.144002] evm: security.SMACK64TRANSMUTE
[    0.144584] evm: security.SMACK64MMAP
[    0.145108] evm: security.apparmor
[    0.145608] evm: security.ima
[    0.146065] evm: security.capability
[    0.146611] clocksource: jiffies: mask: 0xffffffff max_cycles: 0xffffffff, max_idle_ns: 7645041785100000 ns
[    0.148006] futex hash table entries: 512 (order: 3, 32768 bytes)
[    0.149288] pinctrl core: initialized pinctrl subsystem
[    0.150230] RTC time: 18:37:11, date: 03/14/20
[    0.151116] NET: Registered protocol family 16
[    0.152054] audit: initializing netlink subsys (disabled)
[    0.152793] audit: type=2000 audit(1584211036.348:1): state=initialized audit_enabled=0 res=1
[    0.153171] cpuidle: using governor ladder
[    0.153171] cpuidle: using governor menu
[    0.153180] ACPI: bus type PCI registered
[    0.153753] acpiphp: ACPI Hot Plug PCI Controller Driver version: 0.5
[    0.156061] PCI: Using configuration type 1 for base access
[    0.156810] HugeTLB registered 2.00 MiB page size, pre-allocated 0 pages
[    0.157086] ACPI: Added _OSI(Module Device)
[    0.160005] ACPI: Added _OSI(Processor Device)
[    0.160714] ACPI: Added _OSI(3.0 _SCP Extensions)
[    0.161337] ACPI: Added _OSI(Processor Aggregator Device)
[    0.162063] ACPI: Added _OSI(Linux-Dell-Video)
[    0.162666] ACPI: Added _OSI(Linux-Lenovo-NV-HDMI-Audio)
[    0.164001] ACPI: Added _OSI(Linux-HPI-Hybrid-Graphics)
[    0.164894] ACPI: Executed 1 blocks of module-level executable AML code
[    0.168285] ACPI: Interpreter enabled
[    0.168838] ACPI: (supports S0 S5)
[    0.169329] ACPI: Using IOAPIC for interrupt routing
[    0.170158] PCI: Using host bridge windows from ACPI; if necessary, use "pci=nocrs" and report a bug
[    0.171532] ACPI: Enabled 2 GPEs in block 00 to 07
[    0.176030] ACPI: PCI Root Bridge [PCI0] (domain 0000 [bus 00-ff])
[    0.176912] acpi PNP0A03:00: _OSC: OS supports [ASPM ClockPM Segments MSI]
[    0.178145] acpi PNP0A03:00: _OSC: not requesting OS control; OS requires [ExtendedConfig ASPM ClockPM MSI]
[    0.179457] acpi PNP0A03:00: fail to add MMCONFIG information, can't access extended PCI configuration space under this bridge.
[    0.180265] PCI host bridge to bus 0000:00
[    0.180838] pci_bus 0000:00: root bus resource [io  0x0000-0x0cf7 window]
[    0.181699] pci_bus 0000:00: root bus resource [io  0x0d00-0xffff window]
[    0.182738] pci_bus 0000:00: root bus resource [mem 0x000a0000-0x000bffff window]
[    0.184002] pci_bus 0000:00: root bus resource [mem 0x83000000-0xfdffffff window]
[    0.185081] pci_bus 0000:00: root bus resource [bus 00-ff]
[    0.187150] pci 0000:00:01.1: legacy IDE quirk: reg 0x10: [io  0x01f0-0x01f7]
[    0.188002] pci 0000:00:01.1: legacy IDE quirk: reg 0x14: [io  0x03f6]
[    0.188896] pci 0000:00:01.1: legacy IDE quirk: reg 0x18: [io  0x0170-0x0177]
[    0.189805] pci 0000:00:01.1: legacy IDE quirk: reg 0x1c: [io  0x0376]
[    0.211178] pci 0000:00:07.0: quirk: [io  0x4000-0x403f] claimed by PIIX4 ACPI
[    0.212009] pci 0000:00:07.0: quirk: [io  0x4100-0x410f] claimed by PIIX4 SMB
[    0.217542] ACPI: PCI Interrupt Link [LNKA] (IRQs 5 9 10 *11)
[    0.218532] ACPI: PCI Interrupt Link [LNKB] (IRQs 5 9 *10 11)
[    0.219436] ACPI: PCI Interrupt Link [LNKC] (IRQs 5 *9 10 11)
[    0.220075] ACPI: PCI Interrupt Link [LNKD] (IRQs 5 9 10 *11)
[    0.221009] SCSI subsystem initialized
[    0.221548] pci 0000:00:02.0: vgaarb: setting as boot VGA device
[    0.221548] pci 0000:00:02.0: vgaarb: VGA device added: decodes=io+mem,owns=io+mem,locks=none
[    0.222077] pci 0000:00:02.0: vgaarb: bridge control possible
[    0.224005] vgaarb: loaded
[    0.224446] ACPI: bus type USB registered
[    0.225025] usbcore: registered new interface driver usbfs
[    0.225739] usbcore: registered new interface driver hub
[    0.226521] usbcore: registered new device driver usb
[    0.228009] EDAC MC: Ver: 3.0.0
[    0.228600] PCI: Using ACPI for IRQ routing
[    0.228790] NetLabel: Initializing
[    0.229290] NetLabel:  domain hash size = 128
[    0.229977] NetLabel:  protocols = UNLABELED CIPSOv4 CALIPSO
[    0.230739] NetLabel:  unlabeled traffic allowed by default
[    0.232080] clocksource: Switched to clocksource kvm-clock
[    0.241541] VFS: Disk quotas dquot_6.6.0
[    0.242128] VFS: Dquot-cache hash table entries: 512 (order 0, 4096 bytes)
[    0.243050] AppArmor: AppArmor Filesystem Enabled
[    0.243696] pnp: PnP ACPI init
[    0.244851] pnp: PnP ACPI: found 3 devices
[    0.253576] clocksource: acpi_pm: mask: 0xffffff max_cycles: 0xffffff, max_idle_ns: 2085701024 ns
[    0.254773] NET: Registered protocol family 2
[    0.255471] TCP established hash table entries: 32768 (order: 6, 262144 bytes)
[    0.256467] TCP bind hash table entries: 32768 (order: 7, 524288 bytes)
[    0.257370] TCP: Hash tables configured (established 32768 bind 32768)
[    0.258223] UDP hash table entries: 2048 (order: 4, 65536 bytes)
[    0.259022] UDP-Lite hash table entries: 2048 (order: 4, 65536 bytes)
[    0.259879] NET: Registered protocol family 1
[    0.260493] pci 0000:00:00.0: Limiting direct PCI/PCI transfers
[    0.261281] pci 0000:00:01.0: Activating ISA DMA hang workarounds
[    0.262103] pci 0000:00:02.0: Video device with shadowed ROM at [mem 0x000c0000-0x000dffff]
[    0.263230] Unpacking initramfs...
[    0.478001] Freeing initrd memory: 19204K
[    0.478644] clocksource: tsc: mask: 0xffffffffffffffff max_cycles: 0x255cbc978bf, max_idle_ns: 440795251759 ns
[    0.479971] platform rtc_cmos: registered platform RTC device (no PNP device found)
[    0.481017] Scanning for low memory corruption every 60 seconds
[    0.482407] Initialise system trusted keyrings
[    0.483078] Key type blacklist registered
[    0.483843] workingset: timestamp_bits=36 max_order=19 bucket_order=0
[    0.485475] zbud: loaded
[    0.486250] squashfs: version 4.0 (2009/01/31) Phillip Lougher
[    0.487182] fuse init (API version 7.26)
[    0.489442] Key type asymmetric registered
[    0.489990] Asymmetric key parser 'x509' registered
[    0.490663] Block layer SCSI generic (bsg) driver version 0.4 loaded (major 246)
[    0.491756] io scheduler noop registered
[    0.492399] io scheduler deadline registered
[    0.493010] io scheduler cfq registered (default)
[    0.493878] ACPI: AC Adapter [AC] (on-line)
[    0.494485] input: Power Button as /devices/LNXSYSTM:00/LNXPWRBN:00/input/input0
[    0.495608] ACPI: Power Button [PWRF]
[    0.496209] input: Sleep Button as /devices/LNXSYSTM:00/LNXSLPBN:00/input/input1
[    0.497210] ACPI: Sleep Button [SLPF]
[    0.498368] ACPI: Battery Slot [BAT0] (battery present)
[    0.499274] Serial: 8250/16550 driver, 32 ports, IRQ sharing enabled
[    0.521077] 00:02: ttyS0 at I/O 0x3f8 (irq = 4, base_baud = 115200) is a 16550A
[    0.524730] Linux agpgart interface v0.103
[    0.526263] loop: module loaded
[    0.527084] scsi host0: ata_piix
[    0.531473] scsi host1: ata_piix
[    0.532049] ata1: PATA max UDMA/33 cmd 0x1f0 ctl 0x3f6 bmdma 0xd000 irq 14
[    0.533159] ata2: PATA max UDMA/33 cmd 0x170 ctl 0x376 bmdma 0xd008 irq 15
[    0.534438] libphy: Fixed MDIO Bus: probed
[    0.535004] tun: Universal TUN/TAP device driver, 1.6
[    0.535871] PPP generic driver version 2.4.2
[    0.536689] ehci_hcd: USB 2.0 'Enhanced' Host Controller (EHCI) Driver
[    0.537552] ehci-pci: EHCI PCI platform driver
[    0.538283] ehci-platform: EHCI generic platform driver
[    0.538960] ohci_hcd: USB 1.1 'Open' Host Controller (OHCI) Driver
[    0.539761] ohci-pci: OHCI PCI platform driver
[    0.540520] ohci-platform: OHCI generic platform driver
[    0.541269] uhci_hcd: USB Universal Host Controller Interface driver
[    0.542229] i8042: PNP: PS/2 Controller [PNP0303:PS2K,PNP0f03:PS2M] at 0x60,0x64 irq 1,12
[    0.543639] serio: i8042 KBD port at 0x60,0x64 irq 1
[    0.544399] serio: i8042 AUX port at 0x60,0x64 irq 12
[    0.545315] mousedev: PS/2 mouse device common for all mice
[    0.546528] rtc_cmos rtc_cmos: rtc core: registered rtc_cmos as rtc0
[    0.547390] rtc_cmos rtc_cmos: alarms up to one day, 114 bytes nvram
[    0.548420] input: AT Translated Set 2 keyboard as /devices/platform/i8042/serio0/input/input2
[    0.549547] i2c /dev entries driver
[    0.550165] device-mapper: uevent: version 1.0.3
[    0.550941] device-mapper: ioctl: 4.37.0-ioctl (2017-09-20) initialised: dm-devel@redhat.com
[    0.552187] ledtrig-cpu: registered to indicate activity on CPUs
[    0.553329] NET: Registered protocol family 10
[    0.555938] Segment Routing with IPv6
[    0.556547] NET: Registered protocol family 17
[    0.557230] Key type dns_resolver registered
[    0.557966] mce: Using 0 MCE banks
[    0.558462] RAS: Correctable Errors collector initialized.
[    0.559177] sched_clock: Marking stable (557950298, 0)->(699254937, -141304639)
[    0.560584] registered taskstats version 1
[    0.561137] Loading compiled-in X.509 certificates
[    0.563097] Loaded X.509 cert 'Build time autogenerated kernel key: f0020782f0d3a548186fb3f47aed88387a71e859'
[    0.564363] zswap: loaded using pool lzo/zbud
[    0.566946] Key type big_key registered
[    0.567545] Key type trusted registered
[    0.568976] Key type encrypted registered
[    0.569529] AppArmor: AppArmor sha1 policy hashing enabled
[    0.570241] ima: No TPM chip found, activating TPM-bypass! (rc=-19)
[    0.571054] ima: Allocated hash algorithm: sha1
[    0.571661] evm: HMAC attrs: 0x1
[    0.572487]   Magic number: 12:523:645
[    0.573108] rtc_cmos rtc_cmos: setting system clock to 2020-03-14 18:37:11 UTC (1584211031)
[    0.574296] BIOS EDD facility v0.16 2004-Jun-25, 0 devices found
[    0.575149] EDD information not available.
[    0.719752] Freeing unused kernel image memory: 2428K
[    0.728647] Write protecting the kernel read-only data: 20480k
[    0.730054] Freeing unused kernel image memory: 2008K
[    0.730955] Freeing unused kernel image memory: 1880K
[    0.737870] x86/mm: Checked W+X mappings: passed, no W+X pages found.
Loading, please wait...
starting version 237
[    0.777260] e1000: Intel(R) PRO/1000 Network Driver - version 7.3.21-k8-NAPI
[    0.778366] e1000: Copyright (c) 1999-2006 Intel Corporation.
[    0.779181] Fusion MPT base driver 3.04.20
[    0.779753] Copyright (c) 1999-2008 LSI Corporation
[    0.783421] Fusion MPT SPI Host driver 3.04.20
[    0.794791] AVX2 version of gcm_enc/dec engaged.
[    0.795528] AES CTR mode by8 optimization enabled
[    1.015639] input: ImExPS/2 Generic Explorer Mouse as /devices/platform/i8042/serio1/input/input4
[    1.147254] e1000 0000:00:03.0 eth0: (PCI:33MHz:32-bit) 02:fa:82:eb:a2:e9
[    1.148802] e1000 0000:00:03.0 eth0: Intel(R) PRO/1000 Network Connection
[    1.150549] mptbase: ioc0: Initiating bringup
[    1.151504] e1000 0000:00:03.0 enp0s3: renamed from eth0
[    1.641190] ioc0: LSI53C1030 A0: Capabilities={Initiator}
[    5.025217] scsi host2: ioc0: LSI53C1030 A0, FwRev=00000000h, Ports=1, MaxQ=256, IRQ=20
[    6.611953] scsi 2:0:0:0: Direct-Access     VBOX     HARDDISK         1.0  PQ: 0 ANSI: 5
[    7.669731] scsi target2:0:0: Beginning Domain Validation
[    7.677191] scsi target2:0:0: Domain Validation skipping write tests
[    7.678552] scsi target2:0:0: Ending Domain Validation
[    7.679392] scsi target2:0:0: asynchronous
[    7.680769] scsi 2:0:1:0: Direct-Access     VBOX     HARDDISK         1.0  PQ: 0 ANSI: 5
[    8.221449] scsi target2:0:1: Beginning Domain Validation
[    8.227701] random: fast init done
[    8.228443] scsi target2:0:1: Domain Validation skipping write tests
[    8.229419] scsi target2:0:1: Ending Domain Validation
[    8.230340] scsi target2:0:1: asynchronous
[    8.234600] random: systemd-udevd: uninitialized urandom read (16 bytes read)
[    8.235538] random: systemd-udevd: uninitialized urandom read (16 bytes read)
[    8.236541] random: systemd-udevd: uninitialized urandom read (16 bytes read)
[    8.236542] sd 2:0:0:0: Attached scsi generic sg0 type 0
[    8.238590] sd 2:0:0:0: [sda] 20971520 512-byte logical blocks: (10.7 GB/10.0 GiB)
[    8.239775] sd 2:0:1:0: Attached scsi generic sg1 type 0
[    8.239789] sd 2:0:0:0: [sda] Write Protect is off
[    8.241533] sd 2:0:1:0: [sdb] 20480 512-byte logical blocks: (10.5 MB/10.0 MiB)
[    8.242487] sd 2:0:0:0: [sda] Incomplete mode parameter data
[    8.243232] sd 2:0:0:0: [sda] Assuming drive cache: write through
[    8.244024] sd 2:0:1:0: [sdb] Write Protect is off
[    8.245194] sd 2:0:1:0: [sdb] Incomplete mode parameter data
[    8.245927] sd 2:0:1:0: [sdb] Assuming drive cache: write through
[    8.248234]  sda: sda1
[    8.249462] sd 2:0:0:0: [sda] Attached SCSI disk
[    8.250268] sd 2:0:1:0: [sdb] Attached SCSI disk
Begin: Loading essential drivers ... [    9.800061] raid6: sse2x1   gen() 14335 MB/s
[    9.848407] raid6: sse2x1   xor()  8514 MB/s
[    9.896234] raid6: sse2x2   gen() 17514 MB/s
[    9.944063] raid6: sse2x2   xor() 11514 MB/s
[    9.992366] raid6: sse2x4   gen() 18872 MB/s
[   10.040202] raid6: sse2x4   xor() 11141 MB/s
[   10.088012] raid6: avx2x1   gen() 28906 MB/s
[   10.136361] raid6: avx2x1   xor() 16458 MB/s
[   10.184183] raid6: avx2x2   gen() 32715 MB/s
[   10.232011] raid6: avx2x2   xor() 21543 MB/s
[   10.280427] raid6: avx2x4   gen() 37215 MB/s
[   10.328243] raid6: avx2x4   xor() 22625 MB/s
[   10.328843] raid6: using algorithm avx2x4 gen() 37215 MB/s
[   10.329552] raid6: .... xor() 22625 MB/s, rmw enabled
[   10.330215] raid6: using avx2x2 recovery algorithm
[   10.331763] xor: automatically using best checksumming function   avx       
[   10.333633] async_tx: api initialized (async)
done.
Begin: Running /scripts/init-premount ... done.
Begin: Mounting root file system ... Begin: Running /scripts/local-top ... done.
Begin: Running /scripts/local-premount ... [   10.364820] Btrfs loaded, crc32c=crc32c-intel
Scanning for Btrfs filesystems
done.
Warning: fsck not present, so skipping root file system
[   10.394032] EXT4-fs (sda1): mounted filesystem with ordered data mode. Opts: (null)
done.
Begin: Running /scripts/local-bottom ... done.
Begin: Running /scripts/init-bottom ... done.
[   10.518841] ip_tables: (C) 2000-2006 Netfilter Core Team
[   10.525711] systemd[1]: systemd 237 running in system mode. (+PAM +AUDIT +SELINUX +IMA +APPARMOR +SMACK +SYSVINIT +UTMP +LIBCRYPTSETUP +GCRYPT +GNUTLS +ACL +XZ +LZ4 +SECCOMP +BLKID +ELFUTILS +KMOD -IDN2 +IDN -PCRE2 default-hierarchy=hybrid)
[   10.528479] systemd[1]: Detected virtualization oracle.
[   10.529209] systemd[1]: Detected architecture x86-64.

Welcome to [1mUbuntu 18.04.4 LTS[0m!

[   10.533230] systemd[1]: Set hostname to <ubuntu>.
[   10.538344] systemd[1]: Initializing machine ID from random generator.
[   10.539236] systemd[1]: Installed transient /etc/machine-id file.
[   10.739353] systemd[1]: Started Forward Password Requests to Wall Directory Watch.
[[0;32m  OK  [0m] Started Forward Password Requests to Wall Directory Watch.
[   10.741597] systemd[1]: Created slice System Slice.
[[0;32m  OK  [0m] Created slice System Slice.
[   10.742494] systemd[1]: Listening on LVM2 metadata daemon socket.
[[0;32m  OK  [0m] Listening on LVM2 metadata daemon socket.
[   10.743568] systemd[1]: Listening on Network Service Netlink Socket.
[[0;32m  OK  [0m] Listening on Network Service Netlink Socket.
[[0;32m  OK  [0m] Created slice system-serial\x2dgetty.slice.
[[0;32m  OK  [0m] Listening on Syslog Socket.
[[0;32m  OK  [0m] Listening on Journal Socket (/dev/log).
[[0;32m  OK  [0m] Listening on Journal Audit Socket.
[[0;32m  OK  [0m] Listening on Journal Socket.
         Starting Set the console keyboard layout...
         Mounting POSIX Message Queue File System...
         Mounting Kernel Debug File System...
         Starting Journal Service...
[[0;32m  OK  [0m] Listening on LVM2 poll daemon socket.
         Starting Uncomplicated firewall...
[[0;32m  OK  [0m] Reached target Swap.
[[0;32m  OK  [0m] Set up automount Arbitrary Executabâ€¦rmats File System Automount Point.
[[0;32m  OK  [0m] Created slice User and Session Slice.
[[0;32m  OK  [0m] Reached target Slices.
         Mounting Huge Pages File System...
[[0;32m  OK  [0m] Listening on udev Control Socket.
[[0;32m  OK  [0m] Reached target User and Group Name Lookups.
         Starting Load Kernel Modules...
[[0;32m  OK  [0m] Listening on Device-mapper event daemon FIFOs.
         Starting Monitoring of LVM2 mirrorsâ€¦ng dmeventd or progress polling...
[[0;32m  OK  [0m] Listening on /dev/initctl Compatibility Named Pipe.
[   12.242861] Loading iSCSI transport class v2.0-870.
[   12.247459] iscsi: registered transport (tcp)
[[0;32m  OK  [0m] Listening on udev Kernel Socket.
         Starting udev Coldplug all Devices...
[   12.262105] iscsi: registered transport (iser)
[[0;32m  OK  [0m] Reached target System Time Synchronized.
         Starting Remount Root and Kernel File Systems...
         Starting Create list of required stâ€¦ce nodes for the current kernel...
[[0;32m  OK  [0m] Started Journal Service.
[[0;32m  OK  [0m] Started Set the console keyboard layout.
[[   12.308267] EXT4-fs (sda1): re-mounted. Opts: (null)
[0;32m  OK  [0m] Mounted POSIX Message Queue File System.
[[0;32m  OK  [0m] Mounted Kernel Debug File System.
[[0;32m  OK  [0m] Started Uncomplicated firewall.
[[0;32m  OK  [0m] Mounted Huge Pages File System.
[[0;32m  OK  [0m] Started Load Kernel Modules.
[[0;32m  OK  [0m] Started Remount Root and Kernel File Systems.
[[0;32m  OK  [0m] Started Create list of required staâ€¦vice nodes for the current kernel.
[[0;32m  OK  [0m] Started LVM2 metadata daemon.
         Starting Create Static Device Nodes in /dev...
         Starting Load/Save Random Seed...
         Mounting FUSE Control File System...
         Starting Apply Kernel Variables...
         Mounting Kernel Configuration File System...
         Starting Flush Journal to Persistent Storage...
[[0;32m  OK  [0m] Started Monitoring of LVM2 mirrors,â€¦sing dmeventd or progress polling.
[[0;32m  OK  [0m] Started udev Coldplug all Devices.
[[0;32m  OK  [0m] Started Load/Save Random Seed.
[[0;32m  OK  [0m] Mounted FUSE Control File System.
[[0;32m  OK  [0m] Mounted Kernel Configuration File System.
[[0;32m  OK  [0m] Started Create Static Device Nodes in /dev.
         Starting udev Kernel Device Manager...
[[0;32m  OK  [0m] Reached target Local File Systems (Pre).
[[0;32m  OK  [0m] Reached target Local File Systems.
         Starting Commit a transient machine-id on disk...
         Starting AppArmor initialization...
         Starting Set console font and keymap...
         Starting Tell Plymouth To Write Out Runtime Data...
         Starting ebtables ruleset management...
[[0;32m  OK  [0m] Started udev Kernel Device Manager.
[[0;32m  OK  [0m] Started Apply Kernel Variables.
[[0;32m  OK  [0m] Started Dispatch Password Requests to Console Directory Watch.
[[0;32m  OK  [0m] Reached target Local Encrypted Volumes.
[[0;32m  OK  [0m] Started Set console font and keymap.
[[0;32m  OK  [0m] Started Tell Plymouth To Write Out Runtime Data.
[[0;32m  OK  [0m] Started Flush Journal to Persistent Storage.
[[0;32m  OK  [0m] Started Commit a transient machine-id on disk.
         Starting Create Volatile Files and Directories...
[[0;32m  OK  [0m] Started Create Volatile Files and Directories.
[[0;32m  OK  [0m] Started ebtables ruleset management.
         Starting Update UTMP about System Boot/Shutdown...
[[0;32m  OK  [0m] Found device /dev/ttyS0.
[[0;32m  OK  [0m] Started Update UTMP about System Boot/Shutdown.
[[0;32m  OK  [0m] Listening on Load/Save RF Kill Switch Status /dev/rfkill Watch.
[[0;32m  OK  [0m] Started AppArmor initialization.
         Starting Initial cloud-init job (pre-networking)...
[   13.847610] cloud-init[543]: Cloud-init v. 19.4-33-gbb4131a2-0ubuntu1~18.04.1 running 'init-local' at Sat, 14 Mar 2020 18:37:24 +0000. Up 13.60 seconds.
[[0;32m  OK  [0m] Started Initial cloud-init job (pre-networking).
[[0;32m  OK  [0m] Reached target Network (Pre).
         Starting Network Service...
[[0;32m  OK  [0m] Started Network Service.
         Starting Network Name Resolution...
         Starting Wait for Network to be Configured...
[[0;32m  OK  [0m] Started Wait for Network to be Configured.
         Starting Initial cloud-init job (metadata service crawler)...
[[0;32m  OK  [0m] Started Network Name Resolution.
[[0;32m  OK  [0m] Reached target Host and Network Name Lookups.
[[0;32m  OK  [0m] Reached target Network.
[   15.604468] cloud-init[652]: Cloud-init v. 19.4-33-gbb4131a2-0ubuntu1~18.04.1 running 'init' at Sat, 14 Mar 2020 18:37:26 +0000. Up 15.51 seconds.
[   15.605303] cloud-init[652]: ci-info: ++++++++++++++++++++++++++++++++++++++Net device info++++++++++++++++++++++++++++++++++++++
[   15.605980] cloud-init[652]: ci-info: +--------+------+----------------------------+---------------+--------+-------------------+
[   15.606633] cloud-init[652]: ci-info: | Device |  Up  |          Address           |      Mask     | Scope  |     Hw-Address    |
[   15.607517] cloud-init[652]: ci-info: +--------+------+----------------------------+---------------+--------+-------------------+
[   15.608391] cloud-init[652]: ci-info: | enp0s3 | True |         10.0.2.15          | 255.255.255.0 | global | 02:fa:82:eb:a2:e9 |
[   15.609310] cloud-init[652]: ci-info: | enp0s3 | True | fe80::fa:82ff:feeb:a2e9/64 |       .       |  link  | 02:fa:82:eb:a2:e9 |
[   15.610146] cloud-init[652]: ci-info: |   lo   | True |         127.0.0.1          |   255.0.0.0   |  host  |         .         |
[   15.610971] cloud-init[652]: ci-info: |   lo   | True |          ::1/128           |       .       |  host  |         .         |
[   15.611862] cloud-init[652]: ci-info: +--------+------+----------------------------+---------------+--------+-------------------+
[   15.612708] cloud-init[652]: ci-info: ++++++++++++++++++++++++++++Route IPv4 info+++++++++++++++++++++++++++++
[   15.613437] cloud-init[652]: ci-info: +-------+-------------+----------+-----------------+-----------+-------+
[   15.614250] cloud-init[652]: ci-info: | Route | Destination | Gateway  |     Genmask     | Interface | Flags |
[   15.615166] cloud-init[652]: ci-info: +-------+-------------+----------+-----------------+-----------+-------+
[   15.615896] cloud-init[652]: ci-info: |   0   |   0.0.0.0   | 10.0.2.2 |     0.0.0.0     |   enp0s3  |   UG  |
[   15.616923] cloud-init[652]: ci-info: |   1   |   10.0.2.0  | 0.0.0.0  |  255.255.255.0  |   enp0s3  |   U   |
[   15.617700] cloud-init[652]: ci-info: |   2   |   10.0.2.2  | 0.0.0.0  | 255.255.255.255 |   enp0s3  |   UH  |
[   15.618465] cloud-init[652]: ci-info: +-------+-------------+----------+-----------------+-----------+-------+
[   15.619285] cloud-init[652]: ci-info: +++++++++++++++++++Route IPv6 info+++++++++++++++++++
[   15.619894] cloud-init[652]: ci-info: +-------+-------------+---------+-----------+-------+
[   15.620521] cloud-init[652]: ci-info: | Route | Destination | Gateway | Interface | Flags |
[   15.621189] cloud-init[652]: ci-info: +-------+-------------+---------+-----------+-------+
[   15.621800] cloud-init[652]: ci-info: |   1   |  fe80::/64  |    ::   |   enp0s3  |   U   |
[   15.622462] cloud-init[652]: ci-info: |   3   |    local    |    ::   |   enp0s3  |   U   |
[   15.623072] cloud-init[652]: ci-info: |   4   |   ff00::/8  |    ::   |   enp0s3  |   U   |
[   15.623683] cloud-init[652]: ci-info: +-------+-------------+---------+-----------+-------+
[   16.168476] cloud-init[652]: Generating public/private rsa key pair.
[   16.168976] cloud-init[652]: Your identification has been saved in /etc/ssh/ssh_host_rsa_key.
[   16.169524] cloud-init[652]: Your public key has been saved in /etc/ssh/ssh_host_rsa_key.pub.
[   16.170025] cloud-init[652]: The key fingerprint is:
[   16.180426] cloud-init[652]: SHA256:GVJoyq3ZwdXlapVLi3Zlce5q8qVqH2pETHf5+lnrlj0 root@ubuntu-bionic
[   16.180993] cloud-init[652]: The key's randomart image is:
[   16.196513] cloud-init[652]: +---[RSA 2048]----+
[   16.196851] cloud-init[652]: |       ... .. . o|
[[   16.208469] [0;32m  OK  [0mcloud-init] [652]: Started Initial cloud-init job (metadata service crawler).|      o.. .....=.|

[   16.210263] cloud-init[652]: |   . =...  o=.o.o|
[[   16.210905] [0;32m  OK  [0mcloud-init] [652]: Reached target System Initialization.|    o +. o =o= ..|

[   16.212026] cloud-init[652]: |     + .S =.+  ..|
[   16.225471] cloud-init[652]: |    o .  o .. ...|
         [   16.225536] Starting LXD - unix socket.cloud-init
[652]: |           .. +.B|
         [   16.236282] Starting Socket activation for snappy daemon.cloud-init
[652]: |            o= Eo|
[   16.237138] cloud-init[652]: |           ooo*..|
[   16.237620] cloud-init[652]: +----[SHA256]-----+
[[   16.249691] [0;32m  OK  [0mcloud-init] [652]: Started ACPI Events Check.Generating public/private dsa key pair.

[[0;32m  OK  [0m[   16.250712] ] cloud-initListening on D-Bus System Message Bus Socket.[652]: 
Your identification has been saved in /etc/ssh/ssh_host_dsa_key.
[   16.251780] cloud-init[652]: Your public key has been saved in /etc/ssh/ssh_host_dsa_key.pub.
[[   16.251830] [0;32m  OK  [0mcloud-init] [652]: Started Daily apt download activities.The key fingerprint is:

[[   16.253031] cloud-init[652]: SHA256:W5mP5yIAdkWUVGcBe5gao+U6GxNmZVSvYaVgzPQAmR8 root@ubuntu-bionic
[   16.253090] cloud-init[652]: The key's randomart image is:
[   16.253379] cloud-init[652]: +---[DSA 1024]----+
[   16.253657] cloud-init[652]: |      .@X++.=.   |
[   16.253931] cloud-init[652]: |      ooE+ X     |
[   16.254215] cloud-init[652]: |       o*.O o    |
[   16.254490] cloud-init[652]: |    o .*.= *     |
[   16.254764] cloud-init[652]: |   . o= S =      |
[   16.255040] cloud-init[652]: |     o.o o o     |
[   16.255329] cloud-init[652]: |      =.. . o    |
[   16.255601] cloud-init[652]: |       =. .o     |
[   16.255879] cloud-init[652]: |      .  . ..    |
[   16.256269] cloud-init[652]: +----[SHA256]-----+
[   16.256538] cloud-init[652]: Generating public/private ecdsa key pair.
[   16.256816] cloud-init[652]: Your identification has been saved in /etc/ssh/ssh_host_ecdsa_key.
[   16.257109] cloud-init[652]: Your public key has been saved in /etc/ssh/ssh_host_ecdsa_key.pub.
[   16.257381] cloud-init[652]: The key fingerprint is:
[   16.257658] cloud-init[652]: SHA256:qiDsvFdkQQ38ckDF8pZT2MciIOE7EOkozOOsebqUW8o root@ubuntu-bionic
[   16.257933] cloud-init[652]: The key's randomart image is:
[   16.258212] cloud-init[652]: +---[ECDSA 256]---+
[   16.258485] cloud-init[652]: | ..o==*.o .      |
[   16.258759] cloud-init[652]: | .o .= = + o     |
[   16.259040] cloud-init[652]: |=. .  * + o      |
[   16.259311] cloud-init[652]: |o=. .+ B         |
[   16.259583] cloud-init[652]: |+ .oo + S        |
[   16.259856] cloud-init[652]: |.o. .. .         |
[   16.260032] cloud-init[652]: |o=... .          |
[   16.260294] cloud-init[652]: |B.=o .           |
[   16.260564] cloud-init[652]: |oEo .            |
[   16.260839] cloud-init[652]: +----[SHA256]-----+
[   16.261126] cloud-init[652]: Generating public/private ed25519 key pair.
[   16.261397] cloud-init[652]: Your identification has been saved in /etc/ssh/ssh_host_ed25519_key.
[   16.261671] cloud-init[652]: Your public key has been saved in /etc/ssh/ssh_host_ed25519_key.pub.
[   16.261955] cloud-init[652]: The key fingerprint is:
[   16.262222] cloud-init[652]: SHA256:NQld8Mb13UYWFbtBAp3yxNoYZr1WJs4IuX5SJ64XaA0 root@ubuntu-bionic
[   16.262499] cloud-init[652]: The key's randomart image is:
[   16.262772] cloud-init[652]: +--[ED25519 256]--+
[   16.263058] cloud-init[652]: |        ..o+*.o+B|
[   16.263329] cloud-init[652]: |         +.O Oo*+|
[   16.263602] cloud-init[652]: |          O / =o=|
[   16.263887] cloud-init[652]: |         E O O .o|
[   16.264255] cloud-init[652]: |        S * +  . |
[   16.264522] cloud-init[652]: |         = =     |
[   16.264795] cloud-init[652]: |        . + .    |
[   16.265079] cloud-init[652]: |         . .     |
[   16.265373] cloud-init[652]: |          .      |
[   16.265630] cloud-init[652]: +----[SHA256]-----+
[0;32m  OK  [0m] Started Message of the Day.
[[0;32m  OK  [0m] Started Discard unused blocks once a week.
[[0;32m  OK  [0m] Listening on ACPID Listen Socket.
[[0;32m  OK  [0m] Reached target Paths.
[[0;32m  OK  [0m] Started Daily Cleanup of Temporary Directories.
[[0;32m  OK  [0m] Started Daily apt upgrade and clean activities.
[[0;32m  OK  [0m] Reached target Timers.
[[0;32m  OK  [0m] Listening on Open-iSCSI iscsid Socket.
[[0;32m  OK  [0m] Listening on UUID daemon activation socket.
[[0;32m  OK  [0m] Reached target Network is Online.
         Starting Availability of block devices...
[[0;32m  OK  [0m] Reached target Remote File Systems (Pre).
[[0;32m  OK  [0m] Reached target Remote File Systems.
[[0;32m  OK  [0m] Reached target Cloud-config availability.
[[0;32m  OK  [0m] Listening on LXD - unix socket.
[[0;32m  OK  [0m] Listening on Socket activation for snappy daemon.
[[0;32m  OK  [0m] Started Availability of block devices.
[[0;32m  OK  [0m] Reached target Sockets.
[[0;32m  OK  [0m] Reached target Basic System.
         Starting LSB: automatic crash report generation...
[[0;32m  OK  [0m] Started D-Bus System Message Bus.
         Starting Accounts Service...
         Starting Snappy daemon...
         Starting System Logging Service...
         Starting Dispatcher daemon for systemd-networkd...
         Starting Permit User Sessions...
[[0;32m  OK  [0m] Started irqbalance daemon.
         Starting LSB: Record successful boot for GRUB...
[[0;32m  OK  [0m] Started Deferred execution scheduler.
         Starting Pollinate to seed the pseudo random number generator...
[[0;32m  OK  [0m] Started Regular background program processing daemon.
         Starting LXD - container startup/shutdown...
         Starting Virtualbox guest utils...
[[0;32m  OK  [0m] Started FUSE filesystem for LXC.
         Starting Login Service...
[[0;32m  OK  [0m] Started System Logging Service.
[[0;32m  OK  [0m] Started Permit User Sessions.
         Starting Authorization Manager...
         Starting Terminate Plymouth Boot Screen...
         Starting Hold until boot process finishes up...
[[0;32m  OK  [0m] Started Hold until boot process finishes up.
[[0;32m  OK  [0m] Started Terminate Plymouth Boot Screen.
[[0;32m  OK  [0m] Started Login Service.
[[0;32m  OK  [0m] Started Unattended Upgrades Shutdown.
         Starting Set console scheme...
[[0;32m  OK  [0m] Started Serial Getty on ttyS0.
[[0;32m  OK  [0m] Started LSB: automatic crash report generation.
[[0;32m  OK  [0m] Started Set console scheme.
[[0;32m  OK  [0m] Started Authorization Manager.
[[0;32m  OK  [0m] Started Accounts Service.
[[0;32m  OK  [0m] Created slice system-getty.slice.
[[0;32m  OK  [0m] Started Getty on tty1.
[[0;32m  OK  [0m] Reached target Login Prompts.
[[0;32m  OK  [0m] Started LSB: Record successful boot for GRUB.
[[0;32m  OK  [0m] Started LXD - container startup/shutdown.
[[0;32m  OK  [0m] Started Dispatcher daemon for systemd-networkd.
[[0;32m  OK  [0m] Started Virtualbox guest utils.
[[0;32m  OK  [0m] Started Snappy daemon.
         Starting Wait until snapd is fully seeded...
[[0;32m  OK  [0m] Started Pollinate to seed the pseudo random number generator.
         Starting OpenBSD Secure Shell server...
[[0;32m  OK  [0m] Started OpenBSD Secure Shell server.
[[0;32m  OK  [0m] Started Wait until snapd is fully seeded.
         Starting Apply the settings specified in cloud-config...
[[0;32m  OK  [0m] Reached target Multi-User System.
[[0;32m  OK  [0m] Reached target Graphical Interface.
         Starting Update UTMP about System Runlevel Changes...
[[0;32m  OK  [0m] Started Update UTMP about System Runlevel Changes.
[   18.985318] cloud-init[1332]: Cloud-init v. 19.4-33-gbb4131a2-0ubuntu1~18.04.1 running 'modules:config' at Sat, 14 Mar 2020 18:37:29 +0000. Up 18.71 seconds.
[[0;32m  OK  [0m] Started Apply the settings specified in cloud-config.
         Starting Execute cloud user/final scripts...
ci-info: no authorized SSH keys fingerprints found for user ubuntu.
<14>Mar 14 18:37:30 ec2: 
<14>Mar 14 18:37:30 ec2: #############################################################
<14>Mar 14 18:37:30 ec2: -----BEGIN SSH HOST KEY FINGERPRINTS-----
<14>Mar 14 18:37:30 ec2: 1024 SHA256:W5mP5yIAdkWUVGcBe5gao+U6GxNmZVSvYaVgzPQAmR8 root@ubuntu-bionic (DSA)
<14>Mar 14 18:37:30 ec2: 256 SHA256:qiDsvFdkQQ38ckDF8pZT2MciIOE7EOkozOOsebqUW8o root@ubuntu-bionic (ECDSA)
<14>Mar 14 18:37:30 ec2: 256 SHA256:NQld8Mb13UYWFbtBAp3yxNoYZr1WJs4IuX5SJ64XaA0 root@ubuntu-bionic (ED25519)
<14>Mar 14 18:37:30 ec2: 2048 SHA256:GVJoyq3ZwdXlapVLi3Zlce5q8qVqH2pETHf5+lnrlj0 root@ubuntu-bionic (RSA)
<14>Mar 14 18:37:30 ec2: -----END SSH HOST KEY FINGERPRINTS-----
<14>Mar 14 18:37:30 ec2: #############################################################
-----BEGIN SSH HOST KEY KEYS-----
ecdsa-sha2-nistp256 AAAAE2VjZHNhLXNoYTItbmlzdHAyNTYAAAAIbmlzdHAyNTYAAABBBFPZJpTus+3FDwkwcrnZMUDFIfw0lCYtUQUwr958cL9p+uGJX6rWnmruD9AduXViBWVcgajde49soVoxC2qVD3Q= root@ubuntu-bionic
ssh-ed25519 AAAAC3NzaC1lZDI1NTE5AAAAIDGtV/8tvEdYWIWmfRktHUr3PezrX34aF6UfIU8sgL6b root@ubuntu-bionic
ssh-rsa AAAAB3NzaC1yc2EAAAADAQABAAABAQDajPDXVOvG/T+72fvxZukh8/oqmvJYWrmNm/PqnxGxza2VgmX0kRV4ZgNeZG3ARiPpCxppjGl7CjwlkbxiSAdEk7Txh8lGDEs/odCP9Yq3KYJyouvl7psp2ye0Cd5mRXZ6S/VrEo8yL9+FAVJVyrkpsk2GJNVIKJ5BsMkyi3b5NItWA/T2dWamt1j773O+nrN/ZzWSuFDVemg3tdQV8xAKpfPCeFeJNsdo0ggDy+ns2DDkxxo/o7QuA4ywPRYP6uoh7G9hmt3ov2+99q+ejkNoadisNLISCVM/qX73xmP74taBUBJn9g5IxgRMzsfgWTAi1ze652ZzT4JQI9eW3OdL root@ubuntu-bionic
-----END SSH HOST KEY KEYS-----
[   19.344510] cloud-init[1396]: Cloud-init v. 19.4-33-gbb4131a2-0ubuntu1~18.04.1 running 'modules:final' at Sat, 14 Mar 2020 18:37:30 +0000. Up 19.23 seconds.
[   19.360996] cloud-init[1396]: ci-info: no authorized SSH keys fingerprints found for user ubuntu.
[[0;32m  OK  [0m] Started Execute cloud user/final scripts.
[[0;32m  OK  [0m] Reached target Cloud-init target.
[   19.383621] cloud-init[1396]: Cloud-init v. 19.4-33-gbb4131a2-0ubuntu1~18.04.1 finished at Sat, 14 Mar 2020 18:37:30 +0000. Datasource DataSourceNoCloud [seed=/dev/sdb][dsmode=net].  Up 19.34 seconds

Ubuntu 18.04.4 LTS ubuntu-bionic ttyS0

ubuntu-bionic login: 