[    0.000000] Linux version 4.15.0-88-generic (buildd@lgw01-amd64-036) (gcc version 7.4.0 (Ubuntu 7.4.0-1ubuntu1~18.04.1)) #88-Ubuntu SMP Tue Feb 11 20:11:34 UTC 2020 (Ubuntu 4.15.0-88.88-generic 4.15.18)
[    0.000000] Command line: BOOT_IMAGE=/boot/vmlinuz-4.15.0-88-generic root=UUID=e7123715-0a4a-4280-92c8-a5d73f07f0a0 ro console=tty1 console=ttyS0
[    0.000000] KERNEL supported cpus:
[    0.000000]   Intel GenuineIntel
[    0.000000]   AMD AuthenticAMD
[    0.000000]   Centaur CentaurHauls
[    0.000000] x86/fpu: Supporting XSAVE feature 0x001: 'x87 floating point registers'
[    0.000000] x86/fpu: Supporting XSAVE feature 0x002: 'SSE registers'
[    0.000000] x86/fpu: Supporting XSAVE feature 0x004: 'AVX registers'
[    0.000000] x86/fpu: xstate_offset[2]:  576, xstate_sizes[2]:  256
[    0.000000] x86/fpu: Enabled xstate features 0x7, context size is 832 bytes, using 'standard' format.
[    0.000000] e820: BIOS-provided physical RAM map:
[    0.000000] BIOS-e820: [mem 0x0000000000000000-0x000000000009fbff] usable
[    0.000000] BIOS-e820: [mem 0x000000000009fc00-0x000000000009ffff] reserved
[    0.000000] BIOS-e820: [mem 0x00000000000f0000-0x00000000000fffff] reserved
[    0.000000] BIOS-e820: [mem 0x0000000000100000-0x00000000dffeffff] usable
[    0.000000] BIOS-e820: [mem 0x00000000dfff0000-0x00000000dfffffff] ACPI data
[    0.000000] BIOS-e820: [mem 0x00000000fec00000-0x00000000fec00fff] reserved
[    0.000000] BIOS-e820: [mem 0x00000000fee00000-0x00000000fee00fff] reserved
[    0.000000] BIOS-e820: [mem 0x00000000fffc0000-0x00000000ffffffff] reserved
[    0.000000] BIOS-e820: [mem 0x0000000100000000-0x000000011fffffff] usable
[    0.000000] NX (Execute Disable) protection: active
[    0.000000] SMBIOS 2.5 present.
[    0.000000] DMI: innotek GmbH VirtualBox/VirtualBox, BIOS VirtualBox 12/01/2006
[    0.000000] Hypervisor detected: KVM
[    0.000000] e820: last_pfn = 0x120000 max_arch_pfn = 0x400000000
[    0.000000] MTRR: Disabled
[    0.000000] x86/PAT: MTRRs disabled, skipping PAT initialization too.
[    0.000000] CPU MTRRs all blank - virtualized system.
[    0.000000] x86/PAT: Configuration [0-7]: WB  WT  UC- UC  WB  WT  UC- UC  
[    0.000000] e820: last_pfn = 0xdfff0 max_arch_pfn = 0x400000000
[    0.000000] found SMP MP-table at [mem 0x0009fff0-0x0009ffff]
[    0.000000] Scanning 1 areas for low memory corruption
[    0.000000] RAMDISK: [mem 0x351b7000-0x368d2fff]
[    0.000000] ACPI: Early table checksum verification disabled
[    0.000000] ACPI: RSDP 0x00000000000E0000 000024 (v02 VBOX  )
[    0.000000] ACPI: XSDT 0x00000000DFFF0030 00003C (v01 VBOX   VBOXXSDT 00000001 ASL  00000061)
[    0.000000] ACPI: FACP 0x00000000DFFF00F0 0000F4 (v04 VBOX   VBOXFACP 00000001 ASL  00000061)
[    0.000000] ACPI: DSDT 0x00000000DFFF0470 002325 (v02 VBOX   VBOXBIOS 00000002 INTL 20100528)
[    0.000000] ACPI: FACS 0x00000000DFFF0200 000040
[    0.000000] ACPI: FACS 0x00000000DFFF0200 000040
[    0.000000] ACPI: APIC 0x00000000DFFF0240 00005C (v02 VBOX   VBOXAPIC 00000001 ASL  00000061)
[    0.000000] ACPI: SSDT 0x00000000DFFF02A0 0001CC (v01 VBOX   VBOXCPUT 00000002 INTL 20100528)
[    0.000000] No NUMA configuration found
[    0.000000] Faking a node at [mem 0x0000000000000000-0x000000011fffffff]
[    0.000000] NODE_DATA(0) allocated [mem 0x11ffd1000-0x11fffbfff]
[    0.000000] kvm-clock: cpu 0, msr 1:1ff50001, primary cpu clock
[    0.000000] kvm-clock: Using msrs 4b564d01 and 4b564d00
[    0.000000] kvm-clock: using sched offset of 3424422673 cycles
[    0.000000] clocksource: kvm-clock: mask: 0xffffffffffffffff max_cycles: 0x1cd42e4dffb, max_idle_ns: 881590591483 ns
[    0.000000] Zone ranges:
[    0.000000]   DMA      [mem 0x0000000000001000-0x0000000000ffffff]
[    0.000000]   DMA32    [mem 0x0000000001000000-0x00000000ffffffff]
[    0.000000]   Normal   [mem 0x0000000100000000-0x000000011fffffff]
[    0.000000]   Device   empty
[    0.000000] Movable zone start for each node
[    0.000000] Early memory node ranges
[    0.000000]   node   0: [mem 0x0000000000001000-0x000000000009efff]
[    0.000000]   node   0: [mem 0x0000000000100000-0x00000000dffeffff]
[    0.000000]   node   0: [mem 0x0000000100000000-0x000000011fffffff]
[    0.000000] Reserved but unavailable: 98 pages
[    0.000000] Initmem setup node 0 [mem 0x0000000000001000-0x000000011fffffff]
[    0.000000] ACPI: PM-Timer IO Port: 0x4008
[    0.000000] IOAPIC[0]: apic_id 2, version 32, address 0xfec00000, GSI 0-23
[    0.000000] ACPI: INT_SRC_OVR (bus 0 bus_irq 0 global_irq 2 dfl dfl)
[    0.000000] ACPI: INT_SRC_OVR (bus 0 bus_irq 9 global_irq 9 low level)
[    0.000000] Using ACPI (MADT) for SMP configuration information
[    0.000000] smpboot: Allowing 2 CPUs, 0 hotplug CPUs
[    0.000000] PM: Registered nosave memory: [mem 0x00000000-0x00000fff]
[    0.000000] PM: Registered nosave memory: [mem 0x0009f000-0x0009ffff]
[    0.000000] PM: Registered nosave memory: [mem 0x000a0000-0x000effff]
[    0.000000] PM: Registered nosave memory: [mem 0x000f0000-0x000fffff]
[    0.000000] PM: Registered nosave memory: [mem 0xdfff0000-0xdfffffff]
[    0.000000] PM: Registered nosave memory: [mem 0xe0000000-0xfebfffff]
[    0.000000] PM: Registered nosave memory: [mem 0xfec00000-0xfec00fff]
[    0.000000] PM: Registered nosave memory: [mem 0xfec01000-0xfedfffff]
[    0.000000] PM: Registered nosave memory: [mem 0xfee00000-0xfee00fff]
[    0.000000] PM: Registered nosave memory: [mem 0xfee01000-0xfffbffff]
[    0.000000] PM: Registered nosave memory: [mem 0xfffc0000-0xffffffff]
[    0.000000] e820: [mem 0xe0000000-0xfebfffff] available for PCI devices
[    0.000000] Booting paravirtualized kernel on KVM
[    0.000000] clocksource: refined-jiffies: mask: 0xffffffff max_cycles: 0xffffffff, max_idle_ns: 7645519600211568 ns
[    0.000000] random: get_random_bytes called from start_kernel+0x99/0x4fd with crng_init=0
[    0.000000] setup_percpu: NR_CPUS:8192 nr_cpumask_bits:2 nr_cpu_ids:2 nr_node_ids:1
[    0.000000] percpu: Embedded 45 pages/cpu s147456 r8192 d28672 u1048576
[    0.000000] PV qspinlock hash table entries: 256 (order: 0, 4096 bytes)
[    0.000000] Built 1 zonelists, mobility grouping on.  Total pages: 1032057
[    0.000000] Policy zone: Normal
[    0.000000] Kernel command line: BOOT_IMAGE=/boot/vmlinuz-4.15.0-88-generic root=UUID=e7123715-0a4a-4280-92c8-a5d73f07f0a0 ro console=tty1 console=ttyS0
[    0.000000] Memory: 4009216K/4193848K available (12300K kernel code, 2481K rwdata, 4264K rodata, 2428K init, 2712K bss, 184632K reserved, 0K cma-reserved)
[    0.000000] SLUB: HWalign=64, Order=0-3, MinObjects=0, CPUs=2, Nodes=1
[    0.000000] ftrace: allocating 39344 entries in 154 pages
[    0.004000] Hierarchical RCU implementation.
[    0.004000] 	RCU restricting CPUs from NR_CPUS=8192 to nr_cpu_ids=2.
[    0.004000] 	Tasks RCU enabled.
[    0.004000] RCU: Adjusting geometry for rcu_fanout_leaf=16, nr_cpu_ids=2
[    0.004000] NR_IRQS: 524544, nr_irqs: 440, preallocated irqs: 16
[    0.004000] Console: colour VGA+ 80x25
[    0.004000] console [tty1] enabled
[    0.004000] console [ttyS0] enabled
[    0.004000] ACPI: Core revision 20170831
[    0.004000] ACPI: 2 ACPI AML tables successfully acquired and loaded
[    0.004000] APIC: Switch to symmetric I/O mode setup
[    0.004000] x2apic enabled
[    0.004000] Switched APIC routing to physical x2apic.
[    0.004000] ..TIMER: vector=0x30 apic1=0 pin1=2 apic2=-1 pin2=-1
[    0.004000] tsc: Detected 2592.002 MHz processor
[    0.004004] Calibrating delay loop (skipped) preset value.. 5184.00 BogoMIPS (lpj=10368008)
[    0.005095] pid_max: default: 32768 minimum: 301
[    0.005751] Security Framework initialized
[    0.006362] Yama: becoming mindful.
[    0.006880] AppArmor: AppArmor initialized
[    0.012081] Dentry cache hash table entries: 524288 (order: 10, 4194304 bytes)
[    0.015007] Inode-cache hash table entries: 262144 (order: 9, 2097152 bytes)
[    0.015939] Mount-cache hash table entries: 8192 (order: 4, 65536 bytes)
[    0.016006] Mountpoint-cache hash table entries: 8192 (order: 4, 65536 bytes)
[    0.017119] Last level iTLB entries: 4KB 64, 2MB 8, 4MB 8
[    0.017870] Last level dTLB entries: 4KB 64, 2MB 0, 4MB 0, 1GB 4
[    0.018671] Spectre V1 : Mitigation: usercopy/swapgs barriers and __user pointer sanitization
[    0.020001] Spectre V2 : Mitigation: Full generic retpoline
[    0.020756] Spectre V2 : Spectre v2 / SpectreRSB mitigation: Filling RSB on context switch
[    0.021827] Speculative Store Bypass: Vulnerable
[    0.022456] TAA: Mitigation: TSX disabled
[    0.023135] Freeing SMP alternatives memory: 36K
[    0.133128] smpboot: CPU0: Intel(R) Core(TM) i7-9850H CPU @ 2.60GHz (family: 0x6, model: 0x9e, stepping: 0xd)
[    0.134410] Performance Events: unsupported p6 CPU model 158 no PMU driver, software events only.
[    0.135646] Hierarchical SRCU implementation.
[    0.136000] NMI watchdog: Perf event create on CPU 0 failed with -2
[    0.136001] NMI watchdog: Perf NMI watchdog permanently disabled
[    0.136815] smp: Bringing up secondary CPUs ...
[    0.140039] x86: Booting SMP configuration:
[    0.140615] .... node  #0, CPUs:      #1
[    0.004000] kvm-clock: cpu 1, msr 1:1ff50041, secondary cpu clock
[    0.144015] smp: Brought up 1 node, 2 CPUs
[    0.144673] smpboot: Max logical packages: 1
[    0.145574] smpboot: Total of 2 processors activated (10368.00 BogoMIPS)
[    0.146520] devtmpfs: initialized
[    0.146520] x86/mm: Memory block size: 128MB
[    0.146520] evm: security.selinux
[    0.148003] evm: security.SMACK64
[    0.148468] evm: security.SMACK64EXEC
[    0.148980] evm: security.SMACK64TRANSMUTE
[    0.149564] evm: security.SMACK64MMAP
[    0.150072] evm: security.apparmor
[    0.150549] evm: security.ima
[    0.152001] evm: security.capability
[    0.152525] clocksource: jiffies: mask: 0xffffffff max_cycles: 0xffffffff, max_idle_ns: 7645041785100000 ns
[    0.153227] futex hash table entries: 512 (order: 3, 32768 bytes)
[    0.154056] pinctrl core: initialized pinctrl subsystem
[    0.156018] RTC time: 12:07:29, date: 03/24/20
[    0.157126] NET: Registered protocol family 16
[    0.157831] audit: initializing netlink subsys (disabled)
[    0.160020] audit: type=2000 audit(1585051654.996:1): state=initialized audit_enabled=0 res=1
[    0.161140] cpuidle: using governor ladder
[    0.161140] cpuidle: using governor menu
[    0.161140] ACPI: bus type PCI registered
[    0.161664] acpiphp: ACPI Hot Plug PCI Controller Driver version: 0.5
[    0.164064] PCI: Using configuration type 1 for base access
[    0.164997] HugeTLB registered 2.00 MiB page size, pre-allocated 0 pages
[    0.168046] ACPI: Added _OSI(Module Device)
[    0.168627] ACPI: Added _OSI(Processor Device)
[    0.169220] ACPI: Added _OSI(3.0 _SCP Extensions)
[    0.169946] ACPI: Added _OSI(Processor Aggregator Device)
[    0.170627] ACPI: Added _OSI(Linux-Dell-Video)
[    0.171224] ACPI: Added _OSI(Linux-Lenovo-NV-HDMI-Audio)
[    0.171915] ACPI: Added _OSI(Linux-HPI-Hybrid-Graphics)
[    0.172189] ACPI: Executed 1 blocks of module-level executable AML code
[    0.175195] ACPI: Interpreter enabled
[    0.176008] ACPI: (supports S0 S5)
[    0.176503] ACPI: Using IOAPIC for interrupt routing
[    0.177310] PCI: Using host bridge windows from ACPI; if necessary, use "pci=nocrs" and report a bug
[    0.178558] ACPI: Enabled 2 GPEs in block 00 to 07
[    0.183950] ACPI: PCI Root Bridge [PCI0] (domain 0000 [bus 00-ff])
[    0.184004] acpi PNP0A03:00: _OSC: OS supports [ASPM ClockPM Segments MSI]
[    0.185195] acpi PNP0A03:00: _OSC: not requesting OS control; OS requires [ExtendedConfig ASPM ClockPM MSI]
[    0.186594] acpi PNP0A03:00: fail to add MMCONFIG information, can't access extended PCI configuration space under this bridge.
[    0.188253] PCI host bridge to bus 0000:00
[    0.188807] pci_bus 0000:00: root bus resource [io  0x0000-0x0cf7 window]
[    0.189672] pci_bus 0000:00: root bus resource [io  0x0d00-0xffff window]
[    0.190489] pci_bus 0000:00: root bus resource [mem 0x000a0000-0x000bffff window]
[    0.192002] pci_bus 0000:00: root bus resource [mem 0xe0000000-0xfdffffff window]
[    0.192938] pci_bus 0000:00: root bus resource [bus 00-ff]
[    0.194850] pci 0000:00:01.1: legacy IDE quirk: reg 0x10: [io  0x01f0-0x01f7]
[    0.195712] pci 0000:00:01.1: legacy IDE quirk: reg 0x14: [io  0x03f6]
[    0.196001] pci 0000:00:01.1: legacy IDE quirk: reg 0x18: [io  0x0170-0x0177]
[    0.196926] pci 0000:00:01.1: legacy IDE quirk: reg 0x1c: [io  0x0376]
[    0.229091] pci 0000:00:07.0: quirk: [io  0x4000-0x403f] claimed by PIIX4 ACPI
[    0.230070] pci 0000:00:07.0: quirk: [io  0x4100-0x410f] claimed by PIIX4 SMB
[    0.239888] ACPI: PCI Interrupt Link [LNKA] (IRQs 5 9 10 *11)
[    0.240212] ACPI: PCI Interrupt Link [LNKB] (IRQs 5 9 *10 11)
[    0.241066] ACPI: PCI Interrupt Link [LNKC] (IRQs 5 *9 10 11)
[    0.241902] ACPI: PCI Interrupt Link [LNKD] (IRQs 5 9 10 *11)
[    0.242879] SCSI subsystem initialized
[    0.244028] pci 0000:00:02.0: vgaarb: setting as boot VGA device
[    0.244824] pci 0000:00:02.0: vgaarb: VGA device added: decodes=io+mem,owns=io+mem,locks=none
[    0.246010] pci 0000:00:02.0: vgaarb: bridge control possible
[    0.246784] vgaarb: loaded
[    0.247218] ACPI: bus type USB registered
[    0.248019] usbcore: registered new interface driver usbfs
[    0.248986] usbcore: registered new interface driver hub
[    0.249756] usbcore: registered new device driver usb
[    0.250491] EDAC MC: Ver: 3.0.0
[    0.250491] PCI: Using ACPI for IRQ routing
[    0.252170] NetLabel: Initializing
[    0.252651] NetLabel:  domain hash size = 128
[    0.253302] NetLabel:  protocols = UNLABELED CIPSOv4 CALIPSO
[    0.254091] NetLabel:  unlabeled traffic allowed by default
[    0.254832] clocksource: Switched to clocksource kvm-clock
[    0.268118] VFS: Disk quotas dquot_6.6.0
[    0.268851] VFS: Dquot-cache hash table entries: 512 (order 0, 4096 bytes)
[    0.269769] AppArmor: AppArmor Filesystem Enabled
[    0.270413] pnp: PnP ACPI init
[    0.271560] pnp: PnP ACPI: found 3 devices
[    0.280696] clocksource: acpi_pm: mask: 0xffffff max_cycles: 0xffffff, max_idle_ns: 2085701024 ns
[    0.281877] NET: Registered protocol family 2
[    0.282583] TCP established hash table entries: 32768 (order: 6, 262144 bytes)
[    0.283557] TCP bind hash table entries: 32768 (order: 7, 524288 bytes)
[    0.284495] TCP: Hash tables configured (established 32768 bind 32768)
[    0.285543] UDP hash table entries: 2048 (order: 4, 65536 bytes)
[    0.286354] UDP-Lite hash table entries: 2048 (order: 4, 65536 bytes)
[    0.287230] NET: Registered protocol family 1
[    0.287828] pci 0000:00:00.0: Limiting direct PCI/PCI transfers
[    0.288636] pci 0000:00:01.0: Activating ISA DMA hang workarounds
[    0.289510] pci 0000:00:02.0: Video device with shadowed ROM at [mem 0x000c0000-0x000dffff]
[    0.290669] Unpacking initramfs...
[    0.611922] Freeing initrd memory: 23664K
[    0.612782] PCI-DMA: Using software bounce buffering for IO (SWIOTLB)
[    0.613660] software IO TLB: mapped [mem 0xdbff0000-0xdfff0000] (64MB)
[    0.614521] clocksource: tsc: mask: 0xffffffffffffffff max_cycles: 0x255cb8d7d74, max_idle_ns: 440795265546 ns
[    0.615874] platform rtc_cmos: registered platform RTC device (no PNP device found)
[    0.616985] Scanning for low memory corruption every 60 seconds
[    0.621208] Initialise system trusted keyrings
[    0.622313] Key type blacklist registered
[    0.622956] workingset: timestamp_bits=36 max_order=20 bucket_order=0
[    0.624557] zbud: loaded
[    0.625344] squashfs: version 4.0 (2009/01/31) Phillip Lougher
[    0.626318] fuse init (API version 7.26)
[    0.628431] Key type asymmetric registered
[    0.629112] Asymmetric key parser 'x509' registered
[    0.629898] Block layer SCSI generic (bsg) driver version 0.4 loaded (major 246)
[    0.630952] io scheduler noop registered
[    0.631489] io scheduler deadline registered
[    0.632103] io scheduler cfq registered (default)
[    0.633046] ACPI: AC Adapter [AC] (on-line)
[    0.633759] input: Power Button as /devices/LNXSYSTM:00/LNXPWRBN:00/input/input0
[    0.634872] ACPI: Power Button [PWRF]
[    0.635448] input: Sleep Button as /devices/LNXSYSTM:00/LNXSLPBN:00/input/input1
[    0.636469] ACPI: Sleep Button [SLPF]
[    0.637728] ACPI: Battery Slot [BAT0] (battery present)
[    0.638450] Serial: 8250/16550 driver, 32 ports, IRQ sharing enabled
[    0.665699] 00:02: ttyS0 at I/O 0x3f8 (irq = 4, base_baud = 115200) is a 16550A
[    0.669037] Linux agpgart interface v0.103
[    0.672684] loop: module loaded
[    0.673493] scsi host0: ata_piix
[    0.674037] scsi host1: ata_piix
[    0.674528] ata1: PATA max UDMA/33 cmd 0x1f0 ctl 0x3f6 bmdma 0xd000 irq 14
[    0.675416] ata2: PATA max UDMA/33 cmd 0x170 ctl 0x376 bmdma 0xd008 irq 15
[    0.676710] libphy: Fixed MDIO Bus: probed
[    0.677286] tun: Universal TUN/TAP device driver, 1.6
[    0.677992] PPP generic driver version 2.4.2
[    0.678747] ehci_hcd: USB 2.0 'Enhanced' Host Controller (EHCI) Driver
[    0.679659] ehci-pci: EHCI PCI platform driver
[    0.680409] ehci-platform: EHCI generic platform driver
[    0.681134] ohci_hcd: USB 1.1 'Open' Host Controller (OHCI) Driver
[    0.681947] ohci-pci: OHCI PCI platform driver
[    0.682559] ohci-platform: OHCI generic platform driver
[    0.683268] uhci_hcd: USB Universal Host Controller Interface driver
[    0.684355] i8042: PNP: PS/2 Controller [PNP0303:PS2K,PNP0f03:PS2M] at 0x60,0x64 irq 1,12
[    0.685800] serio: i8042 KBD port at 0x60,0x64 irq 1
[    0.686504] serio: i8042 AUX port at 0x60,0x64 irq 12
[    0.687365] mousedev: PS/2 mouse device common for all mice
[    0.689022] rtc_cmos rtc_cmos: rtc core: registered rtc_cmos as rtc0
[    0.689848] rtc_cmos rtc_cmos: alarms up to one day, 114 bytes nvram
[    0.690676] input: AT Translated Set 2 keyboard as /devices/platform/i8042/serio0/input/input2
[    0.691906] i2c /dev entries driver
[    0.692523] device-mapper: uevent: version 1.0.3
[    0.693301] device-mapper: ioctl: 4.37.0-ioctl (2017-09-20) initialised: dm-devel@redhat.com
[    0.694446] ledtrig-cpu: registered to indicate activity on CPUs
[    0.695617] NET: Registered protocol family 10
[    0.698447] Segment Routing with IPv6
[    0.698984] NET: Registered protocol family 17
[    0.699682] Key type dns_resolver registered
[    0.700538] mce: Using 0 MCE banks
[    0.701027] RAS: Correctable Errors collector initialized.
[    0.701777] sched_clock: Marking stable (700521560, 0)->(958010866, -257489306)
[    0.703084] registered taskstats version 1
[    0.703857] Loading compiled-in X.509 certificates
[    0.705893] Loaded X.509 cert 'Build time autogenerated kernel key: f0020782f0d3a548186fb3f47aed88387a71e859'
[    0.707187] zswap: loaded using pool lzo/zbud
[    0.725909] Key type big_key registered
[    0.726445] Key type trusted registered
[    0.727879] Key type encrypted registered
[    0.728509] AppArmor: AppArmor sha1 policy hashing enabled
[    0.729443] ima: No TPM chip found, activating TPM-bypass! (rc=-19)
[    0.730282] ima: Allocated hash algorithm: sha1
[    0.730918] evm: HMAC attrs: 0x1
[    0.731506]   Magic number: 12:122:128
[    0.732059] acpi device:03: hash matches
[    0.732603] acpi PNP0C02:00: hash matches
[    0.733243] rtc_cmos rtc_cmos: setting system clock to 2020-03-24 12:07:30 UTC (1585051650)
[    0.734493] BIOS EDD facility v0.16 2004-Jun-25, 0 devices found
[    0.735266] EDD information not available.
[    1.048594] Freeing unused kernel image memory: 2428K
[    1.064416] Write protecting the kernel read-only data: 20480k
[    1.065671] Freeing unused kernel image memory: 2008K
[    1.066464] Freeing unused kernel image memory: 1880K
[    1.073010] x86/mm: Checked W+X mappings: passed, no W+X pages found.
Loading, please wait...
starting version 237
[    1.114186] e1000: Intel(R) PRO/1000 Network Driver - version 7.3.21-k8-NAPI
[    1.115185] e1000: Copyright (c) 1999-2006 Intel Corporation.
[    1.122634] Fusion MPT base driver 3.04.20
[    1.123312] Copyright (c) 1999-2008 LSI Corporation
[    1.126972] Fusion MPT SPI Host driver 3.04.20
[    1.135815] AVX2 version of gcm_enc/dec engaged.
[    1.136511] AES CTR mode by8 optimization enabled
[    1.329007] input: ImExPS/2 Generic Explorer Mouse as /devices/platform/i8042/serio1/input/input4
[    1.490584] e1000 0000:00:03.0 eth0: (PCI:33MHz:32-bit) 02:fa:82:eb:a2:e9
[    1.492122] e1000 0000:00:03.0 eth0: Intel(R) PRO/1000 Network Connection
[    1.494628] mptbase: ioc0: Initiating bringup
[    1.495317] e1000 0000:00:03.0 enp0s3: renamed from eth0
[    1.593142] ioc0: LSI53C1030 A0: Capabilities={Initiator}
[    1.846741] scsi host2: ioc0: LSI53C1030 A0, FwRev=00000000h, Ports=1, MaxQ=256, IRQ=20
[    2.017401] scsi 2:0:0:0: Direct-Access     VBOX     HARDDISK         1.0  PQ: 0 ANSI: 5
[    2.713330] scsi target2:0:0: Beginning Domain Validation
[    2.720976] scsi target2:0:0: Domain Validation skipping write tests
[    2.723573] scsi target2:0:0: Ending Domain Validation
[    2.726055] scsi target2:0:0: asynchronous
[    2.729395] scsi 2:0:1:0: Direct-Access     VBOX     HARDDISK         1.0  PQ: 0 ANSI: 5
[    3.203837] scsi target2:0:1: Beginning Domain Validation
[    3.211135] random: fast init done
[    3.213244] scsi target2:0:1: Domain Validation skipping write tests
[    3.215194] scsi target2:0:1: Ending Domain Validation
[    3.216092] scsi target2:0:1: asynchronous
[    3.220227] random: systemd-udevd: uninitialized urandom read (16 bytes read)
[    3.220284] sd 2:0:0:0: Attached scsi generic sg0 type 0
[    3.221188] random: systemd-udevd: uninitialized urandom read (16 bytes read)
[    3.222039] sd 2:0:1:0: Attached scsi generic sg1 type 0
[    3.222875] random: systemd-udevd: uninitialized urandom read (16 bytes read)
[    3.224933] sd 2:0:0:0: [sda] 23068672 512-byte logical blocks: (11.8 GB/11.0 GiB)
[    3.226218] sd 2:0:1:0: [sdb] 20480 512-byte logical blocks: (10.5 MB/10.0 MiB)
[    3.227196] sd 2:0:0:0: [sda] Write Protect is off
[    3.227824] sd 2:0:1:0: [sdb] Write Protect is off
[    3.228751] sd 2:0:0:0: [sda] Incomplete mode parameter data
[    3.229596] sd 2:0:0:0: [sda] Assuming drive cache: write through
[    3.230362] sd 2:0:1:0: [sdb] Incomplete mode parameter data
[    3.231168] sd 2:0:1:0: [sdb] Assuming drive cache: write through
[    3.233731]  sda: sda1
[    3.234939] sd 2:0:0:0: [sda] Attached SCSI disk
[    3.235937] sd 2:0:1:0: [sdb] Attached SCSI disk
Begin: Loading essential drivers ... [    4.600696] raid6: sse2x1   gen() 14813 MB/s
[    4.648526] raid6: sse2x1   xor()  8265 MB/s
[    4.696356] raid6: sse2x2   gen() 17856 MB/s
[    4.744169] raid6: sse2x2   xor() 11346 MB/s
[    4.792011] raid6: sse2x4   gen() 18777 MB/s
[    4.840784] raid6: sse2x4   xor() 11056 MB/s
[    4.888607] raid6: avx2x1   gen() 28330 MB/s
[    4.936482] raid6: avx2x1   xor() 16890 MB/s
[    4.984278] raid6: avx2x2   gen() 33657 MB/s
[    5.032089] raid6: avx2x2   xor() 21082 MB/s
[    5.080011] raid6: avx2x4   gen() 36126 MB/s
[    5.128745] raid6: avx2x4   xor() 21881 MB/s
[    5.129348] raid6: using algorithm avx2x4 gen() 36126 MB/s
[    5.130102] raid6: .... xor() 21881 MB/s, rmw enabled
[    5.130775] raid6: using avx2x2 recovery algorithm
[    5.132295] xor: automatically using best checksumming function   avx       
[    5.133953] async_tx: api initialized (async)
done.
Begin: Running /scripts/init-premount ... done.
Begin: Mounting root file system ... Begin: Running /scripts/local-top ... done.
Begin: Running /scripts/local-premount ... [    5.164796] Btrfs loaded, crc32c=crc32c-intel
Scanning for Btrfs filesystems
done.
Warning: fsck not present, so skipping root file system
[    5.181444] EXT4-fs (sda1): INFO: recovery required on readonly filesystem
[    5.182341] EXT4-fs (sda1): write access will be enabled during recovery
[    5.277145] EXT4-fs (sda1): orphan cleanup on readonly fs
[    5.277967] EXT4-fs (sda1): 12 orphan inodes deleted
[    5.278556] EXT4-fs (sda1): recovery complete
[    5.287897] EXT4-fs (sda1): mounted filesystem with ordered data mode. Opts: (null)
done.
Begin: Running /scripts/local-bottom ... done.
Begin: Running /scripts/init-bottom ... done.
[    5.485916] ip_tables: (C) 2000-2006 Netfilter Core Team
[    5.496242] systemd[1]: systemd 237 running in system mode. (+PAM +AUDIT +SELINUX +IMA +APPARMOR +SMACK +SYSVINIT +UTMP +LIBCRYPTSETUP +GCRYPT +GNUTLS +ACL +XZ +LZ4 +SECCOMP +BLKID +ELFUTILS +KMOD -IDN2 +IDN -PCRE2 default-hierarchy=hybrid)
[    5.498513] systemd[1]: Detected virtualization oracle.
[    5.499126] systemd[1]: Detected architecture x86-64.

Welcome to [1mUbuntu 18.04.4 LTS[0m!

[    5.503150] systemd[1]: Set hostname to <ubuntu-bionic>.
[    5.865108] systemd[1]: Started Forward Password Requests to Wall Directory Watch.
[[0;32m  OK  [0m] Started Forward Password Requests to Wall Directory Watch.
[    5.867035] systemd[1]: Reached target Swap.
[[0;32m  OK  [0m] Reached target Swap.
[    5.868175] systemd[1]: Set up automount Arbitrary Executable File Formats File System Automount Point.
[[0;32m  OK  [0m] Set up automount Arbitrary Executabâ€¦rmats File System Automount Point.
[    5.869898] systemd[1]: Reached target User and Group Name Lookups.
[[0;32m  OK  [0m] Reached target User and Group Name Lookups.
[    5.871868] systemd[1]: Created slice System Slice.
[[0;32m  OK  [0m] Created slice System Slice.
[    5.873202] systemd[1]: Listening on LVM2 metadata daemon socket.
[[0;32m  OK  [0m] Listening on LVM2 metadata daemon socket.
[[0;32m  OK  [0m] Listening on Journal Socket (/dev/log).
[[0;32m  OK  [0m] Listening on udev Kernel Socket.
[[0;32m  OK  [0m] Listening on LVM2 poll daemon socket.
[[0;32m  OK  [0m] Listening on Network Service Netlink Socket.
[[0;32m  OK  [0m] Listening on /dev/initctl Compatibility Named Pipe.
[[0;32m  OK  [0m] Listening on Journal Audit Socket.
[[0;32m  OK  [0m] Listening on Device-mapper event daemon FIFOs.
[[0;32m  OK  [0m] Listening on udev Control Socket.
[[0;32m  OK  [0m] Created slice User and Session Slice.
[[0;32m  OK  [0m] Reached target Slices.
[[0;32m  OK  [0m] Reached target System Time Synchronized.
[[0;32m  OK  [0m] Listening on Journal Socket.
         Mounting POSIX Message Queue File System...
         Starting Remount Root and Kernel File Systems...
         Starting udev Coldplug all Devices...
         Starting Monitoring of LVM2 mirrorsâ€¦ng dmeventd or progress polling...
         Starting Create list of required stâ€¦ce nodes for the current kernel...
         Mounting Huge Pages File System...
         Starting Load Kernel Modules...
         Starting Uncomplicated firewall...
         Mounting Kernel Debug File System...
         Starting Set the console keyboard layout...
[[0;32m  OK  [0m] Listening on Syslog Socket.
         Starting Journal Service...
[[0;32m  OK  [0m] Created slice system-serial\x2dgetty.slice.
[[0;32m  OK  [0m] Mounted POSIX Message Queue File System.
[[0;32m  OK  [0m] Mounted Huge Pages File System.
[[0;32m  OK  [0m] Mounted Kernel Debug File System.
[[0;32m  OK  [0m] Started LVM2 metadata daemon.
[[0;32m  OK  [0m] Started udev Coldplug all Devices.
[    5.935724] EXT4-fs (sda1): re-mounted. Opts: (null)
[[0;32m  OK  [0m] Started Remount Root and Kernel File Systems.
         Starting Load/Save Random Seed...
[[0;32m  OK  [0m] Started Journal Service.
[[0;32m  OK  [0m] Started Uncomplicated firewall.
         Starting Flush Journal to Persistent Storage...
[[0;32m  OK  [0m] Started Create list of required staâ€¦vice nodes for the current kernel.
         Starting Create Static Device Nodes in /dev...
[[0;32m  OK  [0m] Started Monitoring of LVM2 mirrors,â€¦sing dmeventd or progress polling.
[[0;32m  OK  [0m] Started Load/Save Random Seed.
[    6.029705] systemd-journald[414]: Received request to flush runtime journal from PID 1
[    6.037779] lp: driver loaded but no devices found
[    6.069861] ppdev: user-space parallel port driver
[    6.075790] Loading iSCSI transport class v2.0-870.
[    6.080831] iscsi: registered transport (tcp)
[    6.094028] iscsi: registered transport (iser)
[[0;32m  OK  [0m] Started Load Kernel Modules.
         Starting Apply Kernel Variables...
         Mounting Kernel Configuration File System...
         Mounting FUSE Control File System...
[[0;32m  OK  [0m] Started Create Static Device Nodes in /dev.
         Starting udev Kernel Device Manager...
[[0;32m  OK  [0m] Mounted Kernel Configuration File System.
[[0;32m  OK  [0m] Mounted FUSE Control File System.
[[0;32m  OK  [0m] Started Set the console keyboard layout.
[[0;32m  OK  [0m] Reached target Local File Systems (Pre).
         Mounting Mount unit for micro, revision 1913...
         Mounting Mount unit for core, revision 8689...
[[0;32m  OK  [0m] Reached target Local File Systems.
         Starting Set console font and keymap...
         Starting AppArmor initialization...
         Starting ebtables ruleset management...
         Starting Tell Plymouth To Write Out Runtime Data...
         Starting Clean up any mess left by 0dns-up...
[[0;32m  OK  [0m] Started udev Kernel Device Manager.
[[0;32m  OK  [0m] Started Apply Kernel Variables.
[[0;32m  OK  [0m] Started Dispatch Password Requests to Console Directory Watch.
[[0;32m  OK  [0m] Reached target Local Encrypted Volumes.
[[0;32m  OK  [0m] Started Set console font and keymap.
[[0;32m  OK  [0m] Started Tell Plymouth To Write Out Runtime Data.
[[0;32m  OK  [0m] Mounted Mount unit for micro, revision 1913.
[[0;32m  OK  [0m] Mounted Mount unit for core, revision 8689.
[[0;32m  OK  [0m] Started Flush Journal to Persistent Storage.
         Starting Create Volatile Files and Directories...
[[0;32m  OK  [0m] Started Clean up any mess left by 0dns-up.
[[0;32m  OK  [0m] Started Create Volatile Files and Directories.
         Starting Update UTMP about System Boot/Shutdown...
[[0;32m  OK  [0m] Started Update UTMP about System Boot/Shutdown.
[[0;32m  OK  [0m] Started ebtables ruleset management.
[[0;32m  OK  [0m] Found device /dev/ttyS0.
[[0;32m  OK  [0m] Listening on Load/Save RF Kill Switch Status /dev/rfkill Watch.
[[0;32m  OK  [0m] Started AppArmor initialization.
         Starting Initial cloud-init job (pre-networking)...
[    7.833422] cloud-init[611]: Cloud-init v. 19.4-33-gbb4131a2-0ubuntu1~18.04.1 running 'init-local' at Tue, 24 Mar 2020 12:07:37 +0000. Up 7.69 seconds.
[[0;32m  OK  [0m] Started Initial cloud-init job (pre-networking).
[[0;32m  OK  [0m] Reached target Network (Pre).
         Starting Raise network interfaces...
         Starting Network Service...
[[0;32m  OK  [0m] Started Network Service.
         Starting Wait for Network to be Configured...
         Starting Network Name Resolution...
[[0;32m  OK  [0m] Started Raise network interfaces.
[[0;32m  OK  [0m] Started Network Name Resolution.
[[0;32m  OK  [0m] Reached target Host and Network Name Lookups.
[[0;32m  OK  [0m] Started Wait for Network to be Configured.
         Starting Initial cloud-init job (metadata service crawler)...
[    9.787082] cloud-init[832]: Cloud-init v. 19.4-33-gbb4131a2-0ubuntu1~18.04.1 running 'init' at Tue, 24 Mar 2020 12:07:39 +0000. Up 9.69 seconds.
[    9.788286] cloud-init[832]: ci-info: ++++++++++++++++++++++++++++++++++++++Net device info++++++++++++++++++++++++++++++++++++++
[    9.789116] cloud-init[832]: ci-info: +--------+------+----------------------------+---------------+--------+-------------------+
[    9.789997] cloud-init[832]: ci-info: | Device |  Up  |          Address           |      Mask     | Scope  |     Hw-Address    |
[    9.790863] cloud-init[832]: ci-info: +--------+------+----------------------------+---------------+--------+-------------------+
[    9.791968] cloud-init[832]: ci-info: | enp0s3 | True |         10.0.2.15          | 255.255.255.0 | global | 02:fa:82:eb:a2:e9 |
[    9.792844] cloud-init[832]: ci-info: | enp0s3 | True | fe80::fa:82ff:feeb:a2e9/64 |       .       |  link  | 02:fa:82:eb:a2:e9 |
[    9.793701] cloud-init[832]: ci-info: |   lo   | True |         127.0.0.1          |   255.0.0.0   |  host  |         .         |
[    9.794612] cloud-init[832]: ci-info: |   lo   | True |          ::1/128           |       .       |  host  |         .         |
[    9.795474] cloud-init[832]: ci-info: +--------+------+----------------------------+---------------+--------+-------------------+
[    9.796373] cloud-init[832]: ci-info: ++++++++++++++++++++++++++++Route IPv4 info+++++++++++++++++++++++++++++
[    9.797216] cloud-init[832]: ci-info: +-------+-------------+----------+-----------------+-----------+-------+
[    9.797927] cloud-init[832]: ci-info: | Route | Destination | Gateway  |     Genmask     | Interface | Flags |
[    9.798711] cloud-init[832]: ci-info: +-------+-------------+----------+-----------------+-----------+-------+
[    9.799489] cloud-init[832]: ci-info: |   0   |   0.0.0.0   | 10.0.2.2 |     0.0.0.0     |   enp0s3  |   UG  |
[    9.800208] cloud-init[832]: ci-info: |   1   |   10.0.2.0  | 0.0.0.0  |  255.255.255.0  |   enp0s3  |   U   |
[    9.801023] cloud-init[832]: ci-info: |   2   |   10.0.2.2  | 0.0.0.0  | 255.255.255.255 |   enp0s3  |   UH  |
[    9.801730] cloud-init[832]: ci-info: +-------+-------------+----------+-----------------+-----------+-------+
[    9.802436] cloud-init[832]: ci-info: +++++++++++++++++++Route IPv6 info+++++++++++++++++++
[    9.803048] cloud-init[832]: ci-info: +-------+-------------+---------+-----------+-------+
[    9.803852] cloud-init[832]: ci-info: | Route | Destination | Gateway | Interface | Flags |
[    9.804486] cloud-init[832]: ci-info: +-------+-------------+---------+-----------+-------+
[    9.816218] cloud-init[832]: ci-info: |   1   |  fe80::/64  |    ::   |   enp0s3  |   U   |
[    9.817462] cloud-init[832]: ci-info: |   3   |    local    |    ::   |   enp0s3  |   U   |
[    9.818210] cloud-init[832]: ci-info: |   4   |   ff00::/8  |    ::   |   enp0s3  |   U   |
[    9.828590] cloud-init[832]: ci-info: +-------+-------------+---------+-----------+-------+
[[0;32m  OK  [0m] Started Initial cloud-init job (metadata service crawler).
[[0;32m  OK  [0m] Reached target Cloud-config availability.
[[0;32m  OK  [0m] Reached target System Initialization.
         Starting LXD - unix socket.
[[0;32m  OK  [0m] Started Daily apt download activities.
[[0;32m  OK  [0m] Listening on Avahi mDNS/DNS-SD Stack Activation Socket.
[[0;32m  OK  [0m] Listening on UUID daemon activation socket.
[[0;32m  OK  [0m] Listening on D-Bus System Message Bus Socket.
[[0;32m  OK  [0m] Listening on CUPS Scheduler.
[[0;32m  OK  [0m] Started ACPI Events Check.
         Starting Socket activation for snappy daemon.
[[0;32m  OK  [0m] Listening on Open-iSCSI iscsid Socket.
[[0;32m  OK  [0m] Listening on ACPID Listen Socket.
[[0;32m  OK  [0m] Started Message of the Day.
[[0;32m  OK  [0m] Started Daily apt upgrade and clean activities.
[[0;32m  OK  [0m] Started CUPS Scheduler.
[[0;32m  OK  [0m] Reached target Paths.
[[0;32m  OK  [0m] Started Discard unused blocks once a week.
[[0;32m  OK  [0m] Started Trigger anacron every hour.
         Starting Docker Socket for the API.
[[0;32m  OK  [0m] Started Daily Cleanup of Temporary Directories.
[[0;32m  OK  [0m] Reached target Timers.
[[0;32m  OK  [0m] Listening on LXD - unix socket.
[[0;32m  OK  [0m] Listening on Socket activation for snappy daemon.
[[0;32m  OK  [0m] Listening on Docker Socket for the API.
[[0;32m  OK  [0m] Reached target Sockets.
[[0;32m  OK  [0m] Reached target Basic System.
         Starting Restore /etc/resolv.conf iâ€¦fore the ppp link was shut down...
[[0;32m  OK  [0m] Started FUSE filesystem for LXC.
         Starting Dispatcher daemon for systemd-networkd...
[[0;32m  OK  [0m] Started Run anacron jobs.
         Starting System Logging Service...
[[0;32m  OK  [0m] Started Deferred execution scheduler.
[[0;32m  OK  [0m] Started CUPS Scheduler.
         Starting vboxadd.service...
         Starting LSB: Record successful boot for GRUB...
         Starting Modem Manager...
         Starting Disk Manager...
         Starting Accounts Service...
[[0;32m  OK  [0m] Started D-Bus System Message Bus.
[[0;32m  OK  [0m] Started irqbalance daemon.
         Starting Avahi mDNS/DNS-SD Stack...
         Starting Login Service...
         Starting Network Manager...
         Starting Snappy daemon...
         Starting WPA supplicant...
[[0;32m  OK  [0m] Started ACPI event daemon.
[[0;32m  OK  [0m] Started Regular background program processing daemon.
         Starting Detect the available GPUs and deal with any system changes...
         Starting LXD - container startup/shutdown...
[[0;32m  OK  [0m] Started System Logging Service.
[[0;32m  OK  [0m] Started Dispatcher daemon for systemd-networkd.
[[0;32m  OK  [0m] Started Restore /etc/resolv.conf ifâ€¦before the ppp link was shut down.
[[0;32m  OK  [0m] Started Avahi mDNS/DNS-SD Stack.
[[0;32m  OK  [0m] Started Login Service.
[[0;32m  OK  [0m] Started Detect the available GPUs and deal with any system changes.
[[0;32m  OK  [0m] Started WPA supplicant.
         Starting Hostname Service...
[[0;32m  OK  [0m] Started Make remote CUPS printers available locally.
         Starting Authorization Manager...
[[0;32m  OK  [0m] Started LSB: Record successful boot for GRUB.
[[0;32m  OK  [0m] Started Authorization Manager.
[[0;32m  OK  [0m] Started Accounts Service.
[[0;32m  OK  [0m] Started Disk Manager.
[[0;32m  OK  [0m] Started Modem Manager.
[[0;32m  OK  [0m] Started LXD - container startup/shutdown.
[[0;32m  OK  [0m] Started Hostname Service.
[[0;32m  OK  [0m] Started Network Manager.
         Starting Network Manager Script Dispatcher Service...
         Starting Network Manager Wait Online...
[[0;32m  OK  [0m] Reached target Network.
[[0;32m  OK  [0m] Started Unattended Upgrades Shutdown.
         Starting containerd container runtime...
[[0;32m  OK  [0m] Started Network Manager Script Dispatcher Service.
[[0;32m  OK  [0m] Started containerd container runtime.
[[0;32m  OK  [0m] Started Network Manager Wait Online.
[[0;32m  OK  [0m] Reached target Network is Online.
         Starting Ubuntu FAN network setup...
[[0;32m  OK  [0m] Started crash report submission daemon.
         Starting OpenBSD Secure Shell server...
[[0;32m  OK  [0m] Reached target Remote File Systems (Pre).
[[0;32m  OK  [0m] Reached target Remote File Systems.
         Starting LSB: automatic crash report generation...
         Starting Tool to automatically collâ€¦ submit kernel crash signatures...
         Starting LSB: Speech Dispatcher...
         Starting Permit User Sessions...
         Starting Availability of block devices...
         Starting Docker Application Container Engine...
[[0;32m  OK  [0m] Started OpenBSD Secure Shell server.
[[0;32m  OK  [0m] Started Ubuntu FAN network setup.
[[0;32m  OK  [0m] Started Permit User Sessions.
[[0;32m  OK  [0m] Started Tool to automatically colleâ€¦nd submit kernel crash signatures.
[[0;32m  OK  [0m] Started Availability of block devices.
         Starting Hold until boot process finishes up...
[[0;32m  OK  [0m] Started LSB: Speech Dispatcher.
[[0;32m  OK  [0m] Started Hold until boot process finishes up.
         Starting Set console scheme...
[[0;32m  OK  [0m] Started Serial Getty on ttyS0.
[[0;32m  OK  [0m] Reached target Login Prompts.
[[0;32m  OK  [0m] Started LSB: automatic crash report generation.
[[0;32m  OK  [0m] Started Set console scheme.
[[0;32m  OK  [0m] Created slice system-getty.slice.
[[0;32m  OK  [0m] Started Snappy daemon.
         Starting Wait until snapd is fully seeded...
[[0;32m  OK  [0m] Started Wait until snapd is fully seeded.
         Starting Apply the settings specified in cloud-config...
[[0;32m  OK  [0m] Started vboxadd.service.
         Starting GNOME Display Manager...
         Starting vboxadd-service.service...
[[0;32m  OK  [0m] Started GNOME Display Manager.
[[0;32m  OK  [0m] Started vboxadd-service.service.
[[0;32m  OK  [0m] Created slice User Slice of gdm.
[   13.540315] cloud-init[1928]: Cloud-init v. 19.4-33-gbb4131a2-0ubuntu1~18.04.1 running 'modules:config' at Tue, 24 Mar 2020 12:07:43 +0000. Up 13.45 seconds.
         Starting User Manager for UID 125...
[[0;32m  OK  [0m] Started Session c1 of user gdm.
[[0;32m  OK  [0m] Started Apply the settings specified in cloud-config.
[[0;32m  OK  [0m] Started User Manager for UID 125.
         Starting Daemon for power management...
[[0;32m  OK  [0m] Started Docker Application Container Engine.
[[0;32m  OK  [0m] Reached target Multi-User System.
[[0;32m  OK  [0m] Reached target Graphical Interface.
         Starting Execute cloud user/final scripts...
         Starting Update UTMP about System Runlevel Changes...
[[0;32m  OK  [0m] Started Update UTMP about System Runlevel Changes.
[[0;32m  OK  [0m] Started Daemon for power management.
         Stopping User Manager for UID 125...
[[0;32m  OK  [0m] Started Session c2 of user gdm.
         Starting User Manager for UID 125...
[[0;32m  OK  [0m] Started User Manager for UID 125.
[   14.421245] cloud-init[2280]: Cloud-init v. 19.4-33-gbb4131a2-0ubuntu1~18.04.1 running 'modules:final' at Tue, 24 Mar 2020 12:07:44 +0000. Up 14.35 seconds.
[   14.433070] cloud-init[2280]: Cloud-init v. 19.4-33-gbb4131a2-0ubuntu1~18.04.1 finished at Tue, 24 Mar 2020 12:07:44 +0000. Datasource DataSourceNoCloud [seed=/dev/sdb][dsmode=net].  Up 14.41 seconds
[[0;32m  OK  [0m] Started Execute cloud user/final scripts.
[[0;32m  OK  [0m] Reached target Cloud-init target.

Ubuntu 18.04.4 LTS ubuntu-bionic ttyS0

ubuntu-bionic login: 