[    0.000000] Linux version 4.15.0-88-generic (buildd@lgw01-amd64-036) (gcc version 7.4.0 (Ubuntu 7.4.0-1ubuntu1~18.04.1)) #88-Ubuntu SMP Tue Feb 11 20:11:34 UTC 2020 (Ubuntu 4.15.0-88.88-generic 4.15.18)
[    0.000000] Command line: BOOT_IMAGE=/boot/vmlinuz-4.15.0-88-generic root=LABEL=cloudimg-rootfs ro console=tty1 console=ttyS0
[    0.000000] KERNEL supported cpus:
[    0.000000]   Intel GenuineIntel
[    0.000000]   AMD AuthenticAMD
[    0.000000]   Centaur CentaurHauls
[    0.000000] x86/fpu: Supporting XSAVE feature 0x001: 'x87 floating point registers'
[    0.000000] x86/fpu: Supporting XSAVE feature 0x002: 'SSE registers'
[    0.000000] x86/fpu: Supporting XSAVE feature 0x004: 'AVX registers'
[    0.000000] x86/fpu: xstate_offset[2]:  576, xstate_sizes[2]:  256
[    0.000000] x86/fpu: Enabled xstate features 0x7, context size is 832 bytes, using 'standard' format.
[    0.000000] e820: BIOS-provided physical RAM map:
[    0.000000] BIOS-e820: [mem 0x0000000000000000-0x000000000009fbff] usable
[    0.000000] BIOS-e820: [mem 0x000000000009fc00-0x000000000009ffff] reserved
[    0.000000] BIOS-e820: [mem 0x00000000000f0000-0x00000000000fffff] reserved
[    0.000000] BIOS-e820: [mem 0x0000000000100000-0x00000000dffeffff] usable
[    0.000000] BIOS-e820: [mem 0x00000000dfff0000-0x00000000dfffffff] ACPI data
[    0.000000] BIOS-e820: [mem 0x00000000fec00000-0x00000000fec00fff] reserved
[    0.000000] BIOS-e820: [mem 0x00000000fee00000-0x00000000fee00fff] reserved
[    0.000000] BIOS-e820: [mem 0x00000000fffc0000-0x00000000ffffffff] reserved
[    0.000000] BIOS-e820: [mem 0x0000000100000000-0x00000002203fffff] usable
[    0.000000] NX (Execute Disable) protection: active
[    0.000000] SMBIOS 2.5 present.
[    0.000000] DMI: innotek GmbH VirtualBox/VirtualBox, BIOS VirtualBox 12/01/2006
[    0.000000] Hypervisor detected: KVM
[    0.000000] e820: last_pfn = 0x220400 max_arch_pfn = 0x400000000
[    0.000000] MTRR: Disabled
[    0.000000] x86/PAT: MTRRs disabled, skipping PAT initialization too.
[    0.000000] CPU MTRRs all blank - virtualized system.
[    0.000000] x86/PAT: Configuration [0-7]: WB  WT  UC- UC  WB  WT  UC- UC  
[    0.000000] e820: last_pfn = 0xdfff0 max_arch_pfn = 0x400000000
[    0.000000] found SMP MP-table at [mem 0x0009fff0-0x0009ffff]
[    0.000000] Scanning 1 areas for low memory corruption
[    0.000000] RAMDISK: [mem 0x35a6d000-0x36d2dfff]
[    0.000000] ACPI: Early table checksum verification disabled
[    0.000000] ACPI: RSDP 0x00000000000E0000 000024 (v02 VBOX  )
[    0.000000] ACPI: XSDT 0x00000000DFFF0030 00003C (v01 VBOX   VBOXXSDT 00000001 ASL  00000061)
[    0.000000] ACPI: FACP 0x00000000DFFF00F0 0000F4 (v04 VBOX   VBOXFACP 00000001 ASL  00000061)
[    0.000000] ACPI: DSDT 0x00000000DFFF0480 002325 (v02 VBOX   VBOXBIOS 00000002 INTL 20100528)
[    0.000000] ACPI: FACS 0x00000000DFFF0200 000040
[    0.000000] ACPI: FACS 0x00000000DFFF0200 000040
[    0.000000] ACPI: APIC 0x00000000DFFF0240 00006C (v02 VBOX   VBOXAPIC 00000001 ASL  00000061)
[    0.000000] ACPI: SSDT 0x00000000DFFF02B0 0001CC (v01 VBOX   VBOXCPUT 00000002 INTL 20100528)
[    0.000000] No NUMA configuration found
[    0.000000] Faking a node at [mem 0x0000000000000000-0x00000002203fffff]
[    0.000000] NODE_DATA(0) allocated [mem 0x2203d1000-0x2203fbfff]
[    0.000000] kvm-clock: cpu 0, msr 2:20350001, primary cpu clock
[    0.000000] kvm-clock: Using msrs 4b564d01 and 4b564d00
[    0.000000] kvm-clock: using sched offset of 3421097766 cycles
[    0.000000] clocksource: kvm-clock: mask: 0xffffffffffffffff max_cycles: 0x1cd42e4dffb, max_idle_ns: 881590591483 ns
[    0.000000] Section 67 and 68 (node 0) have a circular dependency on usemap and pgdat allocations
[    0.000000] Zone ranges:
[    0.000000]   DMA      [mem 0x0000000000001000-0x0000000000ffffff]
[    0.000000]   DMA32    [mem 0x0000000001000000-0x00000000ffffffff]
[    0.000000]   Normal   [mem 0x0000000100000000-0x00000002203fffff]
[    0.000000]   Device   empty
[    0.000000] Movable zone start for each node
[    0.000000] Early memory node ranges
[    0.000000]   node   0: [mem 0x0000000000001000-0x000000000009efff]
[    0.000000]   node   0: [mem 0x0000000000100000-0x00000000dffeffff]
[    0.000000]   node   0: [mem 0x0000000100000000-0x00000002203fffff]
[    0.000000] Reserved but unavailable: 98 pages
[    0.000000] Initmem setup node 0 [mem 0x0000000000001000-0x00000002203fffff]
[    0.000000] ACPI: PM-Timer IO Port: 0x4008
[    0.000000] IOAPIC[0]: apic_id 4, version 32, address 0xfec00000, GSI 0-23
[    0.000000] ACPI: INT_SRC_OVR (bus 0 bus_irq 0 global_irq 2 dfl dfl)
[    0.000000] ACPI: INT_SRC_OVR (bus 0 bus_irq 9 global_irq 9 low level)
[    0.000000] Using ACPI (MADT) for SMP configuration information
[    0.000000] smpboot: Allowing 4 CPUs, 0 hotplug CPUs
[    0.000000] PM: Registered nosave memory: [mem 0x00000000-0x00000fff]
[    0.000000] PM: Registered nosave memory: [mem 0x0009f000-0x0009ffff]
[    0.000000] PM: Registered nosave memory: [mem 0x000a0000-0x000effff]
[    0.000000] PM: Registered nosave memory: [mem 0x000f0000-0x000fffff]
[    0.000000] PM: Registered nosave memory: [mem 0xdfff0000-0xdfffffff]
[    0.000000] PM: Registered nosave memory: [mem 0xe0000000-0xfebfffff]
[    0.000000] PM: Registered nosave memory: [mem 0xfec00000-0xfec00fff]
[    0.000000] PM: Registered nosave memory: [mem 0xfec01000-0xfedfffff]
[    0.000000] PM: Registered nosave memory: [mem 0xfee00000-0xfee00fff]
[    0.000000] PM: Registered nosave memory: [mem 0xfee01000-0xfffbffff]
[    0.000000] PM: Registered nosave memory: [mem 0xfffc0000-0xffffffff]
[    0.000000] e820: [mem 0xe0000000-0xfebfffff] available for PCI devices
[    0.000000] Booting paravirtualized kernel on KVM
[    0.000000] clocksource: refined-jiffies: mask: 0xffffffff max_cycles: 0xffffffff, max_idle_ns: 7645519600211568 ns
[    0.000000] random: get_random_bytes called from start_kernel+0x99/0x4fd with crng_init=0
[    0.000000] setup_percpu: NR_CPUS:8192 nr_cpumask_bits:4 nr_cpu_ids:4 nr_node_ids:1
[    0.000000] percpu: Embedded 45 pages/cpu s147456 r8192 d28672 u524288
[    0.000000] PV qspinlock hash table entries: 256 (order: 0, 4096 bytes)
[    0.000000] Built 1 zonelists, mobility grouping on.  Total pages: 2065257
[    0.000000] Policy zone: Normal
[    0.000000] Kernel command line: BOOT_IMAGE=/boot/vmlinuz-4.15.0-88-generic root=LABEL=cloudimg-rootfs ro console=tty1 console=ttyS0
[    0.000000] Memory: 8144132K/8392248K available (12300K kernel code, 2481K rwdata, 4264K rodata, 2428K init, 2712K bss, 248116K reserved, 0K cma-reserved)
[    0.000000] SLUB: HWalign=64, Order=0-3, MinObjects=0, CPUs=4, Nodes=1
[    0.000000] ftrace: allocating 39344 entries in 154 pages
[    0.004000] Hierarchical RCU implementation.
[    0.004000] 	RCU restricting CPUs from NR_CPUS=8192 to nr_cpu_ids=4.
[    0.004000] 	Tasks RCU enabled.
[    0.004000] RCU: Adjusting geometry for rcu_fanout_leaf=16, nr_cpu_ids=4
[    0.004000] NR_IRQS: 524544, nr_irqs: 456, preallocated irqs: 16
[    0.004000] Console: colour VGA+ 80x25
[    0.004000] console [tty1] enabled
[    0.004000] console [ttyS0] enabled
[    0.004000] ACPI: Core revision 20170831
[    0.004000] ACPI: 2 ACPI AML tables successfully acquired and loaded
[    0.004000] APIC: Switch to symmetric I/O mode setup
[    0.004000] x2apic enabled
[    0.004000] Switched APIC routing to physical x2apic.
[    0.004000] ..TIMER: vector=0x30 apic1=0 pin1=2 apic2=-1 pin2=-1
[    0.004003] tsc: Detected 2591.998 MHz processor
[    0.004641] Calibrating delay loop (skipped) preset value.. 5183.99 BogoMIPS (lpj=10367992)
[    0.005170] pid_max: default: 32768 minimum: 301
[    0.005832] Security Framework initialized
[    0.006551] Yama: becoming mindful.
[    0.007179] AppArmor: AppArmor initialized
[    0.020090] Dentry cache hash table entries: 1048576 (order: 11, 8388608 bytes)
[    0.026953] Inode-cache hash table entries: 524288 (order: 10, 4194304 bytes)
[    0.028020] Mount-cache hash table entries: 16384 (order: 5, 131072 bytes)
[    0.029153] Mountpoint-cache hash table entries: 16384 (order: 5, 131072 bytes)
[    0.030340] Last level iTLB entries: 4KB 64, 2MB 8, 4MB 8
[    0.031152] Last level dTLB entries: 4KB 64, 2MB 0, 4MB 0, 1GB 4
[    0.032006] Spectre V1 : Mitigation: usercopy/swapgs barriers and __user pointer sanitization
[    0.033215] Spectre V2 : Mitigation: Full generic retpoline
[    0.034087] Spectre V2 : Spectre v2 / SpectreRSB mitigation: Filling RSB on context switch
[    0.036001] Speculative Store Bypass: Vulnerable
[    0.036641] TAA: Mitigation: TSX disabled
[    0.037334] Freeing SMP alternatives memory: 36K
[    0.147208] smpboot: CPU0: Intel(R) Core(TM) i7-9850H CPU @ 2.60GHz (family: 0x6, model: 0x9e, stepping: 0xd)
[    0.148000] Performance Events: unsupported p6 CPU model 158 no PMU driver, software events only.
[    0.148000] Hierarchical SRCU implementation.
[    0.148289] NMI watchdog: Perf event create on CPU 0 failed with -2
[    0.149132] NMI watchdog: Perf NMI watchdog permanently disabled
[    0.152039] smp: Bringing up secondary CPUs ...
[    0.152809] x86: Booting SMP configuration:
[    0.153496] .... node  #0, CPUs:      #1
[    0.004000] kvm-clock: cpu 1, msr 2:20350041, secondary cpu clock
[    0.156047]  #2
[    0.004000] kvm-clock: cpu 2, msr 2:20350081, secondary cpu clock
[    0.160053]  #3
[    0.004000] kvm-clock: cpu 3, msr 2:203500c1, secondary cpu clock
[    0.164013] smp: Brought up 1 node, 4 CPUs
[    0.164576] smpboot: Max logical packages: 1
[    0.165175] smpboot: Total of 4 processors activated (20735.98 BogoMIPS)
[    0.166349] devtmpfs: initialized
[    0.166349] x86/mm: Memory block size: 128MB
[    0.166349] evm: security.selinux
[    0.168002] evm: security.SMACK64
[    0.168492] evm: security.SMACK64EXEC
[    0.169021] evm: security.SMACK64TRANSMUTE
[    0.169640] evm: security.SMACK64MMAP
[    0.170155] evm: security.apparmor
[    0.170664] evm: security.ima
[    0.172001] evm: security.capability
[    0.172616] clocksource: jiffies: mask: 0xffffffff max_cycles: 0xffffffff, max_idle_ns: 7645041785100000 ns
[    0.173284] futex hash table entries: 1024 (order: 4, 65536 bytes)
[    0.174281] pinctrl core: initialized pinctrl subsystem
[    0.176073] RTC time: 12:08:06, date: 03/10/20
[    0.177074] NET: Registered protocol family 16
[    0.177802] audit: initializing netlink subsys (disabled)
[    0.178541] audit: type=2000 audit(1583842091.316:1): state=initialized audit_enabled=0 res=1
[    0.178541] cpuidle: using governor ladder
[    0.180005] cpuidle: using governor menu
[    0.180684] ACPI: bus type PCI registered
[    0.181327] acpiphp: ACPI Hot Plug PCI Controller Driver version: 0.5
[    0.184071] PCI: Using configuration type 1 for base access
[    0.184826] HugeTLB registered 2.00 MiB page size, pre-allocated 0 pages
[    0.188052] ACPI: Added _OSI(Module Device)
[    0.188667] ACPI: Added _OSI(Processor Device)
[    0.189340] ACPI: Added _OSI(3.0 _SCP Extensions)
[    0.190017] ACPI: Added _OSI(Processor Aggregator Device)
[    0.190747] ACPI: Added _OSI(Linux-Dell-Video)
[    0.192006] ACPI: Added _OSI(Linux-Lenovo-NV-HDMI-Audio)
[    0.192888] ACPI: Added _OSI(Linux-HPI-Hybrid-Graphics)
[    0.193934] ACPI: Executed 1 blocks of module-level executable AML code
[    0.197406] ACPI: Interpreter enabled
[    0.197998] ACPI: (supports S0 S5)
[    0.198574] ACPI: Using IOAPIC for interrupt routing
[    0.199576] PCI: Using host bridge windows from ACPI; if necessary, use "pci=nocrs" and report a bug
[    0.200126] ACPI: Enabled 2 GPEs in block 00 to 07
[    0.206026] ACPI: PCI Root Bridge [PCI0] (domain 0000 [bus 00-ff])
[    0.206855] acpi PNP0A03:00: _OSC: OS supports [ASPM ClockPM Segments MSI]
[    0.208000] acpi PNP0A03:00: _OSC: not requesting OS control; OS requires [ExtendedConfig ASPM ClockPM MSI]
[    0.208009] acpi PNP0A03:00: fail to add MMCONFIG information, can't access extended PCI configuration space under this bridge.
[    0.212083] PCI host bridge to bus 0000:00
[    0.212671] pci_bus 0000:00: root bus resource [io  0x0000-0x0cf7 window]
[    0.216002] pci_bus 0000:00: root bus resource [io  0x0d00-0xffff window]
[    0.216898] pci_bus 0000:00: root bus resource [mem 0x000a0000-0x000bffff window]
[    0.220002] pci_bus 0000:00: root bus resource [mem 0xe0000000-0xfdffffff window]
[    0.221484] pci_bus 0000:00: root bus resource [bus 00-ff]
[    0.224114] pci 0000:00:01.1: legacy IDE quirk: reg 0x10: [io  0x01f0-0x01f7]
[    0.224952] pci 0000:00:01.1: legacy IDE quirk: reg 0x14: [io  0x03f6]
[    0.225836] pci 0000:00:01.1: legacy IDE quirk: reg 0x18: [io  0x0170-0x0177]
[    0.226712] pci 0000:00:01.1: legacy IDE quirk: reg 0x1c: [io  0x0376]
[    0.285236] pci 0000:00:07.0: quirk: [io  0x4000-0x403f] claimed by PIIX4 ACPI
[    0.288012] pci 0000:00:07.0: quirk: [io  0x4100-0x410f] claimed by PIIX4 SMB
[    0.305198] ACPI: PCI Interrupt Link [LNKA] (IRQs 5 9 10 *11)
[    0.308235] ACPI: PCI Interrupt Link [LNKB] (IRQs 5 9 *10 11)
[    0.309715] ACPI: PCI Interrupt Link [LNKC] (IRQs 5 *9 10 11)
[    0.310581] ACPI: PCI Interrupt Link [LNKD] (IRQs 5 9 10 *11)
[    0.312106] SCSI subsystem initialized
[    0.312745] pci 0000:00:02.0: vgaarb: setting as boot VGA device
[    0.312888] pci 0000:00:02.0: vgaarb: VGA device added: decodes=io+mem,owns=io+mem,locks=none
[    0.314004] pci 0000:00:02.0: vgaarb: bridge control possible
[    0.314785] vgaarb: loaded
[    0.316017] ACPI: bus type USB registered
[    0.316597] usbcore: registered new interface driver usbfs
[    0.317427] usbcore: registered new interface driver hub
[    0.318182] usbcore: registered new device driver usb
[    0.318969] EDAC MC: Ver: 3.0.0
[    0.320112] PCI: Using ACPI for IRQ routing
[    0.320932] NetLabel: Initializing
[    0.321547] NetLabel:  domain hash size = 128
[    0.322164] NetLabel:  protocols = UNLABELED CIPSOv4 CALIPSO
[    0.322975] NetLabel:  unlabeled traffic allowed by default
[    0.324099] clocksource: Switched to clocksource kvm-clock
[    0.340999] VFS: Disk quotas dquot_6.6.0
[    0.341695] VFS: Dquot-cache hash table entries: 512 (order 0, 4096 bytes)
[    0.342719] AppArmor: AppArmor Filesystem Enabled
[    0.343383] pnp: PnP ACPI init
[    0.344620] pnp: PnP ACPI: found 3 devices
[    0.353536] clocksource: acpi_pm: mask: 0xffffff max_cycles: 0xffffff, max_idle_ns: 2085701024 ns
[    0.354769] NET: Registered protocol family 2
[    0.355476] TCP established hash table entries: 65536 (order: 7, 524288 bytes)
[    0.359509] TCP bind hash table entries: 65536 (order: 8, 1048576 bytes)
[    0.360547] TCP: Hash tables configured (established 65536 bind 65536)
[    0.361487] UDP hash table entries: 4096 (order: 5, 131072 bytes)
[    0.362321] UDP-Lite hash table entries: 4096 (order: 5, 131072 bytes)
[    0.363207] NET: Registered protocol family 1
[    0.363823] pci 0000:00:00.0: Limiting direct PCI/PCI transfers
[    0.364697] pci 0000:00:01.0: Activating ISA DMA hang workarounds
[    0.365543] pci 0000:00:02.0: Video device with shadowed ROM at [mem 0x000c0000-0x000dffff]
[    0.366669] Unpacking initramfs...
[    0.643382] Freeing initrd memory: 19204K
[    0.644197] PCI-DMA: Using software bounce buffering for IO (SWIOTLB)
[    0.645039] software IO TLB: mapped [mem 0xdbff0000-0xdfff0000] (64MB)
[    0.645907] clocksource: tsc: mask: 0xffffffffffffffff max_cycles: 0x255cb518234, max_idle_ns: 440795279333 ns
[    0.647704] platform rtc_cmos: registered platform RTC device (no PNP device found)
[    0.648980] Scanning for low memory corruption every 60 seconds
[    0.650371] Initialise system trusted keyrings
[    0.650988] Key type blacklist registered
[    0.651617] workingset: timestamp_bits=36 max_order=21 bucket_order=0
[    0.653123] zbud: loaded
[    0.656684] squashfs: version 4.0 (2009/01/31) Phillip Lougher
[    0.657722] fuse init (API version 7.26)
[    0.661914] Key type asymmetric registered
[    0.662417] Asymmetric key parser 'x509' registered
[    0.663013] Block layer SCSI generic (bsg) driver version 0.4 loaded (major 246)
[    0.663924] io scheduler noop registered
[    0.664566] io scheduler deadline registered
[    0.665220] io scheduler cfq registered (default)
[    0.666197] ACPI: AC Adapter [AC] (on-line)
[    0.666793] input: Power Button as /devices/LNXSYSTM:00/LNXPWRBN:00/input/input0
[    0.667834] ACPI: Power Button [PWRF]
[    0.668480] input: Sleep Button as /devices/LNXSYSTM:00/LNXSLPBN:00/input/input1
[    0.669492] ACPI: Sleep Button [SLPF]
[    0.670424] Serial: 8250/16550 driver, 32 ports, IRQ sharing enabled
[    0.670918] ACPI: Battery Slot [BAT0] (battery present)
[    0.692318] 00:02: ttyS0 at I/O 0x3f8 (irq = 4, base_baud = 115200) is a 16550A
[    0.696343] Linux agpgart interface v0.103
[    0.701458] loop: module loaded
[    0.702362] scsi host0: ata_piix
[    0.703138] scsi host1: ata_piix
[    0.703659] ata1: PATA max UDMA/33 cmd 0x1f0 ctl 0x3f6 bmdma 0xd000 irq 14
[    0.704632] ata2: PATA max UDMA/33 cmd 0x170 ctl 0x376 bmdma 0xd008 irq 15
[    0.705554] libphy: Fixed MDIO Bus: probed
[    0.706302] tun: Universal TUN/TAP device driver, 1.6
[    0.707213] PPP generic driver version 2.4.2
[    0.707893] ehci_hcd: USB 2.0 'Enhanced' Host Controller (EHCI) Driver
[    0.709124] ehci-pci: EHCI PCI platform driver
[    0.710154] ehci-platform: EHCI generic platform driver
[    0.710994] ohci_hcd: USB 1.1 'Open' Host Controller (OHCI) Driver
[    0.711815] ohci-pci: OHCI PCI platform driver
[    0.712680] ohci-platform: OHCI generic platform driver
[    0.713388] uhci_hcd: USB Universal Host Controller Interface driver
[    0.714303] i8042: PNP: PS/2 Controller [PNP0303:PS2K,PNP0f03:PS2M] at 0x60,0x64 irq 1,12
[    0.715762] serio: i8042 KBD port at 0x60,0x64 irq 1
[    0.716636] serio: i8042 AUX port at 0x60,0x64 irq 12
[    0.717563] mousedev: PS/2 mouse device common for all mice
[    0.718966] rtc_cmos rtc_cmos: rtc core: registered rtc_cmos as rtc0
[    0.719769] rtc_cmos rtc_cmos: alarms up to one day, 114 bytes nvram
[    0.720623] i2c /dev entries driver
[    0.721094] input: AT Translated Set 2 keyboard as /devices/platform/i8042/serio0/input/input2
[    0.722141] device-mapper: uevent: version 1.0.3
[    0.722896] device-mapper: ioctl: 4.37.0-ioctl (2017-09-20) initialised: dm-devel@redhat.com
[    0.724313] ledtrig-cpu: registered to indicate activity on CPUs
[    0.725592] NET: Registered protocol family 10
[    0.729255] Segment Routing with IPv6
[    0.729791] NET: Registered protocol family 17
[    0.730543] Key type dns_resolver registered
[    0.731490] mce: Using 0 MCE banks
[    0.731986] RAS: Correctable Errors collector initialized.
[    0.732828] sched_clock: Marking stable (732814906, 0)->(1174497361, -441682455)
[    0.735177] registered taskstats version 1
[    0.735677] Loading compiled-in X.509 certificates
[    0.737712] Loaded X.509 cert 'Build time autogenerated kernel key: f0020782f0d3a548186fb3f47aed88387a71e859'
[    0.738843] zswap: loaded using pool lzo/zbud
[    0.745529] Key type big_key registered
[    0.746096] Key type trusted registered
[    0.747749] Key type encrypted registered
[    0.748500] AppArmor: AppArmor sha1 policy hashing enabled
[    0.749405] ima: No TPM chip found, activating TPM-bypass! (rc=-19)
[    0.750236] ima: Allocated hash algorithm: sha1
[    0.750923] evm: HMAC attrs: 0x1
[    0.751531]   Magic number: 12:69:127
[    0.752394] acpi device:02: hash matches
[    0.753119] rtc_cmos rtc_cmos: setting system clock to 2020-03-10 12:08:06 UTC (1583842086)
[    0.754344] BIOS EDD facility v0.16 2004-Jun-25, 0 devices found
[    0.755122] EDD information not available.
[    0.891425] Freeing unused kernel image memory: 2428K
[    1.120801] Write protecting the kernel read-only data: 20480k
[    1.124719] Freeing unused kernel image memory: 2008K
[    1.126356] Freeing unused kernel image memory: 1880K
[    1.133475] x86/mm: Checked W+X mappings: passed, no W+X pages found.
Loading, please wait...
starting version 237
[    1.181746] e1000: Intel(R) PRO/1000 Network Driver - version 7.3.21-k8-NAPI
[    1.182788] e1000: Copyright (c) 1999-2006 Intel Corporation.
[    1.185970] Fusion MPT base driver 3.04.20
[    1.186564] Copyright (c) 1999-2008 LSI Corporation
[    1.189743] Fusion MPT SPI Host driver 3.04.20
[    1.197290] AVX2 version of gcm_enc/dec engaged.
[    1.197946] AES CTR mode by8 optimization enabled
[    1.419978] input: ImExPS/2 Generic Explorer Mouse as /devices/platform/i8042/serio1/input/input4
[    1.545847] e1000 0000:00:03.0 eth0: (PCI:33MHz:32-bit) 02:fa:82:eb:a2:e9
[    1.546691] e1000 0000:00:03.0 eth0: Intel(R) PRO/1000 Network Connection
[    1.548315] e1000 0000:00:03.0 enp0s3: renamed from eth0
[    1.548331] mptbase: ioc0: Initiating bringup
[    1.714171] ioc0: LSI53C1030 A0: Capabilities={Initiator}
[    3.683347] scsi host2: ioc0: LSI53C1030 A0, FwRev=00000000h, Ports=1, MaxQ=256, IRQ=20
[    5.660489] scsi 2:0:0:0: Direct-Access     VBOX     HARDDISK         1.0  PQ: 0 ANSI: 5
[    5.744745] scsi target2:0:0: Beginning Domain Validation
[    5.752390] scsi target2:0:0: Domain Validation skipping write tests
[    5.754933] scsi target2:0:0: Ending Domain Validation
[    5.757444] scsi target2:0:0: asynchronous
[    5.761345] scsi 2:0:1:0: Direct-Access     VBOX     HARDDISK         1.0  PQ: 0 ANSI: 5
[    6.247156] scsi target2:0:1: Beginning Domain Validation
[    6.255413] random: fast init done
[    6.258639] scsi target2:0:1: Domain Validation skipping write tests
[    6.261734] scsi target2:0:1: Ending Domain Validation
[    6.264054] scsi target2:0:1: asynchronous
[    6.268959] sd 2:0:0:0: Attached scsi generic sg0 type 0
[    6.269116] random: systemd-udevd: uninitialized urandom read (16 bytes read)
[    6.269973] sd 2:0:0:0: [sda] 20971520 512-byte logical blocks: (10.7 GB/10.0 GiB)
[    6.270752] random: systemd-udevd: uninitialized urandom read (16 bytes read)
[    6.271736] sd 2:0:0:0: [sda] Write Protect is off
[    6.272636] random: systemd-udevd: uninitialized urandom read (16 bytes read)
[    6.273085] sd 2:0:1:0: Attached scsi generic sg1 type 0
[    6.273699] sd 2:0:0:0: [sda] Incomplete mode parameter data
[    6.274349] sd 2:0:1:0: [sdb] 20480 512-byte logical blocks: (10.5 MB/10.0 MiB)
[    6.274975] sd 2:0:0:0: [sda] Assuming drive cache: write through
[    6.275773] sd 2:0:1:0: [sdb] Write Protect is off
[    6.278422] sd 2:0:1:0: [sdb] Incomplete mode parameter data
[    6.284877] sd 2:0:1:0: [sdb] Assuming drive cache: write through
[    6.286780]  sda: sda1
[    6.288571] sd 2:0:0:0: [sda] Attached SCSI disk
[    6.289627] sd 2:0:1:0: [sdb] Attached SCSI disk
Begin: Loading essential drivers ... [    8.124406] raid6: sse2x1   gen() 14232 MB/s
[    8.172272] raid6: sse2x1   xor()  8372 MB/s
[    8.220131] raid6: sse2x2   gen() 17568 MB/s
[    8.268840] raid6: sse2x2   xor() 11557 MB/s
[    8.316707] raid6: sse2x4   gen() 18938 MB/s
[    8.364044] raid6: sse2x4   xor() 10860 MB/s
[    8.412340] raid6: avx2x1   gen() 26042 MB/s
[    8.460164] raid6: avx2x1   xor() 16346 MB/s
[    8.508042] raid6: avx2x2   gen() 33149 MB/s
[    8.556779] raid6: avx2x2   xor() 22005 MB/s
[    8.604580] raid6: avx2x4   gen() 36651 MB/s
[    8.652405] raid6: avx2x4   xor() 22716 MB/s
[    8.653001] raid6: using algorithm avx2x4 gen() 36651 MB/s
[    8.653850] raid6: .... xor() 22716 MB/s, rmw enabled
[    8.654816] raid6: using avx2x2 recovery algorithm
[    8.656964] xor: automatically using best checksumming function   avx       
[    8.658860] async_tx: api initialized (async)
done.
Begin: Running /scripts/init-premount ... done.
Begin: Mounting root file system ... Begin: Running /scripts/local-top ... done.
Begin: Running /scripts/local-premount ... [    8.689074] Btrfs loaded, crc32c=crc32c-intel
Scanning for Btrfs filesystems
done.
Warning: fsck not present, so skipping root file system
[    8.710014] EXT4-fs (sda1): mounted filesystem with ordered data mode. Opts: (null)
done.
Begin: Running /scripts/local-bottom ... done.
Begin: Running /scripts/init-bottom ... done.
[    8.853233] ip_tables: (C) 2000-2006 Netfilter Core Team
[    8.860387] systemd[1]: systemd 237 running in system mode. (+PAM +AUDIT +SELINUX +IMA +APPARMOR +SMACK +SYSVINIT +UTMP +LIBCRYPTSETUP +GCRYPT +GNUTLS +ACL +XZ +LZ4 +SECCOMP +BLKID +ELFUTILS +KMOD -IDN2 +IDN -PCRE2 default-hierarchy=hybrid)
[    8.862945] systemd[1]: Detected virtualization oracle.
[    8.863589] systemd[1]: Detected architecture x86-64.

Welcome to [1mUbuntu 18.04.4 LTS[0m!

[    8.870547] systemd[1]: Set hostname to <ubuntu>.
[    8.874349] systemd[1]: Initializing machine ID from random generator.
[    8.875174] systemd[1]: Installed transient /etc/machine-id file.
[    9.220537] systemd[1]: Started Forward Password Requests to Wall Directory Watch.
[[0;32m  OK  [0m] Started Forward Password Requests to Wall Directory Watch.
[    9.223852] systemd[1]: Created slice User and Session Slice.
[[0;32m  OK  [0m] Created slice User and Session Slice.
[    9.225203] systemd[1]: Created slice System Slice.
[[0;32m  OK  [0m] Created slice System Slice.
[    9.226308] systemd[1]: Listening on udev Control Socket.
[[0;32m  OK  [0m] Listening on udev Control Socket.
[[0;32m  OK  [0m] Listening on /dev/initctl Compatibility Named Pipe.
[[0;32m  OK  [0m] Listening on LVM2 metadata daemon socket.
[[0;32m  OK  [0m] Reached target User and Group Name Lookups.
[[0;32m  OK  [0m] Reached target Slices.
[[0;32m  OK  [0m] Reached target Swap.
[[0;32m  OK  [0m] Listening on Journal Socket.
[[0;32m  OK  [0m] Listening on Network Service Netlink Socket.
[[0;32m  OK  [0m] Listening on udev Kernel Socket.
         Starting udev Coldplug all Devices...
[[0;32m  OK  [0m] Listening on LVM2 poll daemon socket.
         Starting Load Kernel Modules...
         Starting Remount Root and Kernel File Systems...
         Starting Uncomplicated firewall...
[[0;32m  OK  [0m] Listening on Journal Audit Socket.
[[0;32m  OK  [0m] Listening on Syslog Socket.
         Starting Set the console keyboard layout...
[    9.258400] Loading iSCSI transport class v2.0-870.
[    9.263546] iscsi: registered transport (tcp)
[[0;32m  OK  [0m] Reached target System Time Synchronized.
[[0;32m  OK  [0m] Created slice system-serial\x2dgetty.slice.
[[0;32m  OK  [0m] Listening on Device-mapper event daemon FIFOs.
         Starting Monitoring of LVM2 mirrorsâ€¦ng dmeventd or progress polling...
         Mounting Huge Pages File System...
         Starting Create list of required stâ€¦ce nodes for the current kernel...
[    9.283653] iscsi: registered transport (iser)
         Mounting Kernel Debug File System...
[[0;32m  OK  [0m] Set up automount Arbitrary Executabâ€¦rmats File System Automount Point.
         Mounting POSIX Message Queue File System...
[[0;32m  OK  [0m] Listening on Journal Socket (/dev/log).
[    9.364801] EXT4-fs (sda1): re-mounted. Opts: (null)
         Starting Journal Service...
[[0;32m  OK  [0m] Started Load Kernel Modules.
[[0;32m  OK  [0m] Started Remount Root and Kernel File Systems.
[[0;32m  OK  [0m] Started Uncomplicated firewall.
[[0;32m  OK  [0m] Mounted Huge Pages File System.
[[0;32m  OK  [0m] Started Create list of required staâ€¦vice nodes for the current kernel.
[[0;32m  OK  [0m] Started Journal Service.
[[0;32m  OK  [0m] Mounted Kernel Debug File System.
[[0;32m  OK  [0m] Started Set the console keyboard layout.
[[0;32m  OK  [0m] Mounted POSIX Message Queue File System.
[[0;32m  OK  [0m] Started udev Coldplug all Devices.
[[0;32m  OK  [0m] Started LVM2 metadata daemon.
         Starting Create Static Device Nodes in /dev...
         Starting Load/Save Random Seed...
         Starting Flush Journal to Persistent Storage...
         Starting Apply Kernel Variables...
         Mounting Kernel Configuration File System...
         Mounting FUSE Control File System...
[[0;32m  OK  [0m] Started Monitoring of LVM2 mirrors,â€¦sing dmeventd or progress polling.
[[0;32m  OK  [0m] Started Create Static Device Nodes in /dev.
[[0;32m  OK  [0m] Started Load/Save Random Seed.
[[0;32m  OK  [0m] Started Apply Kernel Variables.
[[0;32m  OK  [0m] Mounted Kernel Configuration File System.
[[0;32m  OK  [0m] Mounted FUSE Control File System.
         Starting udev Kernel Device Manager...
[[0;32m  OK  [0m] Reached target Local File Systems (Pre).
[[0;32m  OK  [0m] Reached target Local File Systems.
         Starting AppArmor initialization...
         Starting ebtables ruleset management...
         Starting Tell Plymouth To Write Out Runtime Data...
         Starting Set console font and keymap...
         Starting Commit a transient machine-id on disk...
[[0;32m  OK  [0m] Started udev Kernel Device Manager.
[[0;32m  OK  [0m] Started Dispatch Password Requests to Console Directory Watch.
[[0;32m  OK  [0m] Reached target Local Encrypted Volumes.
[[0;32m  OK  [0m] Started Tell Plymouth To Write Out Runtime Data.
[[0;32m  OK  [0m] Started Set console font and keymap.
[[0;32m  OK  [0m] Started Flush Journal to Persistent Storage.
         Starting Create Volatile Files and Directories...
[[0;32m  OK  [0m] Started Commit a transient machine-id on disk.
[[0;32m  OK  [0m] Started Create Volatile Files and Directories.
         Starting Update UTMP about System Boot/Shutdown...
[[0;32m  OK  [0m] Started Update UTMP about System Boot/Shutdown.
[[0;32m  OK  [0m] Started ebtables ruleset management.
[[0;32m  OK  [0m] Found device /dev/ttyS0.
[[0;32m  OK  [0m] Listening on Load/Save RF Kill Switch Status /dev/rfkill Watch.
[[0;32m  OK  [0m] Started AppArmor initialization.
         Starting Initial cloud-init job (pre-networking)...
[   11.304228] cloud-init[580]: Cloud-init v. 19.4-33-gbb4131a2-0ubuntu1~18.04.1 running 'init-local' at Tue, 10 Mar 2020 12:08:16 +0000. Up 11.04 seconds.
[[0;32m  OK  [0m] Started Initial cloud-init job (pre-networking).
[[0;32m  OK  [0m] Reached target Network (Pre).
         Starting Network Service...
[[0;32m  OK  [0m] Started Network Service.
         Starting Network Name Resolution...
         Starting Wait for Network to be Configured...
[[0;32m  OK  [0m] Started Network Name Resolution.
[[0;32m  OK  [0m] Reached target Network.
[[0;32m  OK  [0m] Reached target Host and Network Name Lookups.
[[0;32m  OK  [0m] Started Wait for Network to be Configured.
         Starting Initial cloud-init job (metadata service crawler)...
[   13.626312] cloud-init[694]: Cloud-init v. 19.4-33-gbb4131a2-0ubuntu1~18.04.1 running 'init' at Tue, 10 Mar 2020 12:08:19 +0000. Up 13.53 seconds.
[   13.636158] cloud-init[694]: ci-info: ++++++++++++++++++++++++++++++++++++++Net device info++++++++++++++++++++++++++++++++++++++
[   13.636750] cloud-init[694]: ci-info: +--------+------+----------------------------+---------------+--------+-------------------+
[   13.637684] cloud-init[694]: ci-info: | Device |  Up  |          Address           |      Mask     | Scope  |     Hw-Address    |
[   13.638568] cloud-init[694]: ci-info: +--------+------+----------------------------+---------------+--------+-------------------+
[   13.639546] cloud-init[694]: ci-info: | enp0s3 | True |         10.0.2.15          | 255.255.255.0 | global | 02:fa:82:eb:a2:e9 |
[   13.640407] cloud-init[694]: ci-info: | enp0s3 | True | fe80::fa:82ff:feeb:a2e9/64 |       .       |  link  | 02:fa:82:eb:a2:e9 |
[   13.641303] cloud-init[694]: ci-info: |   lo   | True |         127.0.0.1          |   255.0.0.0   |  host  |         .         |
[   13.642315] cloud-init[694]: ci-info: |   lo   | True |          ::1/128           |       .       |  host  |         .         |
[   13.643061] cloud-init[694]: ci-info: +--------+------+----------------------------+---------------+--------+-------------------+
[   13.644102] cloud-init[694]: ci-info: ++++++++++++++++++++++++++++Route IPv4 info+++++++++++++++++++++++++++++
[   13.656650] cloud-init[694]: ci-info: +-------+-------------+----------+-----------------+-----------+-------+
[   13.657309] cloud-init[694]: ci-info: | Route | Destination | Gateway  |     Genmask     | Interface | Flags |
[   13.672404] cloud-init[694]: ci-info: +-------+-------------+----------+-----------------+-----------+-------+
[   13.673449] cloud-init[694]: ci-info: |   0   |   0.0.0.0   | 10.0.2.2 |     0.0.0.0     |   enp0s3  |   UG  |
[   13.674363] cloud-init[694]: ci-info: |   1   |   10.0.2.0  | 0.0.0.0  |  255.255.255.0  |   enp0s3  |   U   |
[   13.675354] cloud-init[694]: ci-info: |   2   |   10.0.2.2  | 0.0.0.0  | 255.255.255.255 |   enp0s3  |   UH  |
[   13.676303] cloud-init[694]: ci-info: +-------+-------------+----------+-----------------+-----------+-------+
[   13.677134] cloud-init[694]: ci-info: +++++++++++++++++++Route IPv6 info+++++++++++++++++++
[   13.688142] cloud-init[694]: ci-info: +-------+-------------+---------+-----------+-------+
[   13.689151] cloud-init[694]: ci-info: | Route | Destination | Gateway | Interface | Flags |
[   13.689910] cloud-init[694]: ci-info: +-------+-------------+---------+-----------+-------+
[   13.690632] cloud-init[694]: ci-info: |   1   |  fe80::/64  |    ::   |   enp0s3  |   U   |
[   13.691390] cloud-init[694]: ci-info: |   3   |    local    |    ::   |   enp0s3  |   U   |
[   13.692154] cloud-init[694]: ci-info: |   4   |   ff00::/8  |    ::   |   enp0s3  |   U   |
[   13.692847] cloud-init[694]: ci-info: +-------+-------------+---------+-----------+-------+
[   14.913909] cloud-init[694]: Generating public/private rsa key pair.
[   14.914659] cloud-init[694]: Your identification has been saved in /etc/ssh/ssh_host_rsa_key.
[   14.915335] cloud-init[694]: Your public key has been saved in /etc/ssh/ssh_host_rsa_key.pub.
[   14.916018] cloud-init[694]: The key fingerprint is:
[   14.928595] cloud-init[694]: SHA256:nM6XcxspSSzkd8RGJ4zn3qo8BrTKCYyB+kAQ48t57zA root@ubuntu-bionic
[   14.940331] cloud-init[694]: The key's randomart image is:
[[0;32m  OK  [0m] Started Initial cloud-init job (metadata service crawler).
[   14.952559] cloud-init[694]: +---[RSA 2048]----+
[[0;32m  OK  [0m] Reached target Cloud-config availability.
[[0;32m  OK  [0m] Reached target System Initialization.
[   14.969576] cloud-init[694]: |o.         oo .  |
[[0;32m  OK  [0m] Listening on UUID daemon activation socket.
[   14.970465] cloud-init[694]: |o.        .ooo   |
[   14.971554] cloud-init[694]: |.o      .  o+    |
[   14.980847] cloud-init[694]: |o.+    +.o o.    |
[   14.981858]          Starting Socket activation for snappy daemon.
[[0;32m  OK  [0m] Listening on D-Bus System Message Bus Socket.
[[0;32m  OK  [0m] Started Discard unused blocks once a week.
[[0;32m  OK  [0m] Started Message of the Day.
cloud-init[694]: |o+ =   .S.+...   |
[[0;32m  OK  [0m] Listening on Open-iSCSI iscsid Socket.
[   14.983414] cloud-init[694]: |o o +  oo+ +...  |
[   14.984694] [[0;32m  OK  [0m] Started ACPI Events Check.
[[0;32m  OK  [0m] Started Daily Cleanup of Temporary Directories.
cloud-init[694]: | o E + oo.* +.   |
[   14.986180]          Starting LXD - unix socket.
[[0;32m  OK  [0m] Listening on ACPID Listen Socket.
[[0;32m  OK  [0m] Reached target Paths.
[[0;32m  OK  [0m] Started Daily apt download activities.
[[0;32m  OK  [0m] Started Daily apt upgrade and clean activities.
cloud-init[694]: |  . + +  oo+.o   |
[[0;32m  OK  [0m] Reached target Timers.
[[0;32m  OK  [0m] Reached target Network is Online.
[   14.989246] cloud-init[694]: |     .   .oo.    |
[   14.990298] cloud-init[694]: +----[SHA256]-----+         Starting Availability of block devices...
[[0;32m  OK  [0m] Reached target Remote File Systems (Pre).
[[0;32m  OK  [0m] Reached target Remote File Systems.
[[0;32m  OK  [0m] Listening on Socket activation for snappy daemon.
[[0;32m  OK  [0m] Listening on LXD - unix socket.
[[0;32m  OK  [0m] Reached target Sockets.
[[0;32m  OK  [0m] Reached target Basic System.
         Starting LXD - container startup/shutdown...

         Starting Dispatcher daemon for systemd-networkd...
[   14.994528] cloud-init[694]: Generating public/private dsa key pair.
         Starting Virtualbox guest utils...
[   15.006938] cloud-init[694]: Your identification has been saved in /etc/ssh/ssh_host_dsa_key.
[   15.008016] cloud-init[694]: Your public key has been saved in /etc/ssh/ssh_host_dsa_key.pub.
[   15.009625] cloud-init[694]: The key fingerprint is:
[   15.010494] cloud-init[694]: SHA256:qs+wOIVYt2J8aH2FycDkq8Yo9FHoxOjWO6Uvq6z9IuI root@ubuntu-bionic
[   15.011991] cloud-init[694]: The key's randomart image is:
[   15.013489] [[0;32m  OK  [0m] Started FUSE filesystem for LXC.
cloud-init[694]: +---[DSA 1024]----+
[   15.014883] cloud-init[694]: |   o.            |
[   15.015647] cloud-init[694]: |  o.+            |
[   15.016649] cloud-init[694]: | . +.+ o         |
[   15.032238] cloud-init[694]: |. = o.+ .        |
[   15.032841] cloud-init[694]: | B O.o .S        |
[   15.033414] cloud-init[694]: |+oO.X ..         |
[   15.033925] cloud-init[694]: |oo+O...          |
[   15.034566] cloud-init[694]: |=oooo=           |
[   15.035084] cloud-init[694]: |=E+=*oo          |
[   15.035593] cloud-init[694]: +----[SHA256]-----+
[   15.036160] cloud-init[694]: Generating public/private ecdsa key pair.
[   15.036776] cloud-init[694]: Your identification has been saved in /etc/ssh/ssh_host_ecdsa_key.
[   15.037658] cloud-init[694]: Your public key has been saved in /etc/ssh/ssh_host_ecdsa_key.pub.
[   15.038565] cloud-init[694]: The key fingerprint is:
[   15.039143] cloud-init[694]: SHA256:cD42CDiYTuz1lEreAgrFwpm4B1WzpbKXYMCxEaFkEQs root@ubuntu-bionic
[   15.040017] cloud-init[694]: The key's randomart image is:
[   15.040705] cloud-init[694]: +---[ECDSA 256]---+
[   15.041049] cloud-init[694]: |E%@.o .          |
[   15.041656] cloud-init[694]: |XX=. =.          |
[   15.042241] cloud-init[694]: |=X*o+o. .        |
[   15.042740] cloud-init[694]: |B.*==o =         |
[   15.043167] cloud-init[694]: |.+.+oo. S        |
[   15.043585] cloud-init[694]: |   ..  . o       |
[   15.044009] cloud-init[694]: |                 |
[   15.044488] cloud-init[694]: |                 |
[   15.044928] cloud-init[694]: |                 |
[   15.045375] cloud-init[694]: +----[SHA256]-----+
[   15.045885] cloud-init[694]: Generating public/private ed25519 key pair.
[   15.046647] cloud-init[694]: Your identification has been saved in /etc/ssh/ssh_host_ed25519_key.
[   15.047640] cloud-init[694]: Your public key has been saved in /etc/ssh/ssh_host_ed25519_key.pub.
[   15.048528] cloud-init[694]: The key fingerprint is:
[   15.049145] cloud-init[694]: SHA256:cOgxcfjlq7sgEYrxP0wbZvQsTI32a4GWlFJ+230lwPw root@ubuntu-bionic
[   15.049980] cloud-init[694]: The key's randomart image is:
[   15.050525] cloud-init[694]: +--[ED25519 256]--+
[   15.050955] cloud-init[694]: |    . ...o.      |
[   15.051412] cloud-init[694]: |   o +.+  +.     |
[   15.051851] cloud-init[694]: |. . X B..o .. .  |
[   15.052368] cloud-init[694]: | + O X B... Eo   |
[   15.052805] cloud-init[694]: |. o % B S ...    |
[   15.053230] cloud-init[694]: |   B = o  ..     |
[   15.053645] cloud-init[694]: |    * +  .       |
[   15.054065] cloud-init[694]: |     + ..        |
[   15.054514] cloud-init[694]: |        oo       |
[   15.056249] cloud-init[694]: +----[SHA256]-----+
[[0;32m  OK  [0m] Started Regular background program processing daemon.
         Starting System Logging Service...
         Starting LSB: automatic crash report generation...
         Starting Login Service...
[[0;32m  OK  [0m] Started irqbalance daemon.
         Starting Pollinate to seed the pseudo random number generator...
         Starting Accounts Service...
         Starting Permit User Sessions...
[[0;32m  OK  [0m] Started D-Bus System Message Bus.
[[0;32m  OK  [0m] Started Login Service.
[[0;32m  OK  [0m] Started Unattended Upgrades Shutdown.
[[0;32m  OK  [0m] Started Deferred execution scheduler.
         Starting LSB: Record successful boot for GRUB...
         Starting Snappy daemon...
[[0;32m  OK  [0m] Started System Logging Service.
[[0;32m  OK  [0m] Started Availability of block devices.
[[0;32m  OK  [0m] Started LXD - container startup/shutdown.
[[0;32m  OK  [0m] Started Permit User Sessions.
[[0;32m  OK  [0m] Started Dispatcher daemon for systemd-networkd.
         Starting Authorization Manager...
         Starting Terminate Plymouth Boot Screen...
         Starting Hold until boot process finishes up...
[[0;32m  OK  [0m] Started Terminate Plymouth Boot Screen.
[[0;32m  OK  [0m] Started Hold until boot process finishes up.
         Starting Set console scheme...
[[0;32m  OK  [0m] Started Serial Getty on ttyS0.
[[0;32m  OK  [0m] Started Authorization Manager.
[[0;32m  OK  [0m] Started Accounts Service.
[[0;32m  OK  [0m] Started LSB: Record successful boot for GRUB.
[[0;32m  OK  [0m] Started LSB: automatic crash report generation.
[[0;32m  OK  [0m] Started Set console scheme.
[[0;32m  OK  [0m] Started Virtualbox guest utils.
[[0;32m  OK  [0m] Created slice system-getty.slice.
[[0;32m  OK  [0m] Started Getty on tty1.
[[0;32m  OK  [0m] Reached target Login Prompts.
[[0;32m  OK  [0m] Started Snappy daemon.
         Starting Wait until snapd is fully seeded...
[[0;32m  OK  [0m] Started Pollinate to seed the pseudo random number generator.
         Starting OpenBSD Secure Shell server...
[[0;32m  OK  [0m] Started OpenBSD Secure Shell server.
[[0;32m  OK  [0m] Created slice User Slice of vagrant.
         Starting User Manager for UID 1000...
[[0;32m  OK  [0m] Started Session 1 of user vagrant.
[[0;32m  OK  [0m] Started User Manager for UID 1000.
[[0;32m  OK  [0m] Started Wait until snapd is fully seeded.
         Starting Apply the settings specified in cloud-config...
[[0;32m  OK  [0m] Reached target Multi-User System.
[[0;32m  OK  [0m] Reached target Graphical Interface.
         Starting Update UTMP about System Runlevel Changes...
[[0;32m  OK  [0m] Started Update UTMP about System Runlevel Changes.
[   17.867383] cloud-init[1415]: Cloud-init v. 19.4-33-gbb4131a2-0ubuntu1~18.04.1 running 'modules:config' at Tue, 10 Mar 2020 12:08:23 +0000. Up 17.51 seconds.
[[0;32m  OK  [0m] Started Apply the settings specified in cloud-config.
         Starting Execute cloud user/final scripts...
ci-info: no authorized SSH keys fingerprints found for user ubuntu.
<14>Mar 10 12:08:23 ec2: 
<14>Mar 10 12:08:23 ec2: #############################################################
<14>Mar 10 12:08:23 ec2: -----BEGIN SSH HOST KEY FINGERPRINTS-----
<14>Mar 10 12:08:23 ec2: 1024 SHA256:qs+wOIVYt2J8aH2FycDkq8Yo9FHoxOjWO6Uvq6z9IuI root@ubuntu-bionic (DSA)
<14>Mar 10 12:08:23 ec2: 256 SHA256:cD42CDiYTuz1lEreAgrFwpm4B1WzpbKXYMCxEaFkEQs root@ubuntu-bionic (ECDSA)
<14>Mar 10 12:08:23 ec2: 256 SHA256:cOgxcfjlq7sgEYrxP0wbZvQsTI32a4GWlFJ+230lwPw root@ubuntu-bionic (ED25519)
<14>Mar 10 12:08:23 ec2: 2048 SHA256:nM6XcxspSSzkd8RGJ4zn3qo8BrTKCYyB+kAQ48t57zA root@ubuntu-bionic (RSA)
<14>Mar 10 12:08:23 ec2: -----END SSH HOST KEY FINGERPRINTS-----
<14>Mar 10 12:08:23 ec2: #############################################################
-----BEGIN SSH HOST KEY KEYS-----
ecdsa-sha2-nistp256 AAAAE2VjZHNhLXNoYTItbmlzdHAyNTYAAAAIbmlzdHAyNTYAAABBBF4GS+CNmmgzPJEXUWpP3VTBfuvYactKGYQummsk9c99T9rzn9CWWT/OQltXbr3QrMPa9sRR2YJ10Yi0mr78AIY= root@ubuntu-bionic
ssh-ed25519 AAAAC3NzaC1lZDI1NTE5AAAAINTQkOf50ChP+1E0csRQcYl7OB1+WXQt3gdYQHPPW1Ct root@ubuntu-bionic
ssh-rsa AAAAB3NzaC1yc2EAAAADAQABAAABAQChpb+TkDRYQFe0RxYZa3tBHaa9oZcHTj8GYCh54MLu8XmaQWi3XKoTkgMbjQw1RSHyghrY0IUZGXm5Fm9jk+FyRS2pSQg6SHT907FayzPnIS8um0hU3LCYDHWQhgQArpB5GBXvcyHsmiBroh8toniFXXlLoZWGPeOh8RIUbrB20qOYW18fkGdNAc5O82wOdoHNc5NgUYE+betAme4J226B5kDk4uqoC2WtGd6FXzo4kfLm1OHsnyULiY7LaW6bG/QXMsRoFc2kuSBhpqsNlEVMg4mpuamTnKPJLoS9yLcYBOzp2+R4ISJjNdXlWFE25YvOTKaS6fsjzbzNtOHSLxEN root@ubuntu-bionic
-----END SSH HOST KEY KEYS-----
[   18.238077] cloud-init[1528]: Cloud-init v. 19.4-33-gbb4131a2-0ubuntu1~18.04.1 running 'modules:final' at Tue, 10 Mar 2020 12:08:23 +0000. Up 18.13 seconds.
[   18.252511] cloud-init[1528]: ci-info: no authorized SSH keys fingerprints found for user ubuntu.
[   18.264276] cloud-init[1528]: Cloud-init v. 19.4-33-gbb4131a2-0ubuntu1~18.04.1 finished at Tue, 10 Mar 2020 12:08:23 +0000. Datasource DataSourceNoCloud [seed=/dev/sdb][dsmode=net].  Up 18.23 seconds
[[0;32m  OK  [0m] Started Execute cloud user/final scripts.
[[0;32m  OK  [0m] Reached target Cloud-init target.

Ubuntu 18.04.4 LTS ubuntu-bionic ttyS0

ubuntu-bionic login: 