[    0.000000] Linux version 4.15.0-88-generic (buildd@lgw01-amd64-036) (gcc version 7.4.0 (Ubuntu 7.4.0-1ubuntu1~18.04.1)) #88-Ubuntu SMP Tue Feb 11 20:11:34 UTC 2020 (Ubuntu 4.15.0-88.88-generic 4.15.18)
[    0.000000] Command line: BOOT_IMAGE=/boot/vmlinuz-4.15.0-88-generic root=LABEL=cloudimg-rootfs ro console=tty1 console=ttyS0
[    0.000000] KERNEL supported cpus:
[    0.000000]   Intel GenuineIntel
[    0.000000]   AMD AuthenticAMD
[    0.000000]   Centaur CentaurHauls
[    0.000000] x86/fpu: Supporting XSAVE feature 0x001: 'x87 floating point registers'
[    0.000000] x86/fpu: Supporting XSAVE feature 0x002: 'SSE registers'
[    0.000000] x86/fpu: Supporting XSAVE feature 0x004: 'AVX registers'
[    0.000000] x86/fpu: xstate_offset[2]:  576, xstate_sizes[2]:  256
[    0.000000] x86/fpu: Enabled xstate features 0x7, context size is 832 bytes, using 'standard' format.
[    0.000000] e820: BIOS-provided physical RAM map:
[    0.000000] BIOS-e820: [mem 0x0000000000000000-0x000000000009fbff] usable
[    0.000000] BIOS-e820: [mem 0x000000000009fc00-0x000000000009ffff] reserved
[    0.000000] BIOS-e820: [mem 0x00000000000f0000-0x00000000000fffff] reserved
[    0.000000] BIOS-e820: [mem 0x0000000000100000-0x00000000dffeffff] usable
[    0.000000] BIOS-e820: [mem 0x00000000dfff0000-0x00000000dfffffff] ACPI data
[    0.000000] BIOS-e820: [mem 0x00000000fec00000-0x00000000fec00fff] reserved
[    0.000000] BIOS-e820: [mem 0x00000000fee00000-0x00000000fee00fff] reserved
[    0.000000] BIOS-e820: [mem 0x00000000fffc0000-0x00000000ffffffff] reserved
[    0.000000] BIOS-e820: [mem 0x0000000100000000-0x000000011fffffff] usable
[    0.000000] NX (Execute Disable) protection: active
[    0.000000] SMBIOS 2.5 present.
[    0.000000] DMI: innotek GmbH VirtualBox/VirtualBox, BIOS VirtualBox 12/01/2006
[    0.000000] Hypervisor detected: KVM
[    0.000000] e820: last_pfn = 0x120000 max_arch_pfn = 0x400000000
[    0.000000] MTRR: Disabled
[    0.000000] x86/PAT: MTRRs disabled, skipping PAT initialization too.
[    0.000000] CPU MTRRs all blank - virtualized system.
[    0.000000] x86/PAT: Configuration [0-7]: WB  WT  UC- UC  WB  WT  UC- UC  
[    0.000000] e820: last_pfn = 0xdfff0 max_arch_pfn = 0x400000000
[    0.000000] found SMP MP-table at [mem 0x0009fff0-0x0009ffff]
[    0.000000] Scanning 1 areas for low memory corruption
[    0.000000] RAMDISK: [mem 0x35a6d000-0x36d2dfff]
[    0.000000] ACPI: Early table checksum verification disabled
[    0.000000] ACPI: RSDP 0x00000000000E0000 000024 (v02 VBOX  )
[    0.000000] ACPI: XSDT 0x00000000DFFF0030 00003C (v01 VBOX   VBOXXSDT 00000001 ASL  00000061)
[    0.000000] ACPI: FACP 0x00000000DFFF00F0 0000F4 (v04 VBOX   VBOXFACP 00000001 ASL  00000061)
[    0.000000] ACPI: DSDT 0x00000000DFFF0480 002325 (v02 VBOX   VBOXBIOS 00000002 INTL 20100528)
[    0.000000] ACPI: FACS 0x00000000DFFF0200 000040
[    0.000000] ACPI: FACS 0x00000000DFFF0200 000040
[    0.000000] ACPI: APIC 0x00000000DFFF0240 00006C (v02 VBOX   VBOXAPIC 00000001 ASL  00000061)
[    0.000000] ACPI: SSDT 0x00000000DFFF02B0 0001CC (v01 VBOX   VBOXCPUT 00000002 INTL 20100528)
[    0.000000] No NUMA configuration found
[    0.000000] Faking a node at [mem 0x0000000000000000-0x000000011fffffff]
[    0.000000] NODE_DATA(0) allocated [mem 0x11ffd1000-0x11fffbfff]
[    0.000000] kvm-clock: cpu 0, msr 1:1ff50001, primary cpu clock
[    0.000000] kvm-clock: Using msrs 4b564d01 and 4b564d00
[    0.000000] kvm-clock: using sched offset of 3352623457 cycles
[    0.000000] clocksource: kvm-clock: mask: 0xffffffffffffffff max_cycles: 0x1cd42e4dffb, max_idle_ns: 881590591483 ns
[    0.000000] Zone ranges:
[    0.000000]   DMA      [mem 0x0000000000001000-0x0000000000ffffff]
[    0.000000]   DMA32    [mem 0x0000000001000000-0x00000000ffffffff]
[    0.000000]   Normal   [mem 0x0000000100000000-0x000000011fffffff]
[    0.000000]   Device   empty
[    0.000000] Movable zone start for each node
[    0.000000] Early memory node ranges
[    0.000000]   node   0: [mem 0x0000000000001000-0x000000000009efff]
[    0.000000]   node   0: [mem 0x0000000000100000-0x00000000dffeffff]
[    0.000000]   node   0: [mem 0x0000000100000000-0x000000011fffffff]
[    0.000000] Reserved but unavailable: 98 pages
[    0.000000] Initmem setup node 0 [mem 0x0000000000001000-0x000000011fffffff]
[    0.000000] ACPI: PM-Timer IO Port: 0x4008
[    0.000000] IOAPIC[0]: apic_id 4, version 32, address 0xfec00000, GSI 0-23
[    0.000000] ACPI: INT_SRC_OVR (bus 0 bus_irq 0 global_irq 2 dfl dfl)
[    0.000000] ACPI: INT_SRC_OVR (bus 0 bus_irq 9 global_irq 9 low level)
[    0.000000] Using ACPI (MADT) for SMP configuration information
[    0.000000] smpboot: Allowing 4 CPUs, 0 hotplug CPUs
[    0.000000] PM: Registered nosave memory: [mem 0x00000000-0x00000fff]
[    0.000000] PM: Registered nosave memory: [mem 0x0009f000-0x0009ffff]
[    0.000000] PM: Registered nosave memory: [mem 0x000a0000-0x000effff]
[    0.000000] PM: Registered nosave memory: [mem 0x000f0000-0x000fffff]
[    0.000000] PM: Registered nosave memory: [mem 0xdfff0000-0xdfffffff]
[    0.000000] PM: Registered nosave memory: [mem 0xe0000000-0xfebfffff]
[    0.000000] PM: Registered nosave memory: [mem 0xfec00000-0xfec00fff]
[    0.000000] PM: Registered nosave memory: [mem 0xfec01000-0xfedfffff]
[    0.000000] PM: Registered nosave memory: [mem 0xfee00000-0xfee00fff]
[    0.000000] PM: Registered nosave memory: [mem 0xfee01000-0xfffbffff]
[    0.000000] PM: Registered nosave memory: [mem 0xfffc0000-0xffffffff]
[    0.000000] e820: [mem 0xe0000000-0xfebfffff] available for PCI devices
[    0.000000] Booting paravirtualized kernel on KVM
[    0.000000] clocksource: refined-jiffies: mask: 0xffffffff max_cycles: 0xffffffff, max_idle_ns: 7645519600211568 ns
[    0.000000] random: get_random_bytes called from start_kernel+0x99/0x4fd with crng_init=0
[    0.000000] setup_percpu: NR_CPUS:8192 nr_cpumask_bits:4 nr_cpu_ids:4 nr_node_ids:1
[    0.000000] percpu: Embedded 45 pages/cpu s147456 r8192 d28672 u524288
[    0.000000] PV qspinlock hash table entries: 256 (order: 0, 4096 bytes)
[    0.000000] Built 1 zonelists, mobility grouping on.  Total pages: 1032057
[    0.000000] Policy zone: Normal
[    0.000000] Kernel command line: BOOT_IMAGE=/boot/vmlinuz-4.15.0-88-generic root=LABEL=cloudimg-rootfs ro console=tty1 console=ttyS0
[    0.000000] Memory: 4013316K/4193848K available (12300K kernel code, 2481K rwdata, 4264K rodata, 2428K init, 2712K bss, 180532K reserved, 0K cma-reserved)
[    0.000000] SLUB: HWalign=64, Order=0-3, MinObjects=0, CPUs=4, Nodes=1
[    0.000000] ftrace: allocating 39344 entries in 154 pages
[    0.004000] Hierarchical RCU implementation.
[    0.004000] 	RCU restricting CPUs from NR_CPUS=8192 to nr_cpu_ids=4.
[    0.004000] 	Tasks RCU enabled.
[    0.004000] RCU: Adjusting geometry for rcu_fanout_leaf=16, nr_cpu_ids=4
[    0.004000] NR_IRQS: 524544, nr_irqs: 456, preallocated irqs: 16
[    0.004000] Console: colour VGA+ 80x25
[    0.004000] console [tty1] enabled
[    0.004000] console [ttyS0] enabled
[    0.004000] ACPI: Core revision 20170831
[    0.004000] ACPI: 2 ACPI AML tables successfully acquired and loaded
[    0.004000] APIC: Switch to symmetric I/O mode setup
[    0.004000] x2apic enabled
[    0.004000] Switched APIC routing to physical x2apic.
[    0.004000] ..TIMER: vector=0x30 apic1=0 pin1=2 apic2=-1 pin2=-1
[    0.004000] tsc: Detected 2592.006 MHz processor
[    0.004000] Calibrating delay loop (skipped) preset value.. 5184.01 BogoMIPS (lpj=10368024)
[    0.004003] pid_max: default: 32768 minimum: 301
[    0.004529] Security Framework initialized
[    0.004986] Yama: becoming mindful.
[    0.005398] AppArmor: AppArmor initialized
[    0.007552] Dentry cache hash table entries: 524288 (order: 10, 4194304 bytes)
[    0.008850] Inode-cache hash table entries: 262144 (order: 9, 2097152 bytes)
[    0.009627] Mount-cache hash table entries: 8192 (order: 4, 65536 bytes)
[    0.010337] Mountpoint-cache hash table entries: 8192 (order: 4, 65536 bytes)
[    0.012187] Last level iTLB entries: 4KB 64, 2MB 8, 4MB 8
[    0.012766] Last level dTLB entries: 4KB 64, 2MB 0, 4MB 0, 1GB 4
[    0.013406] Spectre V1 : Mitigation: usercopy/swapgs barriers and __user pointer sanitization
[    0.014335] Spectre V2 : Mitigation: Full generic retpoline
[    0.014929] Spectre V2 : Spectre v2 / SpectreRSB mitigation: Filling RSB on context switch
[    0.016001] Speculative Store Bypass: Vulnerable
[    0.016528] TAA: Mitigation: TSX disabled
[    0.017105] Freeing SMP alternatives memory: 36K
[    0.127069] smpboot: CPU0: Intel(R) Core(TM) i7-9850H CPU @ 2.60GHz (family: 0x6, model: 0x9e, stepping: 0xd)
[    0.128000] Performance Events: unsupported p6 CPU model 158 no PMU driver, software events only.
[    0.128000] Hierarchical SRCU implementation.
[    0.128000] NMI watchdog: Perf event create on CPU 0 failed with -2
[    0.128001] NMI watchdog: Perf NMI watchdog permanently disabled
[    0.128894] smp: Bringing up secondary CPUs ...
[    0.130337] x86: Booting SMP configuration:
[    0.130869] .... node  #0, CPUs:      #1
[    0.004000] kvm-clock: cpu 1, msr 1:1ff50041, secondary cpu clock
[    0.135275]  #2
[    0.004000] kvm-clock: cpu 2, msr 1:1ff50081, secondary cpu clock
[    0.138565]  #3
[    0.004000] kvm-clock: cpu 3, msr 1:1ff500c1, secondary cpu clock
[    0.142774] smp: Brought up 1 node, 4 CPUs
[    0.142774] smpboot: Max logical packages: 1
[    0.142774] smpboot: Total of 4 processors activated (20736.04 BogoMIPS)
[    0.144133] devtmpfs: initialized
[    0.144434] x86/mm: Memory block size: 128MB
[    0.145335] evm: security.selinux
[    0.145990] evm: security.SMACK64
[    0.146598] evm: security.SMACK64EXEC
[    0.148002] evm: security.SMACK64TRANSMUTE
[    0.148554] evm: security.SMACK64MMAP
[    0.149258] evm: security.apparmor
[    0.149687] evm: security.ima
[    0.150046] evm: security.capability
[    0.150551] clocksource: jiffies: mask: 0xffffffff max_cycles: 0xffffffff, max_idle_ns: 7645041785100000 ns
[    0.150551] futex hash table entries: 1024 (order: 4, 65536 bytes)
[    0.152047] pinctrl core: initialized pinctrl subsystem
[    0.152767] RTC time:  8:58:10, date: 03/17/20
[    0.153692] NET: Registered protocol family 16
[    0.156048] audit: initializing netlink subsys (disabled)
[    0.156784] audit: type=2000 audit(1584435495.879:1): state=initialized audit_enabled=0 res=1
[    0.157281] cpuidle: using governor ladder
[    0.157281] cpuidle: using governor menu
[    0.157281] ACPI: bus type PCI registered
[    0.160003] acpiphp: ACPI Hot Plug PCI Controller Driver version: 0.5
[    0.160907] PCI: Using configuration type 1 for base access
[    0.161785] HugeTLB registered 2.00 MiB page size, pre-allocated 0 pages
[    0.165005] ACPI: Added _OSI(Module Device)
[    0.165005] ACPI: Added _OSI(Processor Device)
[    0.165482] ACPI: Added _OSI(3.0 _SCP Extensions)
[    0.168003] ACPI: Added _OSI(Processor Aggregator Device)
[    0.169176] ACPI: Added _OSI(Linux-Dell-Video)
[    0.170008] ACPI: Added _OSI(Linux-Lenovo-NV-HDMI-Audio)
[    0.172002] ACPI: Added _OSI(Linux-HPI-Hybrid-Graphics)
[    0.172841] ACPI: Executed 1 blocks of module-level executable AML code
[    0.176290] ACPI: Interpreter enabled
[    0.176730] ACPI: (supports S0 S5)
[    0.177172] ACPI: Using IOAPIC for interrupt routing
[    0.178068] PCI: Using host bridge windows from ACPI; if necessary, use "pci=nocrs" and report a bug
[    0.179639] ACPI: Enabled 2 GPEs in block 00 to 07
[    0.185566] ACPI: PCI Root Bridge [PCI0] (domain 0000 [bus 00-ff])
[    0.186731] acpi PNP0A03:00: _OSC: OS supports [ASPM ClockPM Segments MSI]
[    0.188550] acpi PNP0A03:00: _OSC: not requesting OS control; OS requires [ExtendedConfig ASPM ClockPM MSI]
[    0.191124] acpi PNP0A03:00: fail to add MMCONFIG information, can't access extended PCI configuration space under this bridge.
[    0.192331] PCI host bridge to bus 0000:00
[    0.192909] pci_bus 0000:00: root bus resource [io  0x0000-0x0cf7 window]
[    0.193707] pci_bus 0000:00: root bus resource [io  0x0d00-0xffff window]
[    0.194863] pci_bus 0000:00: root bus resource [mem 0x000a0000-0x000bffff window]
[    0.196007] pci_bus 0000:00: root bus resource [mem 0xe0000000-0xfdffffff window]
[    0.197219] pci_bus 0000:00: root bus resource [bus 00-ff]
[    0.201000] pci 0000:00:01.1: legacy IDE quirk: reg 0x10: [io  0x01f0-0x01f7]
[    0.201902] pci 0000:00:01.1: legacy IDE quirk: reg 0x14: [io  0x03f6]
[    0.202604] pci 0000:00:01.1: legacy IDE quirk: reg 0x18: [io  0x0170-0x0177]
[    0.203429] pci 0000:00:01.1: legacy IDE quirk: reg 0x1c: [io  0x0376]
[    0.240797] pci 0000:00:07.0: quirk: [io  0x4000-0x403f] claimed by PIIX4 ACPI
[    0.241726] pci 0000:00:07.0: quirk: [io  0x4100-0x410f] claimed by PIIX4 SMB
[    0.251379] ACPI: PCI Interrupt Link [LNKA] (IRQs 5 9 10 *11)
[    0.252218] ACPI: PCI Interrupt Link [LNKB] (IRQs 5 9 *10 11)
[    0.253111] ACPI: PCI Interrupt Link [LNKC] (IRQs 5 *9 10 11)
[    0.253912] ACPI: PCI Interrupt Link [LNKD] (IRQs 5 9 10 *11)
[    0.254933] SCSI subsystem initialized
[    0.256035] pci 0000:00:02.0: vgaarb: setting as boot VGA device
[    0.256810] pci 0000:00:02.0: vgaarb: VGA device added: decodes=io+mem,owns=io+mem,locks=none
[    0.258189] pci 0000:00:02.0: vgaarb: bridge control possible
[    0.258189] vgaarb: loaded
[    0.258189] ACPI: bus type USB registered
[    0.258189] usbcore: registered new interface driver usbfs
[    0.258189] usbcore: registered new interface driver hub
[    0.260006] usbcore: registered new device driver usb
[    0.260023] EDAC MC: Ver: 3.0.0
[    0.264031] PCI: Using ACPI for IRQ routing
[    0.264709] NetLabel: Initializing
[    0.265161] NetLabel:  domain hash size = 128
[    0.265686] NetLabel:  protocols = UNLABELED CIPSOv4 CALIPSO
[    0.266350] NetLabel:  unlabeled traffic allowed by default
[    0.266350] clocksource: Switched to clocksource kvm-clock
[    0.274853] VFS: Disk quotas dquot_6.6.0
[    0.275665] VFS: Dquot-cache hash table entries: 512 (order 0, 4096 bytes)
[    0.276825] AppArmor: AppArmor Filesystem Enabled
[    0.277570] pnp: PnP ACPI init
[    0.278693] pnp: PnP ACPI: found 3 devices
[    1.003107] clocksource: acpi_pm: mask: 0xffffff max_cycles: 0xffffff, max_idle_ns: 2085701024 ns
[    1.004343] NET: Registered protocol family 2
[    1.005105] TCP established hash table entries: 32768 (order: 6, 262144 bytes)
[    1.006257] TCP bind hash table entries: 32768 (order: 7, 524288 bytes)
[    1.007935] TCP: Hash tables configured (established 32768 bind 32768)
[    1.008770] UDP hash table entries: 2048 (order: 4, 65536 bytes)
[    1.009643] UDP-Lite hash table entries: 2048 (order: 4, 65536 bytes)
[    1.010878] NET: Registered protocol family 1
[    1.011448] pci 0000:00:00.0: Limiting direct PCI/PCI transfers
[    1.012243] pci 0000:00:01.0: Activating ISA DMA hang workarounds
[    1.013065] pci 0000:00:02.0: Video device with shadowed ROM at [mem 0x000c0000-0x000dffff]
[    1.014405] Unpacking initramfs...
[    1.258099] Freeing initrd memory: 19204K
[    1.258766] PCI-DMA: Using software bounce buffering for IO (SWIOTLB)
[    1.259650] software IO TLB: mapped [mem 0xdbff0000-0xdfff0000] (64MB)
[    1.260678] clocksource: tsc: mask: 0xffffffffffffffff max_cycles: 0x255cbc978bf, max_idle_ns: 440795251759 ns
[    1.261952] platform rtc_cmos: registered platform RTC device (no PNP device found)
[    1.263023] Scanning for low memory corruption every 60 seconds
[    1.264467] Initialise system trusted keyrings
[    1.265090] Key type blacklist registered
[    1.266206] workingset: timestamp_bits=36 max_order=20 bucket_order=0
[    1.267719] zbud: loaded
[    1.268519] squashfs: version 4.0 (2009/01/31) Phillip Lougher
[    1.269754] fuse init (API version 7.26)
[    1.284689] Key type asymmetric registered
[    1.285253] Asymmetric key parser 'x509' registered
[    1.285939] Block layer SCSI generic (bsg) driver version 0.4 loaded (major 246)
[    1.287068] io scheduler noop registered
[    1.287695] io scheduler deadline registered
[    1.288379] io scheduler cfq registered (default)
[    1.289486] ACPI: AC Adapter [AC] (on-line)
[    1.290134] input: Power Button as /devices/LNXSYSTM:00/LNXPWRBN:00/input/input0
[    1.291158] ACPI: Power Button [PWRF]
[    1.291857] input: Sleep Button as /devices/LNXSYSTM:00/LNXSLPBN:00/input/input1
[    1.292881] ACPI: Sleep Button [SLPF]
[    1.294254] ACPI: Battery Slot [BAT0] (battery present)
[    1.295198] Serial: 8250/16550 driver, 32 ports, IRQ sharing enabled
[    1.316458] 00:02: ttyS0 at I/O 0x3f8 (irq = 4, base_baud = 115200) is a 16550A
[    1.320699] Linux agpgart interface v0.103
[    1.322533] loop: module loaded
[    1.323328] scsi host0: ata_piix
[    1.323881] scsi host1: ata_piix
[    1.324373] ata1: PATA max UDMA/33 cmd 0x1f0 ctl 0x3f6 bmdma 0xd000 irq 14
[    1.325118] ata2: PATA max UDMA/33 cmd 0x170 ctl 0x376 bmdma 0xd008 irq 15
[    1.325905] libphy: Fixed MDIO Bus: probed
[    1.326381] tun: Universal TUN/TAP device driver, 1.6
[    1.327185] PPP generic driver version 2.4.2
[    1.327758] ehci_hcd: USB 2.0 'Enhanced' Host Controller (EHCI) Driver
[    1.328733] ehci-pci: EHCI PCI platform driver
[    1.329236] ehci-platform: EHCI generic platform driver
[    1.329879] ohci_hcd: USB 1.1 'Open' Host Controller (OHCI) Driver
[    1.330532] ohci-pci: OHCI PCI platform driver
[    1.331025] ohci-platform: OHCI generic platform driver
[    1.331593] uhci_hcd: USB Universal Host Controller Interface driver
[    1.332516] i8042: PNP: PS/2 Controller [PNP0303:PS2K,PNP0f03:PS2M] at 0x60,0x64 irq 1,12
[    1.333763] serio: i8042 KBD port at 0x60,0x64 irq 1
[    1.334325] serio: i8042 AUX port at 0x60,0x64 irq 12
[    1.335011] mousedev: PS/2 mouse device common for all mice
[    1.337146] input: AT Translated Set 2 keyboard as /devices/platform/i8042/serio0/input/input2
[    1.338079] rtc_cmos rtc_cmos: rtc core: registered rtc_cmos as rtc0
[    1.338917] rtc_cmos rtc_cmos: alarms up to one day, 114 bytes nvram
[    1.339583] i2c /dev entries driver
[    1.340386] device-mapper: uevent: version 1.0.3
[    1.341051] device-mapper: ioctl: 4.37.0-ioctl (2017-09-20) initialised: dm-devel@redhat.com
[    1.342199] ledtrig-cpu: registered to indicate activity on CPUs
[    1.343234] NET: Registered protocol family 10
[    1.346773] Segment Routing with IPv6
[    1.347210] NET: Registered protocol family 17
[    1.347822] Key type dns_resolver registered
[    1.348767] mce: Using 0 MCE banks
[    1.349166] RAS: Correctable Errors collector initialized.
[    1.349763] sched_clock: Marking stable (1348749288, 0)->(1529985726, -181236438)
[    1.351092] registered taskstats version 1
[    1.351567] Loading compiled-in X.509 certificates
[    1.353790] Loaded X.509 cert 'Build time autogenerated kernel key: f0020782f0d3a548186fb3f47aed88387a71e859'
[    1.355259] zswap: loaded using pool lzo/zbud
[    1.369101] Key type big_key registered
[    1.369601] Key type trusted registered
[    1.371198] Key type encrypted registered
[    1.372043] AppArmor: AppArmor sha1 policy hashing enabled
[    1.372948] ima: No TPM chip found, activating TPM-bypass! (rc=-19)
[    1.374060] ima: Allocated hash algorithm: sha1
[    1.374855] evm: HMAC attrs: 0x1
[    1.375438]   Magic number: 12:547:978
[    1.375989] memory memory25: hash matches
[    1.376675] rtc_cmos rtc_cmos: setting system clock to 2020-03-17 08:58:11 UTC (1584435491)
[    1.377963] BIOS EDD facility v0.16 2004-Jun-25, 0 devices found
[    1.378785] EDD information not available.
[    1.521675] Freeing unused kernel image memory: 2428K
[    2.000667] Write protecting the kernel read-only data: 20480k
[    2.002204] Freeing unused kernel image memory: 2008K
[    2.003248] Freeing unused kernel image memory: 1880K
[    2.009951] x86/mm: Checked W+X mappings: passed, no W+X pages found.
Loading, please wait...
starting version 237
[    2.050711] Fusion MPT base driver 3.04.20
[    2.051519] Copyright (c) 1999-2008 LSI Corporation
[    2.052720] e1000: Intel(R) PRO/1000 Network Driver - version 7.3.21-k8-NAPI
[    2.053654] e1000: Copyright (c) 1999-2006 Intel Corporation.
[    2.057663] Fusion MPT SPI Host driver 3.04.20
[    2.066667] AVX2 version of gcm_enc/dec engaged.
[    2.067317] AES CTR mode by8 optimization enabled
[    2.262965] input: ImExPS/2 Generic Explorer Mouse as /devices/platform/i8042/serio1/input/input4
[    2.436083] e1000 0000:00:03.0 eth0: (PCI:33MHz:32-bit) 02:fa:82:eb:a2:e9
[    2.437030] e1000 0000:00:03.0 eth0: Intel(R) PRO/1000 Network Connection
[    2.438855] e1000 0000:00:03.0 enp0s3: renamed from eth0
[    2.440286] mptbase: ioc0: Initiating bringup
[    2.540563] ioc0: LSI53C1030 A0: Capabilities={Initiator}
[    2.782775] scsi host2: ioc0: LSI53C1030 A0, FwRev=00000000h, Ports=1, MaxQ=256, IRQ=20
[    2.949206] scsi 2:0:0:0: Direct-Access     VBOX     HARDDISK         1.0  PQ: 0 ANSI: 5
[    2.991753] scsi target2:0:0: Beginning Domain Validation
[    2.993930] scsi target2:0:0: Domain Validation skipping write tests
[    2.994638] scsi target2:0:0: Ending Domain Validation
[    2.995627] scsi target2:0:0: asynchronous
[    2.996308] scsi 2:0:1:0: Direct-Access     VBOX     HARDDISK         1.0  PQ: 0 ANSI: 5
[    3.477156] scsi target2:0:1: Beginning Domain Validation
[    3.479511] random: fast init done
[    3.480182] scsi target2:0:1: Domain Validation skipping write tests
[    3.481144] scsi target2:0:1: Ending Domain Validation
[    3.482129] scsi target2:0:1: asynchronous
[    3.485450] random: systemd-udevd: uninitialized urandom read (16 bytes read)
[    3.485542] sd 2:0:0:0: [sda] 20971520 512-byte logical blocks: (10.7 GB/10.0 GiB)
[    3.486290] random: systemd-udevd: uninitialized urandom read (16 bytes read)
[    3.487131] sd 2:0:0:0: [sda] Write Protect is off
[    3.487894] random: systemd-udevd: uninitialized urandom read (16 bytes read)
[    3.488628] sd 2:0:0:0: [sda] Incomplete mode parameter data
[    3.490126] sd 2:0:0:0: [sda] Assuming drive cache: write through
[    3.490971] sd 2:0:0:0: Attached scsi generic sg0 type 0
[    3.492170] sd 2:0:1:0: Attached scsi generic sg1 type 0
[    3.493575] sd 2:0:1:0: [sdb] 20480 512-byte logical blocks: (10.5 MB/10.0 MiB)
[    3.494795] sd 2:0:1:0: [sdb] Write Protect is off
[    3.499806] sd 2:0:1:0: [sdb] Incomplete mode parameter data
[    3.500710] sd 2:0:1:0: [sdb] Assuming drive cache: write through
[    3.502480]  sda: sda1
[    3.504245] sd 2:0:0:0: [sda] Attached SCSI disk
[    3.507937] sd 2:0:1:0: [sdb] Attached SCSI disk
Begin: Loading essential drivers ... [    5.080476] raid6: sse2x1   gen() 14269 MB/s
[    5.128242] raid6: sse2x1   xor()  8128 MB/s
[    5.176102] raid6: sse2x2   gen() 17323 MB/s
[    5.224397] raid6: sse2x2   xor() 11244 MB/s
[    5.272211] raid6: sse2x4   gen() 18570 MB/s
[    5.320601] raid6: sse2x4   xor() 11111 MB/s
[    5.368390] raid6: avx2x1   gen() 28132 MB/s
[    5.416185] raid6: avx2x1   xor() 16830 MB/s
[    5.464479] raid6: avx2x2   gen() 33629 MB/s
[    5.512297] raid6: avx2x2   xor() 21210 MB/s
[    5.560602] raid6: avx2x4   gen() 36928 MB/s
[    5.608897] raid6: avx2x4   xor() 22848 MB/s
[    5.609478] raid6: using algorithm avx2x4 gen() 36928 MB/s
[    5.610334] raid6: .... xor() 22848 MB/s, rmw enabled
[    5.611055] raid6: using avx2x2 recovery algorithm
[    5.612962] xor: automatically using best checksumming function   avx       
[    5.615136] async_tx: api initialized (async)
done.
Begin: Running /scripts/init-premount ... done.
Begin: Mounting root file system ... Begin: Running /scripts/local-top ... done.
Begin: Running /scripts/local-premount ... [    5.648086] Btrfs loaded, crc32c=crc32c-intel
Scanning for Btrfs filesystems
done.
Warning: fsck not present, so skipping root file system
[    5.679411] EXT4-fs (sda1): mounted filesystem with ordered data mode. Opts: (null)
done.
Begin: Running /scripts/local-bottom ... done.
Begin: Running /scripts/init-bottom ... done.
[    5.835029] ip_tables: (C) 2000-2006 Netfilter Core Team
[    5.841556] systemd[1]: systemd 237 running in system mode. (+PAM +AUDIT +SELINUX +IMA +APPARMOR +SMACK +SYSVINIT +UTMP +LIBCRYPTSETUP +GCRYPT +GNUTLS +ACL +XZ +LZ4 +SECCOMP +BLKID +ELFUTILS +KMOD -IDN2 +IDN -PCRE2 default-hierarchy=hybrid)
[    5.843807] systemd[1]: Detected virtualization oracle.
[    5.844420] systemd[1]: Detected architecture x86-64.

Welcome to [1mUbuntu 18.04.4 LTS[0m!

[    5.851550] systemd[1]: Set hostname to <ubuntu>.
[    5.855261] systemd[1]: Initializing machine ID from random generator.
[    5.856034] systemd[1]: Installed transient /etc/machine-id file.
[    6.142229] systemd[1]: Created slice System Slice.
[[0;32m  OK  [0m] Created slice System Slice.
[    6.153533] systemd[1]: Listening on Device-mapper event daemon FIFOs.
[[0;32m  OK  [0m] Listening on Device-mapper event daemon FIFOs.
[    6.164463] systemd[1]: Listening on Network Service Netlink Socket.
[[0;32m  OK  [0m] Listening on Network Service Netlink Socket.
[    6.165879] systemd[1]: Listening on /dev/initctl Compatibility Named Pipe.
[[0;32m  OK  [0m] Listening on /dev/initctl Compatibility Named Pipe.
[[0;32m  OK  [0m] Listening on udev Control Socket.
[[0;32m  OK  [0m] Created slice User and Session Slice.
[[0;32m  OK  [0m] Listening on Syslog Socket.
[[0;32m  OK  [0m] Started Forward Password Requests to Wall Directory Watch.
[[0;32m  OK  [0m] Listening on Journal Socket.
         Mounting Kernel Debug File System...
[[0;32m  OK  [0m] Reached target Slices.
[[0;32m  OK  [0m] Reached target System Time Synchronized.
[[0;32m  OK  [0m] Listening on udev Kernel Socket.
         Starting udev Coldplug all Devices...
         Starting Load Kernel Modules...
         Mounting Huge Pages File System...
[[0;32m  OK  [0m] Listening on LVM2 metadata daemon socket.
[[0;32m  OK  [0m] Listening on Journal Socket (/dev/log).
[[0;32m  OK  [0m] Reached target User and Group Name Lookups.
         Starting Uncomplicated firewall...
[[0;32m  OK  [0m] Listening on LVM2 poll daemon socket.
[[0;32m  OK  [0m] Set up automount Arbitrary Executabâ€¦rmats File System Automount Point.
[[0;32m  OK  [0m] Listening on Journal Audit Socket.
[    6.500141] Loading iSCSI transport class v2.0-870.
         Starting Journal Service...
         Starting Monitoring of LVM2 mirrorsâ€¦ng dmeventd or progress polling...
[[0;32m  OK  [0m] Created slice system-serial\x2dgetty.slice.
[[0;32m  OK  [0m] Reached target Swap.
         Mounting POSIX Message Queue File System...
[    6.509708] iscsi: registered transport (tcp)
         Starting Remount Root and Kernel File Systems...
[    6.523317] iscsi: registered transport (iser)
         Starting Set the console keyboard layout...
         Starting Create list of required stâ€¦ce nodes for the current kernel...
[[0;32m  OK  [0m] Mounted Kernel Debug File System.
[[0;32m  OK  [0m] Started Load Kernel Modules.
[[0;32m  OK  [0m] Started Journal Service.
[[0;32m  OK  [0m] Mounted Huge Pages File System.
[[0;32m  OK  [0m] Started Uncomplicated firewall.
[[0;32m  OK  [0m] Mounted POSIX Message Queue File System.
[[0;32m  OK  [0m] Started LVM2 metadata daemon.
[    6.580083] EXT4-fs (sda1): re-mounted. Opts: (null)
         Mounting Kernel Configuration File System...
         Starting Apply Kernel Variables...
         Mounting FUSE Control File System...
[[0;32m  OK  [0m] Started Monitoring of LVM2 mirrors,â€¦sing dmeventd or progress polling.
[[0;32m  OK  [0m] Started Remount Root and Kernel File Systems.
[[0;32m  OK  [0m] Started Create list of required staâ€¦vice nodes for the current kernel.
[[0;32m  OK  [0m] Started udev Coldplug all Devices.
[[0;32m  OK  [0m] Mounted Kernel Configuration File System.
[[0;32m  OK  [0m] Started Apply Kernel Variables.
[[0;32m  OK  [0m] Mounted FUSE Control File System.
         Starting Create Static Device Nodes in /dev...
         Starting Load/Save Random Seed...
         Starting Flush Journal to Persistent Storage...
[[0;32m  OK  [0m] Started Create Static Device Nodes in /dev.
[[0;32m  OK  [0m] Started Set the console keyboard layout.
[[0;32m  OK  [0m] Started Load/Save Random Seed.
         Starting udev Kernel Device Manager...
[[0;32m  OK  [0m] Reached target Local File Systems (Pre).
[[0;32m  OK  [0m] Reached target Local File Systems.
         Starting Tell Plymouth To Write Out Runtime Data...
         Starting Commit a transient machine-id on disk...
         Starting ebtables ruleset management...
         Starting Set console font and keymap...
         Starting AppArmor initialization...
[[0;32m  OK  [0m] Started udev Kernel Device Manager.
[[0;32m  OK  [0m] Started Dispatch Password Requests to Console Directory Watch.
[[0;32m  OK  [0m] Reached target Local Encrypted Volumes.
[[0;32m  OK  [0m] Started Tell Plymouth To Write Out Runtime Data.
[[0;32m  OK  [0m] Started Set console font and keymap.
[[0;32m  OK  [0m] Started Flush Journal to Persistent Storage.
[[0;32m  OK  [0m] Started Commit a transient machine-id on disk.
         Starting Create Volatile Files and Directories...
[[0;32m  OK  [0m] Started Create Volatile Files and Directories.
[[0;32m  OK  [0m] Found device /dev/ttyS0.
         Starting Update UTMP about System Boot/Shutdown...
[[0;32m  OK  [0m] Started Update UTMP about System Boot/Shutdown.
[[0;32m  OK  [0m] Started ebtables ruleset management.
[[0;32m  OK  [0m] Listening on Load/Save RF Kill Switch Status /dev/rfkill Watch.
[[0;32m  OK  [0m] Started AppArmor initialization.
         Starting Initial cloud-init job (pre-networking)...
[    8.044541] cloud-init[566]: Cloud-init v. 19.4-33-gbb4131a2-0ubuntu1~18.04.1 running 'init-local' at Tue, 17 Mar 2020 08:58:17 +0000. Up 7.80 seconds.
[[0;32m  OK  [0m] Started Initial cloud-init job (pre-networking).
[[0;32m  OK  [0m] Reached target Network (Pre).
         Starting Network Service...
[[0;32m  OK  [0m] Started Network Service.
         Starting Network Name Resolution...
         Starting Wait for Network to be Configured...
[[0;32m  OK  [0m] Started Network Name Resolution.
[[0;32m  OK  [0m] Reached target Host and Network Name Lookups.
[[0;32m  OK  [0m] Reached target Network.
[[0;32m  OK  [0m] Started Wait for Network to be Configured.
         Starting Initial cloud-init job (metadata service crawler)...
[    9.791689] cloud-init[683]: Cloud-init v. 19.4-33-gbb4131a2-0ubuntu1~18.04.1 running 'init' at Tue, 17 Mar 2020 08:58:19 +0000. Up 9.69 seconds.
[    9.804097] cloud-init[683]: ci-info: ++++++++++++++++++++++++++++++++++++++Net device info++++++++++++++++++++++++++++++++++++++
[    9.816329] cloud-init[683]: ci-info: +--------+------+----------------------------+---------------+--------+-------------------+
[    9.828128] cloud-init[683]: ci-info: | Device |  Up  |          Address           |      Mask     | Scope  |     Hw-Address    |
[    9.828825] cloud-init[683]: ci-info: +--------+------+----------------------------+---------------+--------+-------------------+
[    9.840315] cloud-init[683]: ci-info: | enp0s3 | True |         10.0.2.15          | 255.255.255.0 | global | 02:fa:82:eb:a2:e9 |
[    9.841348] cloud-init[683]: ci-info: | enp0s3 | True | fe80::fa:82ff:feeb:a2e9/64 |       .       |  link  | 02:fa:82:eb:a2:e9 |
[    9.842307] cloud-init[683]: ci-info: |   lo   | True |         127.0.0.1          |   255.0.0.0   |  host  |         .         |
[    9.843267] cloud-init[683]: ci-info: |   lo   | True |          ::1/128           |       .       |  host  |         .         |
[    9.844333] cloud-init[683]: ci-info: +--------+------+----------------------------+---------------+--------+-------------------+
[    9.845465] cloud-init[683]: ci-info: ++++++++++++++++++++++++++++Route IPv4 info+++++++++++++++++++++++++++++
[    9.846534] cloud-init[683]: ci-info: +-------+-------------+----------+-----------------+-----------+-------+
[    9.847418] cloud-init[683]: ci-info: | Route | Destination | Gateway  |     Genmask     | Interface | Flags |
[    9.848310] cloud-init[683]: ci-info: +-------+-------------+----------+-----------------+-----------+-------+
[    9.864598] cloud-init[683]: ci-info: |   0   |   0.0.0.0   | 10.0.2.2 |     0.0.0.0     |   enp0s3  |   UG  |
[    9.881009] cloud-init[683]: ci-info: |   1   |   10.0.2.0  | 0.0.0.0  |  255.255.255.0  |   enp0s3  |   U   |
[    9.881948] cloud-init[683]: ci-info: |   2   |   10.0.2.2  | 0.0.0.0  | 255.255.255.255 |   enp0s3  |   UH  |
[    9.882816] cloud-init[683]: ci-info: +-------+-------------+----------+-----------------+-----------+-------+
[    9.883682] cloud-init[683]: ci-info: +++++++++++++++++++Route IPv6 info+++++++++++++++++++
[    9.884433] cloud-init[683]: ci-info: +-------+-------------+---------+-----------+-------+
[    9.891385] cloud-init[683]: ci-info: | Route | Destination | Gateway | Interface | Flags |
[    9.900176] cloud-init[683]: ci-info: +-------+-------------+---------+-----------+-------+
[    9.912121] cloud-init[683]: ci-info: |   1   |  fe80::/64  |    ::   |   enp0s3  |   U   |
[    9.912777] cloud-init[683]: ci-info: |   3   |    local    |    ::   |   enp0s3  |   U   |
[    9.913443] cloud-init[683]: ci-info: |   4   |   ff00::/8  |    ::   |   enp0s3  |   U   |
[    9.928127] cloud-init[683]: ci-info: +-------+-------------+---------+-----------+-------+
[   10.611136] cloud-init[683]: Generating public/private rsa key pair.
[   10.611851] cloud-init[683]: Your identification has been saved in /etc/ssh/ssh_host_rsa_key.
[   10.624285] cloud-init[683]: Your public key has been saved in /etc/ssh/ssh_host_rsa_key.pub.
[   10.636981] cloud-init[683]: The key fingerprint is:
[[0;32m  OK  [0m] Started Initial cloud-init job (metadata service crawler).
[   10.927630] cloud-init[683]: SHA256:sqwDQQLOx3KuSr68bBgpbQsecDwSO2HicTPCG+guUPU root@ubuntu-bionic
[[0;32m  OK  [0m] Reached target Network is Online.
[   10.929555] cloud-init[683]: The key's randomart image is:
[   10.956282]          cloud-initStarting Availability of block devices...[683]: 
+---[RSA 2048]----+
[[   10.957190] [0;32m  OK  [0mcloud-init] [683]: Reached target Remote File Systems (Pre).|=  ..            |

[[0;32m  OK  [0m] Reached target Remote File Systems.
[   10.968227] cloud-init[683]: |O*++ .           |
[[0;32m  OK  [0m] Reached target Cloud-config availability.
[[   10.969743] [0;32m  OK  [0mcloud-init] [683]: Reached target System Initialization.|=%*+o E          |

[[   10.971653] [0;32m  OK  [0mcloud-init] [683]: Started Daily Cleanup of Temporary Directories.|*+X              |

[[0;32m  OK  [0m] Listening on ACPID Listen Socket.
[   10.984455] cloud-init[683]: |+* +  . S        |
[   10.985802] cloud-init[683]: |*o=  . o         |
[   10.986522]          cloud-initStarting LXD - unix socket.[683]: 
|=*.o  o          |
[[0;32m  OK  [0m] Started Daily apt download activities.
[   10.996699] cloud-init[683]: |Bo. ..           |
[[0;32m  OK  [0m] Started Daily apt upgrade and clean activities.
[   11.008326] cloud-init[683]: |o*o ..           |
[[0;32m  OK  [0m] Listening on D-Bus System Message Bus Socket.
[   11.252268] cloud-init[683]: +----[SHA256]-----+
[   11.254209] cloud-init[683]: Generating public/private dsa key pair.
[[0;32m  OK  [0m] Started ACPI Events Check.
[   11.264296] [cloud-init[0;32m  OK  [0m[683]: ] Your identification has been saved in /etc/ssh/ssh_host_dsa_key.Reached target Paths.

[   11.266855] [cloud-init[0;32m  OK  [0m[683]: ] Your public key has been saved in /etc/ssh/ssh_host_dsa_key.pub.Started Message of the Day.

[   11.266978] cloud-init[683]: The key fingerprint is:
[[0;32m  OK  [0m] Listening on UUID daemon activation socket.
[[   11.448739] [0;32m  OK  [0mcloud-init] [683]: Listening on Open-iSCSI iscsid Socket.SHA256:ljuYZT8SMKxjyLo8VrEk3KmukpFG5l4yWoib2klRKNA root@ubuntu-bionic

         Starting Socket activation for snappy daemon.
[   11.450403] cloud-init[683]: The key's randomart image is:
[[0;32m  OK  [0m] Started Discard unused blocks once a week.
[   11.451443] cloud-init[683]: +---[DSA 1024]----+
[[0;32m  OK  [0m] Reached target Timers.
[   11.452432] cloud-init[683]: |..               |
[[0;32m  OK  [0m] Started Availability of block devices.
[   11.453204] cloud-init[683]: |. E. .           |
[[0;32m  OK  [0m] Listening on LXD - unix socket.
[   11.454022] cloud-init[683]: |o o o +          |
[[0;32m  OK  [0m] Listening on Socket activation for snappy daemon.
[   11.454856] cloud-init[683]: | B B . o .       |
[[0;32m  OK  [0m] Reached target Sockets.
[[0;32m  OK  [0m] Reached target Basic System.
[   11.455853] cloud-init[683]: |=oB *   S        |
[[0;32m  OK  [0m] Started FUSE filesystem for LXC.
[   11.468184] cloud-init[683]: |=B.* . * +       |
[   11.469301] cloud-init[683]: |***   o + o      |
         Starting LSB: automatic crash report generation...
[   11.470609] cloud-init[683]: |BO .     o .     |
         Starting Login Service...
[   11.492255] cloud-init[683]: |O.+              |
[[0;32m  OK  [0m] Started D-Bus System Message Bus.
[   11.504480] cloud-init[683]: +----[SHA256]-----+
[   11.505230] cloud-init[683]: Generating public/private ecdsa key pair.
[   11.516145] cloud-init[683]: Your identification has been saved in /etc/ssh/ssh_host_ecdsa_key.
[   11.516672] cloud-init[683]: Your public key has been saved in /etc/ssh/ssh_host_ecdsa_key.pub.
[   11.517159] cloud-init[683]: The key fingerprint is:
[   11.517582] cloud-init[683]: SHA256:0n9Atg8zsqxLUVriwjoONiPShHwnTgSXuPyI4nAFNH0 root@ubuntu-bionic
[   11.518312] cloud-init[683]: The key's randomart image is:
[   11.518774] cloud-init[683]: +---[ECDSA 256]---+
[   11.519230] cloud-init[683]: | o+o.            |
[   11.519702] cloud-init[683]: | .+o. E          |
[   11.520213] cloud-init[683]: |. .o .. o o      |
[   11.520658] cloud-init[683]: |.+.... * o .     |
[   11.521176] cloud-init[683]: |o.+=o.= S *      |
[   11.521624] cloud-init[683]: |++=oo. + + *     |
[   11.522047] cloud-init[683]: |B=+.  . o . o    |
[   11.522453] cloud-init[683]: |++o. . .   .     |
[   11.522842] cloud-init[683]: |  .   o.         |
[   11.523238] cloud-init[683]: +----[SHA256]-----+
[   11.523627] cloud-init[683]: Generating public/private ed25519 key pair.
[   11.524256] cloud-init[683]: Your identification has been saved in /etc/ssh/ssh_host_ed25519_key.
[   11.524968] cloud-init[683]: Your public key has been saved in /etc/ssh/ssh_host_ed25519_key.pub.
[   11.525721] cloud-init[683]: The key fingerprint is:
[   11.526136] cloud-init[683]: SHA256:E0SmJUyCsni6Qka2cQ3FcRa4wiNRckYBECvgPSv3ewA root@ubuntu-bionic
[   11.526838] cloud-init[683]: The key's randomart image is:
[   11.527282] cloud-init[683]: +--[ED25519 256]--+
[   11.527677] cloud-init[683]: |=++B====*        |
[   11.528098] cloud-init[683]: |+o*. ++*         |
[   11.528486] cloud-init[683]: |++ooo o .        |
[   11.528865] cloud-init[683]: |+=.Eoo   .       |
[   11.529262] cloud-init[683]: |o+=o+   S        |
[   11.529672] cloud-init[683]: |.+o ..   .       |
[   11.530061] cloud-init[683]: |o.   ..          |
[   11.530453] cloud-init[683]: |o     ..         |
[   11.531020] cloud-init[683]: |.    ..          |
[   11.531420] cloud-init[683]: +----[SHA256]-----+
[[0;32m  OK  [0m] Started irqbalance daemon.
         Starting Permit User Sessions...
         Starting Snappy daemon...
         Starting Dispatcher daemon for systemd-networkd...
[[0;32m  OK  [0m] Started Deferred execution scheduler.
[[0;32m  OK  [0m] Started Regular background program processing daemon.
         Starting Virtualbox guest utils...
         Starting LSB: Record successful boot for GRUB...
         Starting System Logging Service...
         Starting Pollinate to seed the pseudo random number generator...
         Starting Accounts Service...
         Starting LXD - container startup/shutdown...
[[0;32m  OK  [0m] Started System Logging Service.
[[0;32m  OK  [0m] Started Permit User Sessions.
[[0;32m  OK  [0m] Started Login Service.
[[0;32m  OK  [0m] Started Unattended Upgrades Shutdown.
         Starting Terminate Plymouth Boot Screen...
         Starting Hold until boot process finishes up...
[[0;32m  OK  [0m] Started Hold until boot process finishes up.
[[0;32m  OK  [0m] Started Serial Getty on ttyS0.
         Starting Set console scheme...
[[0;32m  OK  [0m] Started Terminate Plymouth Boot Screen.
[[0;32m  OK  [0m] Started Set console scheme.
[[0;32m  OK  [0m] Created slice system-getty.slice.
[[0;32m  OK  [0m] Started Getty on tty1.
[[0;32m  OK  [0m] Reached target Login Prompts.
[[0;32m  OK  [0m] Started LSB: Record successful boot for GRUB.
[[0;32m  OK  [0m] Started LSB: automatic crash report generation.
[[0;32m  OK  [0m] Started Dispatcher daemon for systemd-networkd.
[[0;32m  OK  [0m] Started Virtualbox guest utils.
[[0;32m  OK  [0m] Started LXD - container startup/shutdown.
         Starting Authorization Manager...
[[0;32m  OK  [0m] Started Authorization Manager.
[[0;32m  OK  [0m] Started Accounts Service.
[[0;32m  OK  [0m] Started Snappy daemon.
         Starting Wait until snapd is fully seeded...
[[0;32m  OK  [0m] Started Pollinate to seed the pseudo random number generator.
         Starting OpenBSD Secure Shell server...
[[0;32m  OK  [0m] Started OpenBSD Secure Shell server.
[[0;32m  OK  [0m] Created slice User Slice of vagrant.
         Starting User Manager for UID 1000...
[[0;32m  OK  [0m] Started Session 1 of user vagrant.
[[0;32m  OK  [0m] Started User Manager for UID 1000.
[[0;32m  OK  [0m] Started Wait until snapd is fully seeded.
[[0;32m  OK  [0m] Reached target Multi-User System.
[[0;32m  OK  [0m] Reached target Graphical Interface.
         Starting Update UTMP about System Runlevel Changes...
         Starting Apply the settings specified in cloud-config...
[[0;32m  OK  [0m] Started Update UTMP about System Runlevel Changes.
[   13.955651] cloud-init[1367]: Cloud-init v. 19.4-33-gbb4131a2-0ubuntu1~18.04.1 running 'modules:config' at Tue, 17 Mar 2020 08:58:23 +0000. Up 13.51 seconds.
[[0;32m  OK  [0m] Started Apply the settings specified in cloud-config.
         Starting Execute cloud user/final scripts...
ci-info: no authorized SSH keys fingerprints found for user ubuntu.
<14>Mar 17 08:58:24 ec2: 
<14>Mar 17 08:58:24 ec2: #############################################################
<14>Mar 17 08:58:24 ec2: -----BEGIN SSH HOST KEY FINGERPRINTS-----
<14>Mar 17 08:58:24 ec2: 1024 SHA256:ljuYZT8SMKxjyLo8VrEk3KmukpFG5l4yWoib2klRKNA root@ubuntu-bionic (DSA)
<14>Mar 17 08:58:24 ec2: 256 SHA256:0n9Atg8zsqxLUVriwjoONiPShHwnTgSXuPyI4nAFNH0 root@ubuntu-bionic (ECDSA)
<14>Mar 17 08:58:24 ec2: 256 SHA256:E0SmJUyCsni6Qka2cQ3FcRa4wiNRckYBECvgPSv3ewA root@ubuntu-bionic (ED25519)
<14>Mar 17 08:58:24 ec2: 2048 SHA256:sqwDQQLOx3KuSr68bBgpbQsecDwSO2HicTPCG+guUPU root@ubuntu-bionic (RSA)
<14>Mar 17 08:58:24 ec2: -----END SSH HOST KEY FINGERPRINTS-----
<14>Mar 17 08:58:24 ec2: #############################################################
-----BEGIN SSH HOST KEY KEYS-----
ecdsa-sha2-nistp256 AAAAE2VjZHNhLXNoYTItbmlzdHAyNTYAAAAIbmlzdHAyNTYAAABBBA81xwQPrxSqmj6hklCoHfUo+rU6XpnEDRKiit7Kyl2MgjKkyI/9tyt6idr6Mil+1M+iWc75R9FYnqASHnV9r1E= root@ubuntu-bionic
ssh-ed25519 AAAAC3NzaC1lZDI1NTE5AAAAICDiO/cxMWrEFyn/bYnajmiMVbOodIIwWWXQZwjXqSQB root@ubuntu-bionic
ssh-rsa AAAAB3NzaC1yc2EAAAADAQABAAABAQCh8tcPCPXyqwWBxfk4+Lt1PM4PMbJbecQ+GT4oOxYo3739oeQRqG6Xv1Jw82mfO0Muc8WOWuC8pSbcVVO0UvulsH6KCNx+578TYCaMDRW3ikhePsKBAKlMrDxZX7ZADwArwoVu7faFhby4Cz7N7iB9/Eh8s9R8ddkRZBse8bkVoe//avtS8Hk6jYSEQHp01RNl/RBCPHDwx/qKFSM6NK7TzzrSxl0ENP/GLUS5Td8YjUNekG215Gan2e0dSgzofbUWrkHIF/ZE4Dy+H/b04FQEQ5AWIuuKrvyiFDu9wBQhyY7olvtm91FBputG0O8KAfB7ihCo1ZWjVYNiUSLRlthR root@ubuntu-bionic
-----END SSH HOST KEY KEYS-----
[   14.329565] cloud-init[1504]: Cloud-init v. 19.4-33-gbb4131a2-0ubuntu1~18.04.1 running 'modules:final' at Tue, 17 Mar 2020 08:58:24 +0000. Up 14.22 seconds.
[   14.340293] cloud-init[1504]: ci-info: no authorized SSH keys fingerprints found for user ubuntu.
[   14.352341] cloud-init[1504]: Cloud-init v. 19.4-33-gbb4131a2-0ubuntu1~18.04.1 finished at Tue, 17 Mar 2020 08:58:24 +0000. Datasource DataSourceNoCloud [seed=/dev/sdb][dsmode=net].  Up 14.32 seconds
[[0;32m  OK  [0m] Started Execute cloud user/final scripts.
[[0;32m  OK  [0m] Reached target Cloud-init target.

Ubuntu 18.04.4 LTS ubuntu-bionic ttyS0

ubuntu-bionic login: 